Archive member included because of file (symbol)

/opt/Freescale/KDS_v3/toolchain/bin/../lib/gcc/arm-none-eabi/4.8.4/../../../../arm-none-eabi/lib/armv7e-m/fpu/libg_s.a(lib_a-exit.o)
                              /opt/Freescale/KDS_v3/toolchain/bin/../lib/gcc/arm-none-eabi/4.8.4/../../../../arm-none-eabi/lib/armv7e-m/fpu/crt0.o (exit)
/opt/Freescale/KDS_v3/toolchain/bin/../lib/gcc/arm-none-eabi/4.8.4/../../../../arm-none-eabi/lib/armv7e-m/fpu/libg_s.a(lib_a-getchar.o)
                              ./source/main.o (getchar)
/opt/Freescale/KDS_v3/toolchain/bin/../lib/gcc/arm-none-eabi/4.8.4/../../../../arm-none-eabi/lib/armv7e-m/fpu/libg_s.a(lib_a-impure.o)
                              /opt/Freescale/KDS_v3/toolchain/bin/../lib/gcc/arm-none-eabi/4.8.4/../../../../arm-none-eabi/lib/armv7e-m/fpu/libg_s.a(lib_a-exit.o) (_global_impure_ptr)
/opt/Freescale/KDS_v3/toolchain/bin/../lib/gcc/arm-none-eabi/4.8.4/../../../../arm-none-eabi/lib/armv7e-m/fpu/libg_s.a(lib_a-init.o)
                              /opt/Freescale/KDS_v3/toolchain/bin/../lib/gcc/arm-none-eabi/4.8.4/../../../../arm-none-eabi/lib/armv7e-m/fpu/crt0.o (__libc_init_array)
/opt/Freescale/KDS_v3/toolchain/bin/../lib/gcc/arm-none-eabi/4.8.4/../../../../arm-none-eabi/lib/armv7e-m/fpu/libg_s.a(lib_a-memcpy-stub.o)
                              ./drivers/fsl_flash.o (memcpy)
/opt/Freescale/KDS_v3/toolchain/bin/../lib/gcc/arm-none-eabi/4.8.4/../../../../arm-none-eabi/lib/armv7e-m/fpu/libg_s.a(lib_a-memmove.o)
                              ./utilities/fsl_shell.o (memmove)
/opt/Freescale/KDS_v3/toolchain/bin/../lib/gcc/arm-none-eabi/4.8.4/../../../../arm-none-eabi/lib/armv7e-m/fpu/libg_s.a(lib_a-memset.o)
                              /opt/Freescale/KDS_v3/toolchain/bin/../lib/gcc/arm-none-eabi/4.8.4/../../../../arm-none-eabi/lib/armv7e-m/fpu/crt0.o (memset)
/opt/Freescale/KDS_v3/toolchain/bin/../lib/gcc/arm-none-eabi/4.8.4/../../../../arm-none-eabi/lib/armv7e-m/fpu/libg_s.a(lib_a-printf.o)
                              ./source/main.o (printf)
/opt/Freescale/KDS_v3/toolchain/bin/../lib/gcc/arm-none-eabi/4.8.4/../../../../arm-none-eabi/lib/armv7e-m/fpu/libg_s.a(lib_a-puts.o)
                              ./source/main.o (puts)
/opt/Freescale/KDS_v3/toolchain/bin/../lib/gcc/arm-none-eabi/4.8.4/../../../../arm-none-eabi/lib/armv7e-m/fpu/libg_s.a(lib_a-strlen.o)
                              ./utilities/fsl_str.o (strlen)
/opt/Freescale/KDS_v3/toolchain/bin/../lib/gcc/arm-none-eabi/4.8.4/../../../../arm-none-eabi/lib/armv7e-m/fpu/libg_s.a(lib_a-vfprintf.o)
                              /opt/Freescale/KDS_v3/toolchain/bin/../lib/gcc/arm-none-eabi/4.8.4/../../../../arm-none-eabi/lib/armv7e-m/fpu/libg_s.a(lib_a-printf.o) (_vfprintf_r)
/opt/Freescale/KDS_v3/toolchain/bin/../lib/gcc/arm-none-eabi/4.8.4/../../../../arm-none-eabi/lib/armv7e-m/fpu/libg_s.a(lib_a-vfprintf_i.o)
                              /opt/Freescale/KDS_v3/toolchain/bin/../lib/gcc/arm-none-eabi/4.8.4/../../../../arm-none-eabi/lib/armv7e-m/fpu/libg_s.a(lib_a-vfprintf.o) (_printf_i)
/opt/Freescale/KDS_v3/toolchain/bin/../lib/gcc/arm-none-eabi/4.8.4/../../../../arm-none-eabi/lib/armv7e-m/fpu/libg_s.a(lib_a-wbuf.o)
                              /opt/Freescale/KDS_v3/toolchain/bin/../lib/gcc/arm-none-eabi/4.8.4/../../../../arm-none-eabi/lib/armv7e-m/fpu/libg_s.a(lib_a-puts.o) (__swbuf_r)
/opt/Freescale/KDS_v3/toolchain/bin/../lib/gcc/arm-none-eabi/4.8.4/../../../../arm-none-eabi/lib/armv7e-m/fpu/libg_s.a(lib_a-wsetup.o)
                              /opt/Freescale/KDS_v3/toolchain/bin/../lib/gcc/arm-none-eabi/4.8.4/../../../../arm-none-eabi/lib/armv7e-m/fpu/libg_s.a(lib_a-puts.o) (__swsetup_r)
/opt/Freescale/KDS_v3/toolchain/bin/../lib/gcc/arm-none-eabi/4.8.4/../../../../arm-none-eabi/lib/armv7e-m/fpu/libg_s.a(lib_a-fflush.o)
                              /opt/Freescale/KDS_v3/toolchain/bin/../lib/gcc/arm-none-eabi/4.8.4/../../../../arm-none-eabi/lib/armv7e-m/fpu/libg_s.a(lib_a-wbuf.o) (_fflush_r)
/opt/Freescale/KDS_v3/toolchain/bin/../lib/gcc/arm-none-eabi/4.8.4/../../../../arm-none-eabi/lib/armv7e-m/fpu/libg_s.a(lib_a-findfp.o)
                              /opt/Freescale/KDS_v3/toolchain/bin/../lib/gcc/arm-none-eabi/4.8.4/../../../../arm-none-eabi/lib/armv7e-m/fpu/libg_s.a(lib_a-getchar.o) (__sinit)
/opt/Freescale/KDS_v3/toolchain/bin/../lib/gcc/arm-none-eabi/4.8.4/../../../../arm-none-eabi/lib/armv7e-m/fpu/libg_s.a(lib_a-fvwrite.o)
                              /opt/Freescale/KDS_v3/toolchain/bin/../lib/gcc/arm-none-eabi/4.8.4/../../../../arm-none-eabi/lib/armv7e-m/fpu/libg_s.a(lib_a-vfprintf.o) (__sfvwrite_r)
/opt/Freescale/KDS_v3/toolchain/bin/../lib/gcc/arm-none-eabi/4.8.4/../../../../arm-none-eabi/lib/armv7e-m/fpu/libg_s.a(lib_a-fwalk.o)
                              /opt/Freescale/KDS_v3/toolchain/bin/../lib/gcc/arm-none-eabi/4.8.4/../../../../arm-none-eabi/lib/armv7e-m/fpu/libg_s.a(lib_a-findfp.o) (_fwalk)
[...]
Memory Configuration

Name             Origin             Length             Attributes
m_interrupts     0x00000000         0x00000400         xr
m_flash_config   0x00000400         0x00000010         xr
m_text           0x00000410         0x000ffbf0         xr
m_data           0x1fff0000         0x00010000         rw
m_data_2         0x20000000         0x00010000         rw
*default*        0x00000000         0xffffffff

Linker script and memory map

LOAD /opt/Freescale/KDS_v3/toolchain/bin/../lib/gcc/arm-none-eabi/4.8.4/armv7e-m/fpu/crti.o
LOAD /opt/Freescale/KDS_v3/toolchain/bin/../lib/gcc/arm-none-eabi/4.8.4/armv7e-m/fpu/crtbegin.o
LOAD /opt/Freescale/KDS_v3/toolchain/bin/../lib/gcc/arm-none-eabi/4.8.4/../../../../arm-none-eabi/lib/armv7e-m/fpu/crt0.o
LOAD ./utilities/fsl_assert.o
LOAD ./utilities/fsl_debug_console.o
LOAD ./utilities/fsl_io.o
LOAD ./utilities/fsl_log.o
LOAD ./utilities/fsl_notifier.o
LOAD ./utilities/fsl_shell.o
LOAD ./utilities/fsl_str.o
LOAD ./startup/startup_MK22F12.o
LOAD ./source/main.o
LOAD ./drivers/fsl_adc16.o
LOAD ./drivers/fsl_clock.o
LOAD ./drivers/fsl_cmp.o
LOAD ./drivers/fsl_cmt.o
LOAD ./drivers/fsl_common.o
LOAD ./drivers/fsl_crc.o
LOAD ./drivers/fsl_dac.o
LOAD ./drivers/fsl_dmamux.o
LOAD ./drivers/fsl_dspi.o
LOAD ./drivers/fsl_dspi_edma.o
LOAD ./drivers/fsl_edma.o
LOAD ./drivers/fsl_ewm.o
LOAD ./drivers/fsl_flash.o
LOAD ./drivers/fsl_flexcan.o
LOAD ./drivers/fsl_ftm.o
LOAD ./drivers/fsl_gpio.o
LOAD ./drivers/fsl_i2c.o
LOAD ./drivers/fsl_i2c_edma.o
LOAD ./drivers/fsl_llwu.o
LOAD ./drivers/fsl_lptmr.o
LOAD ./drivers/fsl_pdb.o
LOAD ./drivers/fsl_pit.o
LOAD ./drivers/fsl_pmc.o
LOAD ./drivers/fsl_rcm.o
LOAD ./drivers/fsl_rtc.o
LOAD ./drivers/fsl_sdhc.o
LOAD ./drivers/fsl_sim.o
LOAD ./drivers/fsl_smc.o
LOAD ./drivers/fsl_sysmpu.o
LOAD ./drivers/fsl_uart.o
LOAD ./drivers/fsl_uart_edma.o
LOAD ./drivers/fsl_vref.o
LOAD ./board/board.o
LOAD ./board/clock_config.o
LOAD ./board/pin_mux.o
LOAD ./CMSIS/system_MK22F12.o
LOAD /opt/Freescale/KDS_v3/toolchain/bin/../lib/gcc/arm-none-eabi/4.8.4/../../../../arm-none-eabi/lib/armv7e-m/fpu/libstdc++_s.a
LOAD /opt/Freescale/KDS_v3/toolchain/bin/../lib/gcc/arm-none-eabi/4.8.4/../../../../arm-none-eabi/lib/armv7e-m/fpu/libm.a
START GROUP
LOAD /opt/Freescale/KDS_v3/toolchain/bin/../lib/gcc/arm-none-eabi/4.8.4/armv7e-m/fpu/libgcc.a
LOAD /opt/Freescale/KDS_v3/toolchain/bin/../lib/gcc/arm-none-eabi/4.8.4/../../../../arm-none-eabi/lib/armv7e-m/fpu/libg_s.a
LOAD /opt/Freescale/KDS_v3/toolchain/bin/../lib/gcc/arm-none-eabi/4.8.4/../../../../arm-none-eabi/lib/armv7e-m/fpu/libc_s.a
END GROUP
START GROUP
LOAD /opt/Freescale/KDS_v3/toolchain/bin/../lib/gcc/arm-none-eabi/4.8.4/armv7e-m/fpu/libgcc.a
LOAD /opt/Freescale/KDS_v3/toolchain/bin/../lib/gcc/arm-none-eabi/4.8.4/../../../../arm-none-eabi/lib/armv7e-m/fpu/libc_s.a
LOAD /opt/Freescale/KDS_v3/toolchain/bin/../lib/gcc/arm-none-eabi/4.8.4/../../../../arm-none-eabi/lib/armv7e-m/fpu/libnosys.a
END GROUP
START GROUP
LOAD /opt/Freescale/KDS_v3/toolchain/bin/../lib/gcc/arm-none-eabi/4.8.4/armv7e-m/fpu/libgcc.a
LOAD /opt/Freescale/KDS_v3/toolchain/bin/../lib/gcc/arm-none-eabi/4.8.4/../../../../arm-none-eabi/lib/armv7e-m/fpu/libc_s.a
LOAD /opt/Freescale/KDS_v3/toolchain/bin/../lib/gcc/arm-none-eabi/4.8.4/../../../../arm-none-eabi/lib/armv7e-m/fpu/libnosys.a
END GROUP
LOAD /opt/Freescale/KDS_v3/toolchain/bin/../lib/gcc/arm-none-eabi/4.8.4/armv7e-m/fpu/crtend.o
LOAD /opt/Freescale/KDS_v3/toolchain/bin/../lib/gcc/arm-none-eabi/4.8.4/armv7e-m/fpu/crtn.o
                0x00000400                HEAP_SIZE = DEFINED (__heap_size__)?__heap_size__:0x400
                0x00000400                STACK_SIZE = DEFINED (__stack_size__)?__stack_size__:0x400

.interrupts     0x00000000      0x400
                0x00000000                . = ALIGN (0x4)
 *(.isr_vector)
 .isr_vector    0x00000000      0x400 ./startup/startup_MK22F12.o
                0x00000000                __isr_vector
                0x00000400                . = ALIGN (0x4)

.flash_config   0x00000400       0x10
                0x00000400                . = ALIGN (0x4)
 *(.FlashConfig)
 .FlashConfig   0x00000400       0x10 ./startup/startup_MK22F12.o
                0x00000410                . = ALIGN (0x4)

.text           0x00000410     0x408c
                0x00000410                . = ALIGN (0x4)
 *(.text)
 .text          0x00000410       0x54 /opt/Freescale/KDS_v3/toolchain/bin/../lib/gcc/arm-none-eabi/4.8.4/armv7e-m/fpu/crtbegin.o
 .text          0x00000464       0x74 /opt/Freescale/KDS_v3/toolchain/bin/../lib/gcc/arm-none-eabi/4.8.4/../../../../arm-none-eabi/lib/armv7e-m/fpu/crt0.o
                0x00000464                _mainCRTStartup
                0x00000464                _start
 .text          0x000004d8      0x1c0 ./startup/startup_MK22F12.o
                0x000004d8                Reset_Handler
                0x00000520                DebugMon_Handler
                0x00000520                DMA_Error_DriverIRQHandler
                0x00000520                PIT0_IRQHandler
                0x00000520                CMP2_IRQHandler
                0x00000520                LLWU_IRQHandler
                0x00000520                I2S0_Tx_DriverIRQHandler
                0x00000520                SWI_IRQHandler
                0x00000520                ADC0_IRQHandler
                0x00000520                Reserved39_IRQHandler
                0x00000520                UsageFault_Handler
                0x00000520                CMT_IRQHandler
                0x00000520                DefaultISR
                0x00000520                UART5_ERR_DriverIRQHandler
                0x00000520                CMP1_IRQHandler
                0x00000520                Reserved71_IRQHandler
                0x00000520                PORTD_IRQHandler
                0x00000520                PORTB_IRQHandler
                0x00000520                UART2_ERR_DriverIRQHandler
                0x00000520                ADC1_IRQHandler
                0x00000520                PIT2_IRQHandler
                0x00000520                RTC_IRQHandler
                0x00000520                UART3_ERR_DriverIRQHandler
                0x00000520                PDB0_IRQHandler
                0x00000520                FTM1_IRQHandler
                0x00000520                PIT3_IRQHandler
                0x00000520                RTC_Seconds_IRQHandler
                0x00000520                MCG_IRQHandler
                0x00000520                FTFE_IRQHandler
                0x00000520                UART0_ERR_DriverIRQHandler
                0x00000520                Read_Collision_IRQHandler
                0x00000520                USBDCD_IRQHandler
                0x00000520                I2S0_Rx_DriverIRQHandler
                0x00000520                USB0_IRQHandler
                0x00000520                UART4_ERR_DriverIRQHandler
                0x00000520                WDOG_EWM_IRQHandler
                0x00000520                MemManage_Handler
                0x00000520                DAC0_IRQHandler
                0x00000520                Reserved46_IRQHandler
                0x00000520                PIT1_IRQHandler
                0x00000520                LVD_LVW_IRQHandler
                0x00000520                FTM0_IRQHandler
                0x00000520                PORTA_IRQHandler
                0x00000520                DAC1_IRQHandler
                0x00000520                MCM_IRQHandler
                0x00000520                FTM3_IRQHandler
                0x00000520                PORTE_IRQHandler
                0x00000520                FTM2_IRQHandler
                0x00000520                LPTMR0_IRQHandler
                0x00000520                BusFault_Handler
                0x00000520                UART1_ERR_DriverIRQHandler
                0x00000520                CMP0_IRQHandler
                0x00000520                PORTC_IRQHandler
                0x00000524                NMI_Handler
                0x00000528                HardFault_Handler
                0x0000052c                SVC_Handler
                0x00000530                PendSV_Handler
                0x00000534                SysTick_Handler
                0x00000538                DMA0_IRQHandler
                0x0000053c                DMA1_IRQHandler
                0x00000540                DMA2_IRQHandler
                0x00000544                DMA3_IRQHandler
                0x00000548                DMA4_IRQHandler
                0x0000054c                DMA5_IRQHandler
                0x00000550                DMA6_IRQHandler
                0x00000554                DMA7_IRQHandler
                0x00000558                DMA8_IRQHandler
                0x0000055c                DMA9_IRQHandler
                0x00000560                DMA10_IRQHandler
                0x00000564                DMA11_IRQHandler
                0x00000568                DMA12_IRQHandler
                0x0000056c                DMA13_IRQHandler
                0x00000570                DMA14_IRQHandler
                0x00000574                DMA15_IRQHandler
                0x00000578                DMA_Error_IRQHandler
                0x0000057c                I2C0_IRQHandler
                0x00000580                I2C1_IRQHandler
                0x00000584                SPI0_IRQHandler
                0x00000588                SPI1_IRQHandler
                0x0000058c                I2S0_Tx_IRQHandler
                0x00000590                I2S0_Rx_IRQHandler
                0x00000594                UART0_RX_TX_IRQHandler
                0x00000598                UART0_ERR_IRQHandler
                0x0000059c                UART1_RX_TX_IRQHandler
                0x000005a0                UART1_ERR_IRQHandler
                0x000005a4                UART2_RX_TX_IRQHandler
                0x000005a8                UART2_ERR_IRQHandler
                0x000005ac                UART3_RX_TX_IRQHandler
                0x000005b0                UART3_ERR_IRQHandler
                0x000005b4                SPI2_IRQHandler
                0x000005b8                UART4_RX_TX_IRQHandler
                0x000005bc                UART4_ERR_IRQHandler
                0x000005c0                UART5_RX_TX_IRQHandler
                0x000005c4                UART5_ERR_IRQHandler
                0x000005c8                I2C2_IRQHandler
                0x000005cc                CAN0_ORed_Message_buffer_IRQHandler
                0x000005d0                CAN0_Bus_Off_IRQHandler
                0x000005d4                CAN0_Error_IRQHandler
                0x000005d8                CAN0_Tx_Warning_IRQHandler
                0x000005dc                CAN0_Rx_Warning_IRQHandler
                0x000005e0                CAN0_Wake_Up_IRQHandler
                0x000005e4                SDHC_IRQHandler
 *(.text*)
 .text.__assert_func
                0x00000698       0x28 ./utilities/fsl_assert.o
                0x00000698                __assert_func
 .text.DbgConsole_Init
                0x000006c0       0x48 ./utilities/fsl_debug_console.o
                0x000006c0                DbgConsole_Init
 .text.DbgConsole_Printf
                0x00000708       0x68 ./utilities/fsl_debug_console.o
                0x00000708                DbgConsole_Printf
 .text.DbgConsole_RelocateLog
                0x00000770       0x60 ./utilities/fsl_debug_console.o
 .text._write   0x000007d0       0x40 ./utilities/fsl_debug_console.o
                0x000007d0                _write
 .text._read    0x00000810       0x2c ./utilities/fsl_debug_console.o
                0x00000810                _read
 .text.UART_EnableTx
                0x0000083c       0x40 ./utilities/fsl_io.o
 .text.UART_EnableRx
                0x0000087c       0x40 ./utilities/fsl_io.o
 .text.IO_Init  0x000008bc       0x8c ./utilities/fsl_io.o
                0x000008bc                IO_Init
 .text.IO_Transfer
                0x00000948       0x5c ./utilities/fsl_io.o
                0x00000948                IO_Transfer
 .text.LOG_Init
                0x000009a4       0x34 ./utilities/fsl_log.o
                0x000009a4                LOG_Init
 .text.LOG_Push
                0x000009d8       0x3c ./utilities/fsl_log.o
                0x000009d8                LOG_Push
 .text.LOG_Pop  0x00000a14       0x44 ./utilities/fsl_log.o
                0x00000a14                LOG_Pop
 .text.LOG_ReadLine
                0x00000a58       0xb8 ./utilities/fsl_log.o
                0x00000a58                LOG_ReadLine
 .text.LOG_ReadOneCharacter
                0x00000b10       0x28 ./utilities/fsl_log.o
 .text.ConvertRadixNumToString
                0x00000b38      0x118 ./utilities/fsl_str.o
 .text.StrFormatPrintf
                0x00000c50      0x394 ./utilities/fsl_str.o
                0x00000c50                StrFormatPrintf
 .text.GPIO_PortSet
                0x00000fe4       0x1c ./source/main.o
 .text.GPIO_SetPinsOutput
                0x00001000       0x18 ./source/main.o
 .text.GPIO_PortClear
                0x00001018       0x1c ./source/main.o
 .text.GPIO_ClearPinsOutput
                0x00001034       0x18 ./source/main.o
 .text.GPIO_PortToggle
                0x0000104c       0x1c ./source/main.o
 .text.main     0x00001068       0xf4 ./source/main.o
                0x00001068                main
 .text.CLOCK_GetMcgExtClkFreq
                0x0000115c       0x80 ./drivers/fsl_clock.o
 .text.CLOCK_GetFllExtRefClkFreq
                0x000011dc       0xc0 ./drivers/fsl_clock.o
 .text.CLOCK_GetInternalRefClkSelectFreq
                0x0000129c       0x44 ./drivers/fsl_clock.o
 .text.CLOCK_GetFllRefClkFreq
                0x000012e0       0x2c ./drivers/fsl_clock.o
 .text.CLOCK_GetPll0RefFreq
                0x0000130c       0x10 ./drivers/fsl_clock.o
 .text.CLOCK_GetBusClkFreq
                0x0000131c       0x28 ./drivers/fsl_clock.o
                0x0000131c                CLOCK_GetBusClkFreq
 .text.CLOCK_GetOutClkFreq
                0x00001344       0x64 ./drivers/fsl_clock.o
                0x00001344                CLOCK_GetOutClkFreq
 .text.CLOCK_GetFllFreq
                0x000013a8       0x74 ./drivers/fsl_clock.o
                0x000013a8                CLOCK_GetFllFreq
 .text.CLOCK_GetPll0Freq
                0x0000141c       0x78 ./drivers/fsl_clock.o
                0x0000141c                CLOCK_GetPll0Freq
 .text.DSPI_IsMaster
                0x00001494       0x1c ./drivers/fsl_dspi.o
 .text.DSPI_CommonIRQHandler
                0x000014b0       0x40 ./drivers/fsl_dspi.o
 .text.SPI0_DriverIRQHandler
                0x000014f0       0x3c ./drivers/fsl_dspi.o
                0x000014f0                SPI0_DriverIRQHandler
 .text.SPI1_DriverIRQHandler
                0x0000152c       0x3c ./drivers/fsl_dspi.o
                0x0000152c                SPI1_DriverIRQHandler
 .text.SPI2_DriverIRQHandler
                0x00001568       0x3c ./drivers/fsl_dspi.o
                0x00001568                SPI2_DriverIRQHandler
 .text.EDMA_HandleIRQ
                0x000015a4      0x15c ./drivers/fsl_edma.o
                0x000015a4                EDMA_HandleIRQ
 .text.DMA0_DriverIRQHandler
                0x00001700       0x18 ./drivers/fsl_edma.o
                0x00001700                DMA0_DriverIRQHandler
 .text.DMA1_DriverIRQHandler
                0x00001718       0x18 ./drivers/fsl_edma.o
                0x00001718                DMA1_DriverIRQHandler
 .text.DMA2_DriverIRQHandler
                0x00001730       0x18 ./drivers/fsl_edma.o
                0x00001730                DMA2_DriverIRQHandler
 .text.DMA3_DriverIRQHandler
                0x00001748       0x18 ./drivers/fsl_edma.o
                0x00001748                DMA3_DriverIRQHandler
 .text.DMA4_DriverIRQHandler
                0x00001760       0x18 ./drivers/fsl_edma.o
                0x00001760                DMA4_DriverIRQHandler
 .text.DMA5_DriverIRQHandler
                0x00001778       0x18 ./drivers/fsl_edma.o
                0x00001778                DMA5_DriverIRQHandler
 .text.DMA6_DriverIRQHandler
                0x00001790       0x18 ./drivers/fsl_edma.o
                0x00001790                DMA6_DriverIRQHandler
 .text.DMA7_DriverIRQHandler
                0x000017a8       0x18 ./drivers/fsl_edma.o
                0x000017a8                DMA7_DriverIRQHandler
 .text.DMA8_DriverIRQHandler
                0x000017c0       0x18 ./drivers/fsl_edma.o
                0x000017c0                DMA8_DriverIRQHandler
 .text.DMA9_DriverIRQHandler
                0x000017d8       0x18 ./drivers/fsl_edma.o
                0x000017d8                DMA9_DriverIRQHandler
 .text.DMA10_DriverIRQHandler
                0x000017f0       0x18 ./drivers/fsl_edma.o
                0x000017f0                DMA10_DriverIRQHandler
 .text.DMA11_DriverIRQHandler
                0x00001808       0x18 ./drivers/fsl_edma.o
                0x00001808                DMA11_DriverIRQHandler
 .text.DMA12_DriverIRQHandler
                0x00001820       0x18 ./drivers/fsl_edma.o
                0x00001820                DMA12_DriverIRQHandler
 .text.DMA13_DriverIRQHandler
                0x00001838       0x18 ./drivers/fsl_edma.o
                0x00001838                DMA13_DriverIRQHandler
 .text.DMA14_DriverIRQHandler
                0x00001850       0x18 ./drivers/fsl_edma.o
                0x00001850                DMA14_DriverIRQHandler
 .text.DMA15_DriverIRQHandler
                0x00001868       0x18 ./drivers/fsl_edma.o
                0x00001868                DMA15_DriverIRQHandler
 .text.CAN0_DriverIRQHandler
                0x00001880       0x48 ./drivers/fsl_flexcan.o
                0x00001880                CAN0_DriverIRQHandler
 .text.GPIO_PinWrite
                0x000018c8       0x34 ./drivers/fsl_gpio.o
 .text.GPIO_WritePinOutput
                0x000018fc       0x20 ./drivers/fsl_gpio.o
 .text.GPIO_PinInit
                0x0000191c       0x70 ./drivers/fsl_gpio.o
                0x0000191c                GPIO_PinInit
 .text.I2C_TransferCommonIRQHandler
                0x0000198c       0x50 ./drivers/fsl_i2c.o
 .text.I2C0_DriverIRQHandler
                0x000019dc       0x1c ./drivers/fsl_i2c.o
                0x000019dc                I2C0_DriverIRQHandler
 .text.I2C1_DriverIRQHandler
                0x000019f8       0x1c ./drivers/fsl_i2c.o
                0x000019f8                I2C1_DriverIRQHandler
 .text.I2C2_DriverIRQHandler
                0x00001a14       0x1c ./drivers/fsl_i2c.o
                0x00001a14                I2C2_DriverIRQHandler
 .text.SDHC_DriverIRQHandler
                0x00001a30       0x48 ./drivers/fsl_sdhc.o
                0x00001a30                SDHC_DriverIRQHandler
 .text.CLOCK_EnableClock
                0x00001a78       0x34 ./drivers/fsl_uart.o
 .text.UART_GetInstance
                0x00001aac       0x60 ./drivers/fsl_uart.o
                0x00001aac                UART_GetInstance
 .text.UART_Init
                0x00001b0c      0x2a4 ./drivers/fsl_uart.o
                0x00001b0c                UART_Init
 .text.UART_GetDefaultConfig
                0x00001db0       0x68 ./drivers/fsl_uart.o
                0x00001db0                UART_GetDefaultConfig
 .text.UART_GetStatusFlags
                0x00001e18       0x48 ./drivers/fsl_uart.o
                0x00001e18                UART_GetStatusFlags
 .text.UART_WriteBlocking
                0x00001e60       0x40 ./drivers/fsl_uart.o
                0x00001e60                UART_WriteBlocking
 .text.UART_ReadBlocking
                0x00001ea0       0xa4 ./drivers/fsl_uart.o
                0x00001ea0                UART_ReadBlocking
 .text.UART0_DriverIRQHandler
                0x00001f44       0x24 ./drivers/fsl_uart.o
                0x00001f44                UART0_DriverIRQHandler
 .text.UART0_RX_TX_DriverIRQHandler
                0x00001f68       0x10 ./drivers/fsl_uart.o
                0x00001f68                UART0_RX_TX_DriverIRQHandler
 .text.UART1_DriverIRQHandler
                0x00001f78       0x24 ./drivers/fsl_uart.o
                0x00001f78                UART1_DriverIRQHandler
 .text.UART1_RX_TX_DriverIRQHandler
                0x00001f9c       0x10 ./drivers/fsl_uart.o
                0x00001f9c                UART1_RX_TX_DriverIRQHandler
 .text.UART2_DriverIRQHandler
                0x00001fac       0x24 ./drivers/fsl_uart.o
                0x00001fac                UART2_DriverIRQHandler
 .text.UART2_RX_TX_DriverIRQHandler
                0x00001fd0       0x10 ./drivers/fsl_uart.o
                0x00001fd0                UART2_RX_TX_DriverIRQHandler
 .text.UART3_DriverIRQHandler
                0x00001fe0       0x24 ./drivers/fsl_uart.o
                0x00001fe0                UART3_DriverIRQHandler
 .text.UART3_RX_TX_DriverIRQHandler
                0x00002004       0x10 ./drivers/fsl_uart.o
                0x00002004                UART3_RX_TX_DriverIRQHandler
 .text.UART4_DriverIRQHandler
                0x00002014       0x24 ./drivers/fsl_uart.o
                0x00002014                UART4_DriverIRQHandler
 .text.UART4_RX_TX_DriverIRQHandler
                0x00002038       0x10 ./drivers/fsl_uart.o
                0x00002038                UART4_RX_TX_DriverIRQHandler
 .text.UART5_DriverIRQHandler
                0x00002048       0x24 ./drivers/fsl_uart.o
                0x00002048                UART5_DriverIRQHandler
 .text.UART5_RX_TX_DriverIRQHandler
                0x0000206c       0x10 ./drivers/fsl_uart.o
                0x0000206c                UART5_RX_TX_DriverIRQHandler
 .text.BOARD_InitDebugConsole
                0x0000207c       0x24 ./board/board.o
                0x0000207c                BOARD_InitDebugConsole
 .text.BOARD_BootClockRUN
                0x000020a0        0xc ./board/clock_config.o
                0x000020a0                BOARD_BootClockRUN
 .text.CLOCK_EnableClock
                0x000020ac       0x34 ./board/pin_mux.o
 .text.PORT_SetPinMux
                0x000020e0       0x38 ./board/pin_mux.o
 .text.BOARD_InitPins
                0x00002118      0x2fc ./board/pin_mux.o
                0x00002118                BOARD_InitPins
 .text.SystemInit
                0x00002414       0x3c ./CMSIS/system_MK22F12.o
                0x00002414                SystemInit
 .text.exit     0x00002450       0x28 /opt/Freescale/KDS_v3/toolchain/bin/../lib/gcc/arm-none-eabi/4.8.4/../../../../arm-none-eabi/lib/armv7e-m/fpu/libg_s.a(lib_a-exit.o)
                0x00002450                exit
 .text.getchar  0x00002478       0x24 /opt/Freescale/KDS_v3/toolchain/bin/../lib/gcc/arm-none-eabi/4.8.4/../../../../arm-none-eabi/lib/armv7e-m/fpu/libg_s.a(lib_a-getchar.o)
                0x00002478                getchar
 .text.__libc_init_array
                0x0000249c       0x4c /opt/Freescale/KDS_v3/toolchain/bin/../lib/gcc/arm-none-eabi/4.8.4/../../../../arm-none-eabi/lib/armv7e-m/fpu/libg_s.a(lib_a-init.o)
                0x0000249c                __libc_init_array
 .text.memset   0x000024e8       0x10 /opt/Freescale/KDS_v3/toolchain/bin/../lib/gcc/arm-none-eabi/4.8.4/../../../../arm-none-eabi/lib/armv7e-m/fpu/libg_s.a(lib_a-memset.o)
                0x000024e8                memset
 .text.printf   0x000024f8       0x30 /opt/Freescale/KDS_v3/toolchain/bin/../lib/gcc/arm-none-eabi/4.8.4/../../../../arm-none-eabi/lib/armv7e-m/fpu/libg_s.a(lib_a-printf.o)
                0x000024f8                printf
                0x000024f8                iprintf
 .text._puts_r  0x00002528       0xc0 /opt/Freescale/KDS_v3/toolchain/bin/../lib/gcc/arm-none-eabi/4.8.4/../../../../arm-none-eabi/lib/armv7e-m/fpu/libg_s.a(lib_a-puts.o)
                0x00002528                _puts_r
 .text.puts     0x000025e8       0x10 /opt/Freescale/KDS_v3/toolchain/bin/../lib/gcc/arm-none-eabi/4.8.4/../../../../arm-none-eabi/lib/armv7e-m/fpu/libg_s.a(lib_a-puts.o)
                0x000025e8                puts
 .text.strlen   0x000025f8       0x10 /opt/Freescale/KDS_v3/toolchain/bin/../lib/gcc/arm-none-eabi/4.8.4/../../../../arm-none-eabi/lib/armv7e-m/fpu/libg_s.a(lib_a-strlen.o)
                0x000025f8                strlen
 .text.__sfputc_r
                0x00002608       0x2c /opt/Freescale/KDS_v3/toolchain/bin/../lib/gcc/arm-none-eabi/4.8.4/../../../../arm-none-eabi/lib/armv7e-m/fpu/libg_s.a(lib_a-vfprintf.o)
 .text.__sfputs_r
                0x00002634       0x24 /opt/Freescale/KDS_v3/toolchain/bin/../lib/gcc/arm-none-eabi/4.8.4/../../../../arm-none-eabi/lib/armv7e-m/fpu/libg_s.a(lib_a-vfprintf.o)
                0x00002634                __sfputs_r
 .text._vfprintf_r
                0x00002658      0x208 /opt/Freescale/KDS_v3/toolchain/bin/../lib/gcc/arm-none-eabi/4.8.4/../../../../arm-none-eabi/lib/armv7e-m/fpu/libg_s.a(lib_a-vfprintf.o)
                0x00002658                _vfiprintf_r
                0x00002658                _vfprintf_r
 .text._printf_common
                0x00002860       0xe4 /opt/Freescale/KDS_v3/toolchain/bin/../lib/gcc/arm-none-eabi/4.8.4/../../../../arm-none-eabi/lib/armv7e-m/fpu/libg_s.a(lib_a-vfprintf_i.o)
                0x00002860                _printf_common
 .text._printf_i
                0x00002944      0x228 /opt/Freescale/KDS_v3/toolchain/bin/../lib/gcc/arm-none-eabi/4.8.4/../../../../arm-none-eabi/lib/armv7e-m/fpu/libg_s.a(lib_a-vfprintf_i.o)
                0x00002944                _printf_i
 .text.__swbuf_r
                0x00002b6c       0xa8 /opt/Freescale/KDS_v3/toolchain/bin/../lib/gcc/arm-none-eabi/4.8.4/../../../../arm-none-eabi/lib/armv7e-m/fpu/libg_s.a(lib_a-wbuf.o)
                0x00002b6c                __swbuf_r
 .text.__swsetup_r
                0x00002c14       0xdc /opt/Freescale/KDS_v3/toolchain/bin/../lib/gcc/arm-none-eabi/4.8.4/../../../../arm-none-eabi/lib/armv7e-m/fpu/libg_s.a(lib_a-wsetup.o)
                0x00002c14                __swsetup_r
 .text.__sflush_r
                0x00002cf0      0x106 /opt/Freescale/KDS_v3/toolchain/bin/../lib/gcc/arm-none-eabi/4.8.4/../../../../arm-none-eabi/lib/armv7e-m/fpu/libg_s.a(lib_a-fflush.o)
                0x00002cf0                __sflush_r
 *fill*         0x00002df6        0x2 
 .text._fflush_r
                0x00002df8       0x54 /opt/Freescale/KDS_v3/toolchain/bin/../lib/gcc/arm-none-eabi/4.8.4/../../../../arm-none-eabi/lib/armv7e-m/fpu/libg_s.a(lib_a-fflush.o)
                0x00002df8                _fflush_r
 .text.fflush   0x00002e4c       0x24 /opt/Freescale/KDS_v3/toolchain/bin/../lib/gcc/arm-none-eabi/4.8.4/../../../../arm-none-eabi/lib/armv7e-m/fpu/libg_s.a(lib_a-fflush.o)
                0x00002e4c                fflush
 .text._cleanup_r
                0x00002e70       0x32 /opt/Freescale/KDS_v3/toolchain/bin/../lib/gcc/arm-none-eabi/4.8.4/../../../../arm-none-eabi/lib/armv7e-m/fpu/libg_s.a(lib_a-findfp.o)
                0x00002e70                _cleanup_r
 *fill*         0x00002ea2        0x2 
 .text.std.isra.0
                0x00002ea4       0x48 /opt/Freescale/KDS_v3/toolchain/bin/../lib/gcc/arm-none-eabi/4.8.4/../../../../arm-none-eabi/lib/armv7e-m/fpu/libg_s.a(lib_a-findfp.o)
 .text.__sfmoreglue
                0x00002eec       0x2c /opt/Freescale/KDS_v3/toolchain/bin/../lib/gcc/arm-none-eabi/4.8.4/../../../../arm-none-eabi/lib/armv7e-m/fpu/libg_s.a(lib_a-findfp.o)
                0x00002eec                __sfmoreglue
 .text.__sinit  0x00002f18       0x60 /opt/Freescale/KDS_v3/toolchain/bin/../lib/gcc/arm-none-eabi/4.8.4/../../../../arm-none-eabi/lib/armv7e-m/fpu/libg_s.a(lib_a-findfp.o)
                0x00002f18                __sinit
 .text.__sfp    0x00002f78       0x74 /opt/Freescale/KDS_v3/toolchain/bin/../lib/gcc/arm-none-eabi/4.8.4/../../../../arm-none-eabi/lib/armv7e-m/fpu/libg_s.a(lib_a-findfp.o)
                0x00002f78                __sfp
 .text._fwalk   0x00002fec       0x38 /opt/Freescale/KDS_v3/toolchain/bin/../lib/gcc/arm-none-eabi/4.8.4/../../../../arm-none-eabi/lib/armv7e-m/fpu/libg_s.a(lib_a-fwalk.o)
                0x00002fec                _fwalk
 .text._fwalk_reent
                0x00003024       0x3c /opt/Freescale/KDS_v3/toolchain/bin/../lib/gcc/arm-none-eabi/4.8.4/../../../../arm-none-eabi/lib/armv7e-m/fpu/libg_s.a(lib_a-fwalk.o)
                0x00003024                _fwalk_reent
 .text._getc_r  0x00003060       0x58 /opt/Freescale/KDS_v3/toolchain/bin/../lib/gcc/arm-none-eabi/4.8.4/../../../../arm-none-eabi/lib/armv7e-m/fpu/libg_s.a(lib_a-getc.o)
                0x00003060                _getc_r
 .text.__smakebuf_r
                0x000030b8       0x9c /opt/Freescale/KDS_v3/toolchain/bin/../lib/gcc/arm-none-eabi/4.8.4/../../../../arm-none-eabi/lib/armv7e-m/fpu/libg_s.a(lib_a-makebuf.o)
                0x000030b8                __smakebuf_r
 .text.memchr   0x00003154       0x1e /opt/Freescale/KDS_v3/toolchain/bin/../lib/gcc/arm-none-eabi/4.8.4/../../../../arm-none-eabi/lib/armv7e-m/fpu/libg_s.a(lib_a-memchr-stub.o)
                0x00003154                memchr
 *fill*         0x00003172        0x2 
 .text._free_r  0x00003174       0x88 /opt/Freescale/KDS_v3/toolchain/bin/../lib/gcc/arm-none-eabi/4.8.4/../../../../arm-none-eabi/lib/armv7e-m/fpu/libg_s.a(lib_a-nano-freer.o)
                0x00003174                _free_r
 .text._malloc_r
                0x000031fc       0xa8 /opt/Freescale/KDS_v3/toolchain/bin/../lib/gcc/arm-none-eabi/4.8.4/../../../../arm-none-eabi/lib/armv7e-m/fpu/libg_s.a(lib_a-nano-mallocr.o)
                0x000031fc                _malloc_r
 .text.__srget_r
                0x000032a4       0x58 /opt/Freescale/KDS_v3/toolchain/bin/../lib/gcc/arm-none-eabi/4.8.4/../../../../arm-none-eabi/lib/armv7e-m/fpu/libg_s.a(lib_a-rget.o)
                0x000032a4                __srget_r
 .text._sbrk_r  0x000032fc       0x20 /opt/Freescale/KDS_v3/toolchain/bin/../lib/gcc/arm-none-eabi/4.8.4/../../../../arm-none-eabi/lib/armv7e-m/fpu/libg_s.a(lib_a-sbrkr.o)
                0x000032fc                _sbrk_r
 .text.__sread  0x0000331c       0x22 /opt/Freescale/KDS_v3/toolchain/bin/../lib/gcc/arm-none-eabi/4.8.4/../../../../arm-none-eabi/lib/armv7e-m/fpu/libg_s.a(lib_a-stdio.o)
                0x0000331c                __sread
 .text.__swrite
                0x0000333e       0x38 /opt/Freescale/KDS_v3/toolchain/bin/../lib/gcc/arm-none-eabi/4.8.4/../../../../arm-none-eabi/lib/armv7e-m/fpu/libg_s.a(lib_a-stdio.o)
                0x0000333e                __swrite
 .text.__sseek  0x00003376       0x24 /opt/Freescale/KDS_v3/toolchain/bin/../lib/gcc/arm-none-eabi/4.8.4/../../../../arm-none-eabi/lib/armv7e-m/fpu/libg_s.a(lib_a-stdio.o)
                0x00003376                __sseek
 .text.__sclose
                0x0000339a        0x8 /opt/Freescale/KDS_v3/toolchain/bin/../lib/gcc/arm-none-eabi/4.8.4/../../../../arm-none-eabi/lib/armv7e-m/fpu/libg_s.a(lib_a-stdio.o)
                0x0000339a                __sclose
 *fill*         0x000033a2        0x2 
 .text._write_r
                0x000033a4       0x24 /opt/Freescale/KDS_v3/toolchain/bin/../lib/gcc/arm-none-eabi/4.8.4/../../../../arm-none-eabi/lib/armv7e-m/fpu/libg_s.a(lib_a-writer.o)
                0x000033a4                _write_r
 .text._close_r
                0x000033c8       0x20 /opt/Freescale/KDS_v3/toolchain/bin/../lib/gcc/arm-none-eabi/4.8.4/../../../../arm-none-eabi/lib/armv7e-m/fpu/libg_s.a(lib_a-closer.o)
                0x000033c8                _close_r
 .text._fstat_r
                0x000033e8       0x24 /opt/Freescale/KDS_v3/toolchain/bin/../lib/gcc/arm-none-eabi/4.8.4/../../../../arm-none-eabi/lib/armv7e-m/fpu/libg_s.a(lib_a-fstatr.o)
                0x000033e8                _fstat_r
 .text._isatty_r
                0x0000340c       0x20 /opt/Freescale/KDS_v3/toolchain/bin/../lib/gcc/arm-none-eabi/4.8.4/../../../../arm-none-eabi/lib/armv7e-m/fpu/libg_s.a(lib_a-isattyr.o)
                0x0000340c                _isatty_r
 .text._lseek_r
                0x0000342c       0x24 /opt/Freescale/KDS_v3/toolchain/bin/../lib/gcc/arm-none-eabi/4.8.4/../../../../arm-none-eabi/lib/armv7e-m/fpu/libg_s.a(lib_a-lseekr.o)
                0x0000342c                _lseek_r
 .text._read_r  0x00003450       0x24 /opt/Freescale/KDS_v3/toolchain/bin/../lib/gcc/arm-none-eabi/4.8.4/../../../../arm-none-eabi/lib/armv7e-m/fpu/libg_s.a(lib_a-readr.o)
                0x00003450                _read_r
 .text.lflush   0x00003474       0x12 /opt/Freescale/KDS_v3/toolchain/bin/../lib/gcc/arm-none-eabi/4.8.4/../../../../arm-none-eabi/lib/armv7e-m/fpu/libg_s.a(lib_a-refill.o)
 *fill*         0x00003486        0x2 
 .text.__srefill_r
                0x00003488      0x10c /opt/Freescale/KDS_v3/toolchain/bin/../lib/gcc/arm-none-eabi/4.8.4/../../../../arm-none-eabi/lib/armv7e-m/fpu/libg_s.a(lib_a-refill.o)
                0x00003488                __srefill_r
 .text._close   0x00003594       0x10 /opt/Freescale/KDS_v3/toolchain/bin/../lib/gcc/arm-none-eabi/4.8.4/../../../../arm-none-eabi/lib/armv7e-m/fpu/libnosys.a(close.o)
                0x00003594                _close
 .text._fstat   0x000035a4       0x10 /opt/Freescale/KDS_v3/toolchain/bin/../lib/gcc/arm-none-eabi/4.8.4/../../../../arm-none-eabi/lib/armv7e-m/fpu/libnosys.a(fstat.o)
                0x000035a4                _fstat
 .text._isatty  0x000035b4       0x10 /opt/Freescale/KDS_v3/toolchain/bin/../lib/gcc/arm-none-eabi/4.8.4/../../../../arm-none-eabi/lib/armv7e-m/fpu/libnosys.a(isatty.o)
                0x000035b4                _isatty
 .text._lseek   0x000035c4       0x10 /opt/Freescale/KDS_v3/toolchain/bin/../lib/gcc/arm-none-eabi/4.8.4/../../../../arm-none-eabi/lib/armv7e-m/fpu/libnosys.a(lseek.o)
                0x000035c4                _lseek
 .text._sbrk    0x000035d4       0x34 /opt/Freescale/KDS_v3/toolchain/bin/../lib/gcc/arm-none-eabi/4.8.4/../../../../arm-none-eabi/lib/armv7e-m/fpu/libnosys.a(sbrk.o)
                0x000035d4                _sbrk
 .text._exit    0x00003608        0x4 /opt/Freescale/KDS_v3/toolchain/bin/../lib/gcc/arm-none-eabi/4.8.4/../../../../arm-none-eabi/lib/armv7e-m/fpu/libnosys.a(_exit.o)
                0x00003608                _exit
 *(.rodata)
 .rodata        0x0000360c       0x40 ./utilities/fsl_assert.o
 .rodata        0x0000364c       0x50 ./utilities/fsl_debug_console.o
 .rodata        0x0000369c       0x24 ./utilities/fsl_io.o
 .rodata        0x000036c0       0x30 ./utilities/fsl_log.o
 .rodata        0x000036f0       0xa0 ./source/main.o
 .rodata        0x00003790       0x48 ./drivers/fsl_clock.o
 .rodata        0x000037d8       0xb4 ./drivers/fsl_dspi.o
 .rodata        0x0000388c      0x244 ./drivers/fsl_edma.o
 .rodata        0x00003ad0      0x2fc ./drivers/fsl_flexcan.o
 .rodata        0x00003dcc       0x44 ./drivers/fsl_gpio.o
 .rodata        0x00003e10      0x328 ./drivers/fsl_sdhc.o
 .rodata        0x00004138      0x12c ./drivers/fsl_uart.o
 *(.rodata*)
 .rodata.__func__.7062
                0x00004264       0x10 ./utilities/fsl_debug_console.o
 .rodata.__func__.6824
                0x00004274        0x8 ./utilities/fsl_io.o
 .rodata.__func__.6654
                0x0000427c        0xc ./utilities/fsl_log.o
 .rodata.__func__.6664
                0x00004288       0x10 ./utilities/fsl_log.o
 .rodata.__func__.6630
                0x00004298       0x18 ./drivers/fsl_clock.o
 .rodata.fllFactorTable.6748
                0x000042b0       0x10 ./drivers/fsl_clock.o
 .rodata.__func__.6763
                0x000042c0       0x14 ./drivers/fsl_clock.o
 .rodata.__func__.7331
                0x000042d4       0x18 ./drivers/fsl_dspi.o
 .rodata.__func__.7335
                0x000042ec       0x18 ./drivers/fsl_dspi.o
 .rodata.__func__.7339
                0x00004304       0x18 ./drivers/fsl_dspi.o
 .rodata.__func__.7120
                0x0000431c       0x10 ./drivers/fsl_edma.o
 .rodata.__func__.7179
                0x0000432c       0x18 ./drivers/fsl_flexcan.o
 .rodata.__func__.6677
                0x00004344       0x10 ./drivers/fsl_gpio.o
 .rodata.__func__.7352
                0x00004354       0x18 ./drivers/fsl_sdhc.o
 .rodata.s_uartBases
                0x0000436c       0x18 ./drivers/fsl_uart.o
 .rodata.s_uartClock
                0x00004384       0x18 ./drivers/fsl_uart.o
 .rodata.__func__.6831
                0x0000439c       0x14 ./drivers/fsl_uart.o
 .rodata.__func__.6847
                0x000043b0        0xc ./drivers/fsl_uart.o
 .rodata.__func__.6865
                0x000043bc       0x18 ./drivers/fsl_uart.o
 .rodata.__func__.6925
                0x000043d4       0x14 ./drivers/fsl_uart.o
 .rodata.str1.1
                0x000043e8        0x2 /opt/Freescale/KDS_v3/toolchain/bin/../lib/gcc/arm-none-eabi/4.8.4/../../../../arm-none-eabi/lib/armv7e-m/fpu/libg_s.a(lib_a-impure.o)
 *fill*         0x000043ea        0x2 
 .rodata._global_impure_ptr
                0x000043ec        0x4 /opt/Freescale/KDS_v3/toolchain/bin/../lib/gcc/arm-none-eabi/4.8.4/../../../../arm-none-eabi/lib/armv7e-m/fpu/libg_s.a(lib_a-impure.o)
                0x000043ec                _global_impure_ptr
 .rodata.str1.1
                0x000043f0       0x11 /opt/Freescale/KDS_v3/toolchain/bin/../lib/gcc/arm-none-eabi/4.8.4/../../../../arm-none-eabi/lib/armv7e-m/fpu/libg_s.a(lib_a-vfprintf.o)
 .rodata.str1.1
                0x00004401       0x22 /opt/Freescale/KDS_v3/toolchain/bin/../lib/gcc/arm-none-eabi/4.8.4/../../../../arm-none-eabi/lib/armv7e-m/fpu/libg_s.a(lib_a-vfprintf_i.o)
 *fill*         0x00004423        0x1 
 .rodata.__sf_fake_stdin
                0x00004424       0x20 /opt/Freescale/KDS_v3/toolchain/bin/../lib/gcc/arm-none-eabi/4.8.4/../../../../arm-none-eabi/lib/armv7e-m/fpu/libg_s.a(lib_a-findfp.o)
                0x00004424                __sf_fake_stdin
 .rodata.__sf_fake_stdout
                0x00004444       0x20 /opt/Freescale/KDS_v3/toolchain/bin/../lib/gcc/arm-none-eabi/4.8.4/../../../../arm-none-eabi/lib/armv7e-m/fpu/libg_s.a(lib_a-findfp.o)
                0x00004444                __sf_fake_stdout
 .rodata.__sf_fake_stderr
                0x00004464       0x20 /opt/Freescale/KDS_v3/toolchain/bin/../lib/gcc/arm-none-eabi/4.8.4/../../../../arm-none-eabi/lib/armv7e-m/fpu/libg_s.a(lib_a-findfp.o)
                0x00004464                __sf_fake_stderr
 *(.glue_7)
 .glue_7        0x00000000        0x0 linker stubs
 *(.glue_7t)
 .glue_7t       0x00000000        0x0 linker stubs
 *(.eh_frame)
 .eh_frame      0x00004484        0x0 /opt/Freescale/KDS_v3/toolchain/bin/../lib/gcc/arm-none-eabi/4.8.4/armv7e-m/fpu/crtbegin.o
 *(.init)
 .init          0x00004484        0x4 /opt/Freescale/KDS_v3/toolchain/bin/../lib/gcc/arm-none-eabi/4.8.4/armv7e-m/fpu/crti.o
                0x00004484                _init
 .init          0x00004488        0x8 /opt/Freescale/KDS_v3/toolchain/bin/../lib/gcc/arm-none-eabi/4.8.4/armv7e-m/fpu/crtn.o
 *(.fini)
 .fini          0x00004490        0x4 /opt/Freescale/KDS_v3/toolchain/bin/../lib/gcc/arm-none-eabi/4.8.4/armv7e-m/fpu/crti.o
                0x00004490                _fini
 .fini          0x00004494        0x8 /opt/Freescale/KDS_v3/toolchain/bin/../lib/gcc/arm-none-eabi/4.8.4/armv7e-m/fpu/crtn.o
                0x0000449c                . = ALIGN (0x4)

.vfp11_veneer   0x0000449c        0x0
 .vfp11_veneer  0x00000000        0x0 linker stubs

.v4_bx          0x0000449c        0x0
 .v4_bx         0x00000000        0x0 linker stubs

.iplt           0x0000449c        0x0
 .iplt          0x00000000        0x0 /opt/Freescale/KDS_v3/toolchain/bin/../lib/gcc/arm-none-eabi/4.8.4/armv7e-m/fpu/crtbegin.o

.ARM.extab
 *(.ARM.extab* .gnu.linkonce.armextab.*)

.ARM            0x0000449c        0x8
                0x0000449c                __exidx_start = .
 *(.ARM.exidx*)
 .ARM.exidx     0x0000449c        0x8 /opt/Freescale/KDS_v3/toolchain/bin/../lib/gcc/arm-none-eabi/4.8.4/../../../../arm-none-eabi/lib/armv7e-m/fpu/crt0.o
                0x000044a4                __exidx_end = .

.rel.dyn        0x000044a4        0x0
 .rel.iplt      0x00000000        0x0 /opt/Freescale/KDS_v3/toolchain/bin/../lib/gcc/arm-none-eabi/4.8.4/armv7e-m/fpu/crtbegin.o

.ctors          0x000044a4        0x0
                0x000044a4                __CTOR_LIST__ = .
 *crtbegin.o(.ctors)
 *crtbegin?.o(.ctors)
 *(EXCLUDE_FILE(*crtend.o *crtend?.o) .ctors)
 *(SORT(.ctors.*))
 *(.ctors)
                0x000044a4                __CTOR_END__ = .

.dtors          0x000044a4        0x0
                0x000044a4                __DTOR_LIST__ = .
 *crtbegin.o(.dtors)
 *crtbegin?.o(.dtors)
 *(EXCLUDE_FILE(*crtend.o *crtend?.o) .dtors)
 *(SORT(.dtors.*))
 *(.dtors)
                0x000044a4                __DTOR_END__ = .

.preinit_array  0x000044a4        0x0
                0x000044a4                PROVIDE (__preinit_array_start, .)
 *(.preinit_array*)
                0x000044a4                PROVIDE (__preinit_array_end, .)

.init_array     0x000044a4        0x4
                0x000044a4                PROVIDE (__init_array_start, .)
 *(SORT(.init_array.*))
 *(.init_array*)
 .init_array    0x000044a4        0x4 /opt/Freescale/KDS_v3/toolchain/bin/../lib/gcc/arm-none-eabi/4.8.4/armv7e-m/fpu/crtbegin.o
                0x000044a8                PROVIDE (__init_array_end, .)

.fini_array     0x000044a8        0x4
                0x000044a8                PROVIDE (__fini_array_start, .)
 *(SORT(.fini_array.*))
 *(.fini_array*)
 .fini_array    0x000044a8        0x4 /opt/Freescale/KDS_v3/toolchain/bin/../lib/gcc/arm-none-eabi/4.8.4/armv7e-m/fpu/crtbegin.o
                0x000044ac                PROVIDE (__fini_array_end, .)
                0x000044ac                __etext = .
                0x000044ac                __DATA_ROM = .

.data           0x1fff0000       0x70 load address 0x000044ac
                0x1fff0000                . = ALIGN (0x4)
                0x1fff0000                __DATA_RAM = .
                0x1fff0000                __data_start__ = .
 *(.data)
 *(.data*)
 .data.s_slowIrcFreq
                0x1fff0000        0x4 ./drivers/fsl_clock.o
 .data.s_fastIrcFreq
                0x1fff0004        0x4 ./drivers/fsl_clock.o
 .data.impure_data
                0x1fff0008       0x60 /opt/Freescale/KDS_v3/toolchain/bin/../lib/gcc/arm-none-eabi/4.8.4/../../../../arm-none-eabi/lib/armv7e-m/fpu/libg_s.a(lib_a-impure.o)
 .data._impure_ptr
                0x1fff0068        0x4 /opt/Freescale/KDS_v3/toolchain/bin/../lib/gcc/arm-none-eabi/4.8.4/../../../../arm-none-eabi/lib/armv7e-m/fpu/libg_s.a(lib_a-impure.o)
                0x1fff0068                _impure_ptr
 *(.jcr*)
 .jcr           0x1fff006c        0x0 /opt/Freescale/KDS_v3/toolchain/bin/../lib/gcc/arm-none-eabi/4.8.4/armv7e-m/fpu/crtbegin.o
 .jcr           0x1fff006c        0x4 /opt/Freescale/KDS_v3/toolchain/bin/../lib/gcc/arm-none-eabi/4.8.4/armv7e-m/fpu/crtend.o
                0x1fff0070                . = ALIGN (0x4)
                0x1fff0070                __data_end__ = .
                0x0000451c                __DATA_END = (__DATA_ROM + (__data_end__ - __data_start__))
                0x00100000                text_end = (ORIGIN (m_text) + 0xffbf0)
                0x00000001                ASSERT ((__DATA_END <= text_end), region m_text overflowed with text and data)

.igot.plt       0x1fff0070        0x0 load address 0x0000451c
 .igot.plt      0x00000000        0x0 /opt/Freescale/KDS_v3/toolchain/bin/../lib/gcc/arm-none-eabi/4.8.4/armv7e-m/fpu/crtbegin.o

.bss            0x1fff0070       0xcc load address 0x0000451c
                0x1fff0070                . = ALIGN (0x4)
                0x1fff0070                __START_BSS = .
                0x1fff0070                __bss_start__ = .
 *(.bss)
 .bss           0x1fff0070       0x1c /opt/Freescale/KDS_v3/toolchain/bin/../lib/gcc/arm-none-eabi/4.8.4/armv7e-m/fpu/crtbegin.o
 *(.bss*)
 .bss.s_debugConsoleIO
                0x1fff008c        0x8 ./utilities/fsl_io.o
 .bss.g_dspiHandle
                0x1fff0094        0xc ./drivers/fsl_dspi.o
 .bss.s_dspiMasterIsr
                0x1fff00a0        0x4 ./drivers/fsl_dspi.o
 .bss.s_dspiSlaveIsr
                0x1fff00a4        0x4 ./drivers/fsl_dspi.o
 .bss.s_EDMAHandle
                0x1fff00a8       0x40 ./drivers/fsl_edma.o
 .bss.s_flexcanHandle
                0x1fff00e8        0x4 ./drivers/fsl_flexcan.o
 .bss.s_flexcanIsr
                0x1fff00ec        0x4 ./drivers/fsl_flexcan.o
 .bss.s_i2cHandle
                0x1fff00f0        0xc ./drivers/fsl_i2c.o
 .bss.s_i2cMasterIsr
                0x1fff00fc        0x4 ./drivers/fsl_i2c.o
 .bss.s_i2cSlaveIsr
                0x1fff0100        0x4 ./drivers/fsl_i2c.o
 .bss.s_sdhcHandle
                0x1fff0104        0x0 ./drivers/fsl_sdhc.o
 .bss.s_sdhcIsr
                0x1fff0104        0x4 ./drivers/fsl_sdhc.o
 .bss.s_uartHandle
                0x1fff0108       0x18 ./drivers/fsl_uart.o
 .bss.s_uartIsr
                0x1fff0120        0x4 ./drivers/fsl_uart.o
 .bss.__malloc_sbrk_start
                0x1fff0124        0x4 /opt/Freescale/KDS_v3/toolchain/bin/../lib/gcc/arm-none-eabi/4.8.4/../../../../arm-none-eabi/lib/armv7e-m/fpu/libg_s.a(lib_a-nano-mallocr.o)
                0x1fff0124                __malloc_sbrk_start
 .bss.__malloc_free_list
                0x1fff0128        0x4 /opt/Freescale/KDS_v3/toolchain/bin/../lib/gcc/arm-none-eabi/4.8.4/../../../../arm-none-eabi/lib/armv7e-m/fpu/libg_s.a(lib_a-nano-mallocr.o)
                0x1fff0128                __malloc_free_list
 .bss.heap_end.4246
                0x1fff012c        0x4 /opt/Freescale/KDS_v3/toolchain/bin/../lib/gcc/arm-none-eabi/4.8.4/../../../../arm-none-eabi/lib/armv7e-m/fpu/libnosys.a(sbrk.o)
 *(COMMON)
 COMMON         0x1fff0130        0x8 ./drivers/fsl_clock.o
                0x1fff0130                g_xtal32Freq
                0x1fff0134                g_xtal0Freq
 COMMON         0x1fff0138        0x4 /opt/Freescale/KDS_v3/toolchain/bin/../lib/gcc/arm-none-eabi/4.8.4/../../../../arm-none-eabi/lib/armv7e-m/fpu/libg_s.a(lib_a-reent.o)
                0x1fff0138                errno
                0x1fff013c                . = ALIGN (0x4)
                0x1fff013c                __bss_end__ = .
                0x1fff013c                __END_BSS = .

.heap           0x20000000      0x400
                0x20000000                . = ALIGN (0x8)
                0x20000000                __end__ = .
                0x20000000                PROVIDE (end, .)
                0x20000000                __HeapBase = .
                0x20000400                . = (. + HEAP_SIZE)
 *fill*         0x20000000      0x400 
                0x20000400                __HeapLimit = .
                0x20000400                __heap_limit = .

.stack          0x20000400      0x400
                0x20000400                . = ALIGN (0x8)
                0x20000800                . = (. + STACK_SIZE)
 *fill*         0x20000400      0x400 
                0x20010000                __StackTop = (ORIGIN (m_data_2) + 0x10000)
                0x2000fc00                __StackLimit = (__StackTop - STACK_SIZE)
                0x20010000                PROVIDE (__stack, __StackTop)

.ARM.attributes
                0x00000000       0x30
 *(.ARM.attributes)
 .ARM.attributes
                0x00000000       0x22 /opt/Freescale/KDS_v3/toolchain/bin/../lib/gcc/arm-none-eabi/4.8.4/armv7e-m/fpu/crti.o
 .ARM.attributes
                0x00000022       0x34 /opt/Freescale/KDS_v3/toolchain/bin/../lib/gcc/arm-none-eabi/4.8.4/armv7e-m/fpu/crtbegin.o
 .ARM.attributes
                0x00000056       0x20 /opt/Freescale/KDS_v3/toolchain/bin/../lib/gcc/arm-none-eabi/4.8.4/../../../../arm-none-eabi/lib/armv7e-m/fpu/crt0.o
 .ARM.attributes
                0x00000076       0x39 ./utilities/fsl_assert.o
 .ARM.attributes
                0x000000af       0x39 ./utilities/fsl_debug_console.o
 .ARM.attributes
                0x000000e8       0x39 ./utilities/fsl_io.o
 .ARM.attributes
                0x00000121       0x39 ./utilities/fsl_log.o
 .ARM.attributes
                0x0000015a       0x39 ./utilities/fsl_str.o
 .ARM.attributes
                0x00000193       0x1f ./startup/startup_MK22F12.o
 .ARM.attributes
                0x000001b2       0x39 ./source/main.o
 .ARM.attributes
                0x000001eb       0x39 ./drivers/fsl_clock.o
 .ARM.attributes
                0x00000224       0x39 ./drivers/fsl_dspi.o
 .ARM.attributes
                0x0000025d       0x39 ./drivers/fsl_edma.o
 .ARM.attributes
                0x00000296       0x39 ./drivers/fsl_flexcan.o
 .ARM.attributes
                0x000002cf       0x39 ./drivers/fsl_gpio.o
 .ARM.attributes
                0x00000308       0x39 ./drivers/fsl_i2c.o
 .ARM.attributes
                0x00000341       0x39 ./drivers/fsl_sdhc.o
 .ARM.attributes
                0x0000037a       0x39 ./drivers/fsl_uart.o
 .ARM.attributes
                0x000003b3       0x39 ./board/board.o
 .ARM.attributes
                0x000003ec       0x39 ./board/clock_config.o
 .ARM.attributes
                0x00000425       0x39 ./board/pin_mux.o
 .ARM.attributes
                0x0000045e       0x39 ./CMSIS/system_MK22F12.o
 .ARM.attributes
                0x00000497       0x34 /opt/Freescale/KDS_v3/toolchain/bin/../lib/gcc/arm-none-eabi/4.8.4/../../../../arm-none-eabi/lib/armv7e-m/fpu/libg_s.a(lib_a-exit.o)
 .ARM.attributes
                0x000004cb       0x34 /opt/Freescale/KDS_v3/toolchain/bin/../lib/gcc/arm-none-eabi/4.8.4/../../../../arm-none-eabi/lib/armv7e-m/fpu/libg_s.a(lib_a-getchar.o)
 .ARM.attributes
                0x000004ff       0x34 /opt/Freescale/KDS_v3/toolchain/bin/../lib/gcc/arm-none-eabi/4.8.4/../../../../arm-none-eabi/lib/armv7e-m/fpu/libg_s.a(lib_a-impure.o)
 .ARM.attributes
                0x00000533       0x34 /opt/Freescale/KDS_v3/toolchain/bin/../lib/gcc/arm-none-eabi/4.8.4/../../../../arm-none-eabi/lib/armv7e-m/fpu/libg_s.a(lib_a-init.o)
 .ARM.attributes
                0x00000567       0x34 /opt/Freescale/KDS_v3/toolchain/bin/../lib/gcc/arm-none-eabi/4.8.4/../../../../arm-none-eabi/lib/armv7e-m/fpu/libg_s.a(lib_a-memset.o)
 .ARM.attributes
                0x0000059b       0x34 /opt/Freescale/KDS_v3/toolchain/bin/../lib/gcc/arm-none-eabi/4.8.4/../../../../arm-none-eabi/lib/armv7e-m/fpu/libg_s.a(lib_a-printf.o)
 .ARM.attributes
                0x000005cf       0x34 /opt/Freescale/KDS_v3/toolchain/bin/../lib/gcc/arm-none-eabi/4.8.4/../../../../arm-none-eabi/lib/armv7e-m/fpu/libg_s.a(lib_a-puts.o)
 .ARM.attributes
                0x00000603       0x34 /opt/Freescale/KDS_v3/toolchain/bin/../lib/gcc/arm-none-eabi/4.8.4/../../../../arm-none-eabi/lib/armv7e-m/fpu/libg_s.a(lib_a-strlen.o)
 .ARM.attributes
                0x00000637       0x34 /opt/Freescale/KDS_v3/toolchain/bin/../lib/gcc/arm-none-eabi/4.8.4/../../../../arm-none-eabi/lib/armv7e-m/fpu/libg_s.a(lib_a-vfprintf.o)
 .ARM.attributes
                0x0000066b       0x34 /opt/Freescale/KDS_v3/toolchain/bin/../lib/gcc/arm-none-eabi/4.8.4/../../../../arm-none-eabi/lib/armv7e-m/fpu/libg_s.a(lib_a-vfprintf_i.o)
 .ARM.attributes
                0x0000069f       0x34 /opt/Freescale/KDS_v3/toolchain/bin/../lib/gcc/arm-none-eabi/4.8.4/../../../../arm-none-eabi/lib/armv7e-m/fpu/libg_s.a(lib_a-wbuf.o)
 .ARM.attributes
                0x000006d3       0x34 /opt/Freescale/KDS_v3/toolchain/bin/../lib/gcc/arm-none-eabi/4.8.4/../../../../arm-none-eabi/lib/armv7e-m/fpu/libg_s.a(lib_a-wsetup.o)
 .ARM.attributes
                0x00000707       0x34 /opt/Freescale/KDS_v3/toolchain/bin/../lib/gcc/arm-none-eabi/4.8.4/../../../../arm-none-eabi/lib/armv7e-m/fpu/libg_s.a(lib_a-fflush.o)
 .ARM.attributes
                0x0000073b       0x34 /opt/Freescale/KDS_v3/toolchain/bin/../lib/gcc/arm-none-eabi/4.8.4/../../../../arm-none-eabi/lib/armv7e-m/fpu/libg_s.a(lib_a-findfp.o)
 .ARM.attributes
                0x0000076f       0x34 /opt/Freescale/KDS_v3/toolchain/bin/../lib/gcc/arm-none-eabi/4.8.4/../../../../arm-none-eabi/lib/armv7e-m/fpu/libg_s.a(lib_a-fwalk.o)
 .ARM.attributes
                0x000007a3       0x34 /opt/Freescale/KDS_v3/toolchain/bin/../lib/gcc/arm-none-eabi/4.8.4/../../../../arm-none-eabi/lib/armv7e-m/fpu/libg_s.a(lib_a-getc.o)
 .ARM.attributes
                0x000007d7       0x34 /opt/Freescale/KDS_v3/toolchain/bin/../lib/gcc/arm-none-eabi/4.8.4/../../../../arm-none-eabi/lib/armv7e-m/fpu/libg_s.a(lib_a-makebuf.o)
 .ARM.attributes
                0x0000080b       0x34 /opt/Freescale/KDS_v3/toolchain/bin/../lib/gcc/arm-none-eabi/4.8.4/../../../../arm-none-eabi/lib/armv7e-m/fpu/libg_s.a(lib_a-memchr-stub.o)
 .ARM.attributes
                0x0000083f       0x34 /opt/Freescale/KDS_v3/toolchain/bin/../lib/gcc/arm-none-eabi/4.8.4/../../../../arm-none-eabi/lib/armv7e-m/fpu/libg_s.a(lib_a-nano-freer.o)
 .ARM.attributes
                0x00000873       0x34 /opt/Freescale/KDS_v3/toolchain/bin/../lib/gcc/arm-none-eabi/4.8.4/../../../../arm-none-eabi/lib/armv7e-m/fpu/libg_s.a(lib_a-nano-mallocr.o)
 .ARM.attributes
                0x000008a7       0x34 /opt/Freescale/KDS_v3/toolchain/bin/../lib/gcc/arm-none-eabi/4.8.4/../../../../arm-none-eabi/lib/armv7e-m/fpu/libg_s.a(lib_a-rget.o)
 .ARM.attributes
                0x000008db       0x34 /opt/Freescale/KDS_v3/toolchain/bin/../lib/gcc/arm-none-eabi/4.8.4/../../../../arm-none-eabi/lib/armv7e-m/fpu/libg_s.a(lib_a-sbrkr.o)
 .ARM.attributes
                0x0000090f       0x34 /opt/Freescale/KDS_v3/toolchain/bin/../lib/gcc/arm-none-eabi/4.8.4/../../../../arm-none-eabi/lib/armv7e-m/fpu/libg_s.a(lib_a-stdio.o)
 .ARM.attributes
                0x00000943       0x34 /opt/Freescale/KDS_v3/toolchain/bin/../lib/gcc/arm-none-eabi/4.8.4/../../../../arm-none-eabi/lib/armv7e-m/fpu/libg_s.a(lib_a-writer.o)
 .ARM.attributes
                0x00000977       0x34 /opt/Freescale/KDS_v3/toolchain/bin/../lib/gcc/arm-none-eabi/4.8.4/../../../../arm-none-eabi/lib/armv7e-m/fpu/libg_s.a(lib_a-closer.o)
 .ARM.attributes
                0x000009ab       0x34 /opt/Freescale/KDS_v3/toolchain/bin/../lib/gcc/arm-none-eabi/4.8.4/../../../../arm-none-eabi/lib/armv7e-m/fpu/libg_s.a(lib_a-fstatr.o)
 .ARM.attributes
                0x000009df       0x34 /opt/Freescale/KDS_v3/toolchain/bin/../lib/gcc/arm-none-eabi/4.8.4/../../../../arm-none-eabi/lib/armv7e-m/fpu/libg_s.a(lib_a-isattyr.o)
 .ARM.attributes
                0x00000a13       0x34 /opt/Freescale/KDS_v3/toolchain/bin/../lib/gcc/arm-none-eabi/4.8.4/../../../../arm-none-eabi/lib/armv7e-m/fpu/libg_s.a(lib_a-lseekr.o)
 .ARM.attributes
                0x00000a47       0x34 /opt/Freescale/KDS_v3/toolchain/bin/../lib/gcc/arm-none-eabi/4.8.4/../../../../arm-none-eabi/lib/armv7e-m/fpu/libg_s.a(lib_a-readr.o)
 .ARM.attributes
                0x00000a7b       0x34 /opt/Freescale/KDS_v3/toolchain/bin/../lib/gcc/arm-none-eabi/4.8.4/../../../../arm-none-eabi/lib/armv7e-m/fpu/libg_s.a(lib_a-reent.o)
 .ARM.attributes
                0x00000aaf       0x34 /opt/Freescale/KDS_v3/toolchain/bin/../lib/gcc/arm-none-eabi/4.8.4/../../../../arm-none-eabi/lib/armv7e-m/fpu/libg_s.a(lib_a-refill.o)
 .ARM.attributes
                0x00000ae3       0x34 /opt/Freescale/KDS_v3/toolchain/bin/../lib/gcc/arm-none-eabi/4.8.4/../../../../arm-none-eabi/lib/armv7e-m/fpu/libnosys.a(close.o)
 .ARM.attributes
                0x00000b17       0x34 /opt/Freescale/KDS_v3/toolchain/bin/../lib/gcc/arm-none-eabi/4.8.4/../../../../arm-none-eabi/lib/armv7e-m/fpu/libnosys.a(fstat.o)
 .ARM.attributes
                0x00000b4b       0x34 /opt/Freescale/KDS_v3/toolchain/bin/../lib/gcc/arm-none-eabi/4.8.4/../../../../arm-none-eabi/lib/armv7e-m/fpu/libnosys.a(isatty.o)
 .ARM.attributes
                0x00000b7f       0x34 /opt/Freescale/KDS_v3/toolchain/bin/../lib/gcc/arm-none-eabi/4.8.4/../../../../arm-none-eabi/lib/armv7e-m/fpu/libnosys.a(lseek.o)
 .ARM.attributes
                0x00000bb3       0x34 /opt/Freescale/KDS_v3/toolchain/bin/../lib/gcc/arm-none-eabi/4.8.4/../../../../arm-none-eabi/lib/armv7e-m/fpu/libnosys.a(sbrk.o)
 .ARM.attributes
                0x00000be7       0x34 /opt/Freescale/KDS_v3/toolchain/bin/../lib/gcc/arm-none-eabi/4.8.4/../../../../arm-none-eabi/lib/armv7e-m/fpu/libnosys.a(_exit.o)
 .ARM.attributes
                0x00000c1b       0x34 /opt/Freescale/KDS_v3/toolchain/bin/../lib/gcc/arm-none-eabi/4.8.4/armv7e-m/fpu/crtend.o
 .ARM.attributes
                0x00000c4f       0x22 /opt/Freescale/KDS_v3/toolchain/bin/../lib/gcc/arm-none-eabi/4.8.4/armv7e-m/fpu/crtn.o
                0x00000001                ASSERT ((__StackLimit >= __HeapLimit), region m_data_2 overflowed with stack and heap)
OUTPUT(C&DH_Hello_World.elf elf32-littlearm)

.debug_info     0x00000000    0x113d3
 .debug_info    0x00000000      0x12a ./utilities/fsl_assert.o
 .debug_info    0x0000012a      0x41a ./utilities/fsl_debug_console.o
 .debug_info    0x00000544      0x7fc ./utilities/fsl_io.o
 .debug_info    0x00000d40      0x394 ./utilities/fsl_log.o
 .debug_info    0x000010d4      0x51e ./utilities/fsl_str.o
 .debug_info    0x000015f2       0x7e ./startup/startup_MK22F12.o
 .debug_info    0x00001670      0x60a ./source/main.o
 .debug_info    0x00001c7a     0x1b4d ./drivers/fsl_clock.o
 .debug_info    0x000037c7     0x25c9 ./drivers/fsl_dspi.o
 .debug_info    0x00005d90     0x236c ./drivers/fsl_edma.o
 .debug_info    0x000080fc     0x2070 ./drivers/fsl_flexcan.o
 .debug_info    0x0000a16c      0x64b ./drivers/fsl_gpio.o
 .debug_info    0x0000a7b7     0x1e01 ./drivers/fsl_i2c.o
 .debug_info    0x0000c5b8     0x22be ./drivers/fsl_sdhc.o
 .debug_info    0x0000e876     0x1bca ./drivers/fsl_uart.o
 .debug_info    0x00010440      0x2eb ./board/board.o
 .debug_info    0x0001072b       0x3b ./board/clock_config.o
 .debug_info    0x00010766      0x667 ./board/pin_mux.o
 .debug_info    0x00010dcd      0x606 ./CMSIS/system_MK22F12.o

.debug_abbrev   0x00000000     0x2320
 .debug_abbrev  0x00000000       0x9c ./utilities/fsl_assert.o
 .debug_abbrev  0x0000009c      0x187 ./utilities/fsl_debug_console.o
 .debug_abbrev  0x00000223      0x1f5 ./utilities/fsl_io.o
 .debug_abbrev  0x00000418      0x173 ./utilities/fsl_log.o
 .debug_abbrev  0x0000058b      0x17e ./utilities/fsl_str.o
 .debug_abbrev  0x00000709       0x14 ./startup/startup_MK22F12.o
 .debug_abbrev  0x0000071d      0x1f3 ./source/main.o
 .debug_abbrev  0x00000910      0x2d4 ./drivers/fsl_clock.o
 .debug_abbrev  0x00000be4      0x308 ./drivers/fsl_dspi.o
 .debug_abbrev  0x00000eec      0x376 ./drivers/fsl_edma.o
 .debug_abbrev  0x00001262      0x2c9 ./drivers/fsl_flexcan.o
 .debug_abbrev  0x0000152b      0x1ad ./drivers/fsl_gpio.o
 .debug_abbrev  0x000016d8      0x320 ./drivers/fsl_i2c.o
 .debug_abbrev  0x000019f8      0x298 ./drivers/fsl_sdhc.o
 .debug_abbrev  0x00001c90      0x2e1 ./drivers/fsl_uart.o
 .debug_abbrev  0x00001f71      0x100 ./board/board.o
 .debug_abbrev  0x00002071       0x2f ./board/clock_config.o
 .debug_abbrev  0x000020a0      0x166 ./board/pin_mux.o
 .debug_abbrev  0x00002206      0x11a ./CMSIS/system_MK22F12.o

.debug_aranges  0x00000000      0xe88
 .debug_aranges
                0x00000000       0x20 ./utilities/fsl_assert.o
 .debug_aranges
                0x00000020       0x68 ./utilities/fsl_debug_console.o
 .debug_aranges
                0x00000088       0x48 ./utilities/fsl_io.o
 .debug_aranges
                0x000000d0       0x58 ./utilities/fsl_log.o
 .debug_aranges
                0x00000128       0x38 ./utilities/fsl_str.o
 .debug_aranges
                0x00000160       0x20 ./startup/startup_MK22F12.o
 .debug_aranges
                0x00000180       0x50 ./source/main.o
 .debug_aranges
                0x000001d0      0x1e8 ./drivers/fsl_clock.o
 .debug_aranges
                0x000003b8      0x1d0 ./drivers/fsl_dspi.o
 .debug_aranges
                0x00000588      0x210 ./drivers/fsl_edma.o
 .debug_aranges
                0x00000798      0x180 ./drivers/fsl_flexcan.o
 .debug_aranges
                0x00000918       0x48 ./drivers/fsl_gpio.o
 .debug_aranges
                0x00000960      0x180 ./drivers/fsl_i2c.o
 .debug_aranges
                0x00000ae0      0x198 ./drivers/fsl_sdhc.o
 .debug_aranges
                0x00000c78      0x170 ./drivers/fsl_uart.o
 .debug_aranges
                0x00000de8       0x20 ./board/board.o
 .debug_aranges
                0x00000e08       0x20 ./board/clock_config.o
 .debug_aranges
                0x00000e28       0x38 ./board/pin_mux.o
 .debug_aranges
                0x00000e60       0x28 ./CMSIS/system_MK22F12.o

.debug_ranges   0x00000000      0xd48
 .debug_ranges  0x00000000       0x10 ./utilities/fsl_assert.o
 .debug_ranges  0x00000010       0x58 ./utilities/fsl_debug_console.o
 .debug_ranges  0x00000068       0x38 ./utilities/fsl_io.o
 .debug_ranges  0x000000a0       0x48 ./utilities/fsl_log.o
 .debug_ranges  0x000000e8       0x28 ./utilities/fsl_str.o
 .debug_ranges  0x00000110       0x40 ./source/main.o
 .debug_ranges  0x00000150      0x1d8 ./drivers/fsl_clock.o
 .debug_ranges  0x00000328      0x1c0 ./drivers/fsl_dspi.o
 .debug_ranges  0x000004e8      0x200 ./drivers/fsl_edma.o
 .debug_ranges  0x000006e8      0x170 ./drivers/fsl_flexcan.o
 .debug_ranges  0x00000858       0x38 ./drivers/fsl_gpio.o
 .debug_ranges  0x00000890      0x170 ./drivers/fsl_i2c.o
 .debug_ranges  0x00000a00      0x188 ./drivers/fsl_sdhc.o
 .debug_ranges  0x00000b88      0x160 ./drivers/fsl_uart.o
 .debug_ranges  0x00000ce8       0x10 ./board/board.o
 .debug_ranges  0x00000cf8       0x10 ./board/clock_config.o
 .debug_ranges  0x00000d08       0x28 ./board/pin_mux.o
 .debug_ranges  0x00000d30       0x18 ./CMSIS/system_MK22F12.o

.debug_macro    0x00000000    0x12281
 .debug_macro   0x00000000      0x188 ./utilities/fsl_assert.o
 .debug_macro   0x00000188      0x86e ./utilities/fsl_assert.o
 .debug_macro   0x000009f6       0x58 ./utilities/fsl_assert.o
 .debug_macro   0x00000a4e       0x16 ./utilities/fsl_assert.o
 .debug_macro   0x00000a64       0x35 ./utilities/fsl_assert.o
 .debug_macro   0x00000a99       0xa3 ./utilities/fsl_assert.o
 .debug_macro   0x00000b3c       0x16 ./utilities/fsl_assert.o
 .debug_macro   0x00000b52       0x22 ./utilities/fsl_assert.o
 .debug_macro   0x00000b74       0x4a ./utilities/fsl_assert.o
 .debug_macro   0x00000bbe      0x209 ./utilities/fsl_assert.o
 .debug_macro   0x00000dc7      0x166 ./utilities/fsl_assert.o
 .debug_macro   0x00000f2d       0x52 ./utilities/fsl_assert.o
 .debug_macro   0x00000f7f       0x16 ./utilities/fsl_assert.o
 .debug_macro   0x00000f95       0x43 ./utilities/fsl_assert.o
 .debug_macro   0x00000fd8      0x180 ./utilities/fsl_assert.o
 .debug_macro   0x00001158      0x2a6 ./utilities/fsl_assert.o
 .debug_macro   0x000013fe       0x10 ./utilities/fsl_assert.o
 .debug_macro   0x0000140e       0x35 ./utilities/fsl_assert.o
 .debug_macro   0x00001443       0x1f ./utilities/fsl_assert.o
 .debug_macro   0x00001462       0x10 ./utilities/fsl_assert.o
 .debug_macro   0x00001472       0x5b ./utilities/fsl_assert.o
 .debug_macro   0x000014cd       0x1c ./utilities/fsl_assert.o
 .debug_macro   0x000014e9       0x22 ./utilities/fsl_assert.o
 .debug_macro   0x0000150b       0xd3 ./utilities/fsl_assert.o
 .debug_macro   0x000015de      0xec1 ./utilities/fsl_assert.o
 .debug_macro   0x0000249f       0x38 ./utilities/fsl_assert.o
 .debug_macro   0x000024d7     0xc38d ./utilities/fsl_assert.o
 .debug_macro   0x0000e864     0x13f8 ./utilities/fsl_assert.o
 .debug_macro   0x0000fc5c       0x46 ./utilities/fsl_assert.o
 .debug_macro   0x0000fca2      0x141 ./utilities/fsl_assert.o
 .debug_macro   0x0000fde3       0x5f ./utilities/fsl_assert.o
 .debug_macro   0x0000fe42       0x28 ./utilities/fsl_assert.o
 .debug_macro   0x0000fe6a      0x1e2 ./utilities/fsl_debug_console.o
 .debug_macro   0x0001004c       0x58 ./utilities/fsl_debug_console.o
 .debug_macro   0x000100a4       0x16 ./utilities/fsl_debug_console.o
 .debug_macro   0x000100ba      0x10e ./utilities/fsl_debug_console.o
 .debug_macro   0x000101c8       0x7f ./utilities/fsl_debug_console.o
 .debug_macro   0x00010247       0x16 ./utilities/fsl_debug_console.o
 .debug_macro   0x0001025d       0x29 ./utilities/fsl_debug_console.o
 .debug_macro   0x00010286      0x20f ./utilities/fsl_debug_console.o
 .debug_macro   0x00010495       0x22 ./utilities/fsl_debug_console.o
 .debug_macro   0x000104b7       0x4a ./utilities/fsl_debug_console.o
 .debug_macro   0x00010501      0x1a1 ./utilities/fsl_io.o
 .debug_macro   0x000106a2       0x10 ./utilities/fsl_io.o
 .debug_macro   0x000106b2      0x1d4 ./utilities/fsl_log.o
 .debug_macro   0x00010886      0x1dc ./utilities/fsl_str.o
 .debug_macro   0x00010a62      0x1e1 ./utilities/fsl_str.o
 .debug_macro   0x00010c43      0x1d1 ./source/main.o
 .debug_macro   0x00010e14       0x40 ./source/main.o
 .debug_macro   0x00010e54       0x10 ./source/main.o
 .debug_macro   0x00010e64      0x245 ./drivers/fsl_clock.o
 .debug_macro   0x000110a9      0x18e ./drivers/fsl_dspi.o
 .debug_macro   0x00011237       0x3a ./drivers/fsl_dspi.o
 .debug_macro   0x00011271      0x194 ./drivers/fsl_edma.o
 .debug_macro   0x00011405       0x16 ./drivers/fsl_edma.o
 .debug_macro   0x0001141b      0x194 ./drivers/fsl_flexcan.o
 .debug_macro   0x000115af       0xd2 ./drivers/fsl_flexcan.o
 .debug_macro   0x00011681      0x18f ./drivers/fsl_gpio.o
 .debug_macro   0x00011810      0x18e ./drivers/fsl_i2c.o
 .debug_macro   0x0001199e       0x16 ./drivers/fsl_i2c.o
 .debug_macro   0x000119b4      0x1a6 ./drivers/fsl_sdhc.o
 .debug_macro   0x00011b5a       0x64 ./drivers/fsl_sdhc.o
 .debug_macro   0x00011bbe      0x195 ./drivers/fsl_uart.o
 .debug_macro   0x00011d53      0x1c1 ./board/board.o
 .debug_macro   0x00011f14       0x44 ./board/board.o
 .debug_macro   0x00011f58       0x11 ./board/clock_config.o
 .debug_macro   0x00011f69      0x191 ./board/pin_mux.o
 .debug_macro   0x000120fa       0x10 ./board/pin_mux.o
 .debug_macro   0x0001210a       0x9e ./CMSIS/system_MK22F12.o
 .debug_macro   0x000121a8       0xd9 ./CMSIS/system_MK22F12.o

.debug_line     0x00000000     0x7877
 .debug_line    0x00000000      0x351 ./utilities/fsl_assert.o
 .debug_line    0x00000351      0x49a ./utilities/fsl_debug_console.o
 .debug_line    0x000007eb      0x407 ./utilities/fsl_io.o
 .debug_line    0x00000bf2      0x432 ./utilities/fsl_log.o
 .debug_line    0x00001024      0x645 ./utilities/fsl_str.o
 .debug_line    0x00001669      0x15b ./startup/startup_MK22F12.o
 .debug_line    0x000017c4      0x446 ./source/main.o
 .debug_line    0x00001c0a      0xaee ./drivers/fsl_clock.o
 .debug_line    0x000026f8      0xc4a ./drivers/fsl_dspi.o
 .debug_line    0x00003342      0xc58 ./drivers/fsl_edma.o
 .debug_line    0x00003f9a      0xaab ./drivers/fsl_flexcan.o
 .debug_line    0x00004a45      0x3b7 ./drivers/fsl_gpio.o
 .debug_line    0x00004dfc      0xb1f ./drivers/fsl_i2c.o
 .debug_line    0x0000591b      0xa92 ./drivers/fsl_sdhc.o
 .debug_line    0x000063ad      0xad4 ./drivers/fsl_uart.o
 .debug_line    0x00006e81      0x378 ./board/board.o
 .debug_line    0x000071f9       0x48 ./board/clock_config.o
 .debug_line    0x00007241      0x3cb ./board/pin_mux.o
 .debug_line    0x0000760c      0x26b ./CMSIS/system_MK22F12.o

.debug_str      0x00000000    0x76a91
 .debug_str     0x00000000    0x6b7e9 ./utilities/fsl_assert.o
                              0x6b9e1 (size before relaxing)
 .debug_str     0x0006b7e9      0x4f2 ./utilities/fsl_debug_console.o
                              0x6bf37 (size before relaxing)
 .debug_str     0x0006bcdb      0x9c9 ./utilities/fsl_io.o
                              0x6c534 (size before relaxing)
 .debug_str     0x0006c6a4      0x1d8 ./utilities/fsl_log.o
                              0x6bd6c (size before relaxing)
 .debug_str     0x0006c87c      0xbc1 ./utilities/fsl_str.o
                              0x6c8bc (size before relaxing)
 .debug_str     0x0006d43d      0x330 ./source/main.o
                              0x6bf0d (size before relaxing)
 .debug_str     0x0006d76d     0x1ab6 ./drivers/fsl_clock.o
                              0x6da65 (size before relaxing)
 .debug_str     0x0006f223     0x184d ./drivers/fsl_dspi.o
                              0x6db4b (size before relaxing)
 .debug_str     0x00070a70     0x1085 ./drivers/fsl_edma.o
                              0x6d833 (size before relaxing)
 .debug_str     0x00071af5     0x1d6e ./drivers/fsl_flexcan.o
                              0x6e533 (size before relaxing)
 .debug_str     0x00073863       0xe0 ./drivers/fsl_gpio.o
                              0x6c06e (size before relaxing)
 .debug_str     0x00073943      0xc19 ./drivers/fsl_i2c.o
                              0x6d403 (size before relaxing)
 .debug_str     0x0007455c     0x18ad ./drivers/fsl_sdhc.o
                              0x6e0b4 (size before relaxing)
 .debug_str     0x00075e09      0x97d ./drivers/fsl_uart.o
                              0x6d500 (size before relaxing)
 .debug_str     0x00076786       0x37 ./board/board.o
                              0x6bc43 (size before relaxing)
 .debug_str     0x000767bd       0x2b ./board/clock_config.o
                               0x24a1 (size before relaxing)
 .debug_str     0x000767e8      0x18b ./board/pin_mux.o
                              0x6be5d (size before relaxing)
 .debug_str     0x00076973      0x11e ./CMSIS/system_MK22F12.o
                              0x688ac (size before relaxing)

.comment        0x00000000       0x70
 .comment       0x00000000       0x70 ./utilities/fsl_assert.o
                                 0x71 (size before relaxing)
 .comment       0x00000000       0x71 ./utilities/fsl_debug_console.o
 .comment       0x00000000       0x71 ./utilities/fsl_io.o
 .comment       0x00000000       0x71 ./utilities/fsl_log.o
 .comment       0x00000000       0x71 ./utilities/fsl_str.o
 .comment       0x00000000       0x71 ./source/main.o
 .comment       0x00000000       0x71 ./drivers/fsl_clock.o
 .comment       0x00000000       0x71 ./drivers/fsl_dspi.o
 .comment       0x00000000       0x71 ./drivers/fsl_edma.o
 .comment       0x00000000       0x71 ./drivers/fsl_flexcan.o
 .comment       0x00000000       0x71 ./drivers/fsl_gpio.o
 .comment       0x00000000       0x71 ./drivers/fsl_i2c.o
 .comment       0x00000000       0x71 ./drivers/fsl_sdhc.o
 .comment       0x00000000       0x71 ./drivers/fsl_uart.o
 .comment       0x00000000       0x71 ./board/board.o
 .comment       0x00000000       0x71 ./board/clock_config.o
 .comment       0x00000000       0x71 ./board/pin_mux.o
 .comment       0x00000000       0x71 ./CMSIS/system_MK22F12.o

.debug_frame    0x00000000     0x3a20
 .debug_frame   0x00000000       0x30 ./utilities/fsl_assert.o
 .debug_frame   0x00000030      0x15c ./utilities/fsl_debug_console.o
 .debug_frame   0x0000018c       0xc0 ./utilities/fsl_io.o
 .debug_frame   0x0000024c      0x108 ./utilities/fsl_log.o
 .debug_frame   0x00000354       0x8c ./utilities/fsl_str.o
 .debug_frame   0x000003e0       0xe0 ./source/main.o
 .debug_frame   0x000004c0      0x6ac ./drivers/fsl_clock.o
 .debug_frame   0x00000b6c      0x6a0 ./drivers/fsl_dspi.o
 .debug_frame   0x0000120c      0x774 ./drivers/fsl_edma.o
 .debug_frame   0x00001980      0x570 ./drivers/fsl_flexcan.o
 .debug_frame   0x00001ef0       0xcc ./drivers/fsl_gpio.o
 .debug_frame   0x00001fbc      0x574 ./drivers/fsl_i2c.o
 .debug_frame   0x00002530      0x5cc ./drivers/fsl_sdhc.o
 .debug_frame   0x00002afc      0x51c ./drivers/fsl_uart.o
 .debug_frame   0x00003018       0x30 ./board/board.o
 .debug_frame   0x00003048       0x28 ./board/clock_config.o
 .debug_frame   0x00003070       0x80 ./board/pin_mux.o
 .debug_frame   0x000030f0       0x44 ./CMSIS/system_MK22F12.o
 .debug_frame   0x00003134       0x28 /opt/Freescale/KDS_v3/toolchain/bin/../lib/gcc/arm-none-eabi/4.8.4/../../../../arm-none-eabi/lib/armv7e-m/fpu/libg_s.a(lib_a-exit.o)
 .debug_frame   0x0000315c       0x40 /opt/Freescale/KDS_v3/toolchain/bin/../lib/gcc/arm-none-eabi/4.8.4/../../../../arm-none-eabi/lib/armv7e-m/fpu/libg_s.a(lib_a-getchar.o)
 .debug_frame   0x0000319c       0x2c /opt/Freescale/KDS_v3/toolchain/bin/../lib/gcc/arm-none-eabi/4.8.4/../../../../arm-none-eabi/lib/armv7e-m/fpu/libg_s.a(lib_a-init.o)
 .debug_frame   0x000031c8       0x20 /opt/Freescale/KDS_v3/toolchain/bin/../lib/gcc/arm-none-eabi/4.8.4/../../../../arm-none-eabi/lib/armv7e-m/fpu/libg_s.a(lib_a-memset.o)
 .debug_frame   0x000031e8       0x60 /opt/Freescale/KDS_v3/toolchain/bin/../lib/gcc/arm-none-eabi/4.8.4/../../../../arm-none-eabi/lib/armv7e-m/fpu/libg_s.a(lib_a-printf.o)
 .debug_frame   0x00003248       0x3c /opt/Freescale/KDS_v3/toolchain/bin/../lib/gcc/arm-none-eabi/4.8.4/../../../../arm-none-eabi/lib/armv7e-m/fpu/libg_s.a(lib_a-puts.o)
 .debug_frame   0x00003284       0x20 /opt/Freescale/KDS_v3/toolchain/bin/../lib/gcc/arm-none-eabi/4.8.4/../../../../arm-none-eabi/lib/armv7e-m/fpu/libg_s.a(lib_a-strlen.o)
 .debug_frame   0x000032a4       0xa8 /opt/Freescale/KDS_v3/toolchain/bin/../lib/gcc/arm-none-eabi/4.8.4/../../../../arm-none-eabi/lib/armv7e-m/fpu/libg_s.a(lib_a-vfprintf.o)
 .debug_frame   0x0000334c       0x60 /opt/Freescale/KDS_v3/toolchain/bin/../lib/gcc/arm-none-eabi/4.8.4/../../../../arm-none-eabi/lib/armv7e-m/fpu/libg_s.a(lib_a-vfprintf_i.o)
 .debug_frame   0x000033ac       0x3c /opt/Freescale/KDS_v3/toolchain/bin/../lib/gcc/arm-none-eabi/4.8.4/../../../../arm-none-eabi/lib/armv7e-m/fpu/libg_s.a(lib_a-wbuf.o)
 .debug_frame   0x000033e8       0x2c /opt/Freescale/KDS_v3/toolchain/bin/../lib/gcc/arm-none-eabi/4.8.4/../../../../arm-none-eabi/lib/armv7e-m/fpu/libg_s.a(lib_a-wsetup.o)
 .debug_frame   0x00003414       0x5c /opt/Freescale/KDS_v3/toolchain/bin/../lib/gcc/arm-none-eabi/4.8.4/../../../../arm-none-eabi/lib/armv7e-m/fpu/libg_s.a(lib_a-fflush.o)
 .debug_frame   0x00003470      0x12c /opt/Freescale/KDS_v3/toolchain/bin/../lib/gcc/arm-none-eabi/4.8.4/../../../../arm-none-eabi/lib/armv7e-m/fpu/libg_s.a(lib_a-findfp.o)
 .debug_frame   0x0000359c       0x54 /opt/Freescale/KDS_v3/toolchain/bin/../lib/gcc/arm-none-eabi/4.8.4/../../../../arm-none-eabi/lib/armv7e-m/fpu/libg_s.a(lib_a-fwalk.o)
 .debug_frame   0x000035f0       0x48 /opt/Freescale/KDS_v3/toolchain/bin/../lib/gcc/arm-none-eabi/4.8.4/../../../../arm-none-eabi/lib/armv7e-m/fpu/libg_s.a(lib_a-getc.o)
 .debug_frame   0x00003638       0x30 /opt/Freescale/KDS_v3/toolchain/bin/../lib/gcc/arm-none-eabi/4.8.4/../../../../arm-none-eabi/lib/armv7e-m/fpu/libg_s.a(lib_a-makebuf.o)
 .debug_frame   0x00003668       0x28 /opt/Freescale/KDS_v3/toolchain/bin/../lib/gcc/arm-none-eabi/4.8.4/../../../../arm-none-eabi/lib/armv7e-m/fpu/libg_s.a(lib_a-memchr-stub.o)
 .debug_frame   0x00003690       0x2c /opt/Freescale/KDS_v3/toolchain/bin/../lib/gcc/arm-none-eabi/4.8.4/../../../../arm-none-eabi/lib/armv7e-m/fpu/libg_s.a(lib_a-nano-freer.o)
 .debug_frame   0x000036bc       0x2c /opt/Freescale/KDS_v3/toolchain/bin/../lib/gcc/arm-none-eabi/4.8.4/../../../../arm-none-eabi/lib/armv7e-m/fpu/libg_s.a(lib_a-nano-mallocr.o)
 .debug_frame   0x000036e8       0x3c /opt/Freescale/KDS_v3/toolchain/bin/../lib/gcc/arm-none-eabi/4.8.4/../../../../arm-none-eabi/lib/armv7e-m/fpu/libg_s.a(lib_a-rget.o)
 .debug_frame   0x00003724       0x2c /opt/Freescale/KDS_v3/toolchain/bin/../lib/gcc/arm-none-eabi/4.8.4/../../../../arm-none-eabi/lib/armv7e-m/fpu/libg_s.a(lib_a-sbrkr.o)
 .debug_frame   0x00003750       0x80 /opt/Freescale/KDS_v3/toolchain/bin/../lib/gcc/arm-none-eabi/4.8.4/../../../../arm-none-eabi/lib/armv7e-m/fpu/libg_s.a(lib_a-stdio.o)
 .debug_frame   0x000037d0       0x2c /opt/Freescale/KDS_v3/toolchain/bin/../lib/gcc/arm-none-eabi/4.8.4/../../../../arm-none-eabi/lib/armv7e-m/fpu/libg_s.a(lib_a-writer.o)
 .debug_frame   0x000037fc       0x2c /opt/Freescale/KDS_v3/toolchain/bin/../lib/gcc/arm-none-eabi/4.8.4/../../../../arm-none-eabi/lib/armv7e-m/fpu/libg_s.a(lib_a-closer.o)
 .debug_frame   0x00003828       0x2c /opt/Freescale/KDS_v3/toolchain/bin/../lib/gcc/arm-none-eabi/4.8.4/../../../../arm-none-eabi/lib/armv7e-m/fpu/libg_s.a(lib_a-fstatr.o)
 .debug_frame   0x00003854       0x2c /opt/Freescale/KDS_v3/toolchain/bin/../lib/gcc/arm-none-eabi/4.8.4/../../../../arm-none-eabi/lib/armv7e-m/fpu/libg_s.a(lib_a-isattyr.o)
 .debug_frame   0x00003880       0x2c /opt/Freescale/KDS_v3/toolchain/bin/../lib/gcc/arm-none-eabi/4.8.4/../../../../arm-none-eabi/lib/armv7e-m/fpu/libg_s.a(lib_a-lseekr.o)
 .debug_frame   0x000038ac       0x2c /opt/Freescale/KDS_v3/toolchain/bin/../lib/gcc/arm-none-eabi/4.8.4/../../../../arm-none-eabi/lib/armv7e-m/fpu/libg_s.a(lib_a-readr.o)
 .debug_frame   0x000038d8       0x48 /opt/Freescale/KDS_v3/toolchain/bin/../lib/gcc/arm-none-eabi/4.8.4/../../../../arm-none-eabi/lib/armv7e-m/fpu/libg_s.a(lib_a-reent.o)
 .debug_frame   0x00003920       0x40 /opt/Freescale/KDS_v3/toolchain/bin/../lib/gcc/arm-none-eabi/4.8.4/../../../../arm-none-eabi/lib/armv7e-m/fpu/libg_s.a(lib_a-refill.o)
 .debug_frame   0x00003960       0x20 /opt/Freescale/KDS_v3/toolchain/bin/../lib/gcc/arm-none-eabi/4.8.4/../../../../arm-none-eabi/lib/armv7e-m/fpu/libnosys.a(close.o)
 .debug_frame   0x00003980       0x20 /opt/Freescale/KDS_v3/toolchain/bin/../lib/gcc/arm-none-eabi/4.8.4/../../../../arm-none-eabi/lib/armv7e-m/fpu/libnosys.a(fstat.o)
 .debug_frame   0x000039a0       0x20 /opt/Freescale/KDS_v3/toolchain/bin/../lib/gcc/arm-none-eabi/4.8.4/../../../../arm-none-eabi/lib/armv7e-m/fpu/libnosys.a(isatty.o)
 .debug_frame   0x000039c0       0x20 /opt/Freescale/KDS_v3/toolchain/bin/../lib/gcc/arm-none-eabi/4.8.4/../../../../arm-none-eabi/lib/armv7e-m/fpu/libnosys.a(lseek.o)
 .debug_frame   0x000039e0       0x20 /opt/Freescale/KDS_v3/toolchain/bin/../lib/gcc/arm-none-eabi/4.8.4/../../../../arm-none-eabi/lib/armv7e-m/fpu/libnosys.a(sbrk.o)
 .debug_frame   0x00003a00       0x20 /opt/Freescale/KDS_v3/toolchain/bin/../lib/gcc/arm-none-eabi/4.8.4/../../../../arm-none-eabi/lib/armv7e-m/fpu/libnosys.a(_exit.o)

.stab           0x00000000       0x6c
 .stab          0x00000000       0x24 /opt/Freescale/KDS_v3/toolchain/bin/../lib/gcc/arm-none-eabi/4.8.4/../../../../arm-none-eabi/lib/armv7e-m/fpu/libnosys.a(close.o)
 .stab          0x00000024       0x18 /opt/Freescale/KDS_v3/toolchain/bin/../lib/gcc/arm-none-eabi/4.8.4/../../../../arm-none-eabi/lib/armv7e-m/fpu/libnosys.a(fstat.o)
                                 0x24 (size before relaxing)
 .stab          0x0000003c       0x18 /opt/Freescale/KDS_v3/toolchain/bin/../lib/gcc/arm-none-eabi/4.8.4/../../../../arm-none-eabi/lib/armv7e-m/fpu/libnosys.a(isatty.o)
                                 0x24 (size before relaxing)
 .stab          0x00000054       0x18 /opt/Freescale/KDS_v3/toolchain/bin/../lib/gcc/arm-none-eabi/4.8.4/../../../../arm-none-eabi/lib/armv7e-m/fpu/libnosys.a(lseek.o)
                                 0x24 (size before relaxing)

.stabstr        0x00000000       0xe3
 .stabstr       0x00000000       0xe3 /opt/Freescale/KDS_v3/toolchain/bin/../lib/gcc/arm-none-eabi/4.8.4/../../../../arm-none-eabi/lib/armv7e-m/fpu/libnosys.a(close.o)
