Archive member included because of file (symbol)

/opt/Freescale/KDS_v3/toolchain/bin/../lib/gcc/arm-none-eabi/4.8.4/../../../../arm-none-eabi/lib/armv7e-m/fpu/libg_s.a(lib_a-exit.o)
                              /opt/Freescale/KDS_v3/toolchain/bin/../lib/gcc/arm-none-eabi/4.8.4/../../../../arm-none-eabi/lib/armv7e-m/fpu/crt0.o (exit)
/opt/Freescale/KDS_v3/toolchain/bin/../lib/gcc/arm-none-eabi/4.8.4/../../../../arm-none-eabi/lib/armv7e-m/fpu/libg_s.a(lib_a-getchar.o)
                              ./source/main.o (getchar)
/opt/Freescale/KDS_v3/toolchain/bin/../lib/gcc/arm-none-eabi/4.8.4/../../../../arm-none-eabi/lib/armv7e-m/fpu/libg_s.a(lib_a-impure.o)
                              /opt/Freescale/KDS_v3/toolchain/bin/../lib/gcc/arm-none-eabi/4.8.4/../../../../arm-none-eabi/lib/armv7e-m/fpu/libg_s.a(lib_a-exit.o) (_global_impure_ptr)
/opt/Freescale/KDS_v3/toolchain/bin/../lib/gcc/arm-none-eabi/4.8.4/../../../../arm-none-eabi/lib/armv7e-m/fpu/libg_s.a(lib_a-init.o)
                              /opt/Freescale/KDS_v3/toolchain/bin/../lib/gcc/arm-none-eabi/4.8.4/../../../../arm-none-eabi/lib/armv7e-m/fpu/crt0.o (__libc_init_array)
/opt/Freescale/KDS_v3/toolchain/bin/../lib/gcc/arm-none-eabi/4.8.4/../../../../arm-none-eabi/lib/armv7e-m/fpu/libg_s.a(lib_a-memcpy-stub.o)
                              ./drivers/fsl_flash.o (memcpy)
/opt/Freescale/KDS_v3/toolchain/bin/../lib/gcc/arm-none-eabi/4.8.4/../../../../arm-none-eabi/lib/armv7e-m/fpu/libg_s.a(lib_a-memmove.o)
                              ./utilities/fsl_shell.o (memmove)
/opt/Freescale/KDS_v3/toolchain/bin/../lib/gcc/arm-none-eabi/4.8.4/../../../../arm-none-eabi/lib/armv7e-m/fpu/libg_s.a(lib_a-memset.o)
                              /opt/Freescale/KDS_v3/toolchain/bin/../lib/gcc/arm-none-eabi/4.8.4/../../../../arm-none-eabi/lib/armv7e-m/fpu/crt0.o (memset)
/opt/Freescale/KDS_v3/toolchain/bin/../lib/gcc/arm-none-eabi/4.8.4/../../../../arm-none-eabi/lib/armv7e-m/fpu/libg_s.a(lib_a-printf.o)
                              ./source/IO.o (printf)
/opt/Freescale/KDS_v3/toolchain/bin/../lib/gcc/arm-none-eabi/4.8.4/../../../../arm-none-eabi/lib/armv7e-m/fpu/libg_s.a(lib_a-puts.o)
                              ./source/IO.o (puts)
/opt/Freescale/KDS_v3/toolchain/bin/../lib/gcc/arm-none-eabi/4.8.4/../../../../arm-none-eabi/lib/armv7e-m/fpu/libg_s.a(lib_a-strlen.o)
                              ./utilities/fsl_str.o (strlen)
/opt/Freescale/KDS_v3/toolchain/bin/../lib/gcc/arm-none-eabi/4.8.4/../../../../arm-none-eabi/lib/armv7e-m/fpu/libg_s.a(lib_a-vfprintf.o)
                              /opt/Freescale/KDS_v3/toolchain/bin/../lib/gcc/arm-none-eabi/4.8.4/../../../../arm-none-eabi/lib/armv7e-m/fpu/libg_s.a(lib_a-printf.o) (_vfprintf_r)
/opt/Freescale/KDS_v3/toolchain/bin/../lib/gcc/arm-none-eabi/4.8.4/../../../../arm-none-eabi/lib/armv7e-m/fpu/libg_s.a(lib_a-vfprintf_i.o)
                              /opt/Freescale/KDS_v3/toolchain/bin/../lib/gcc/arm-none-eabi/4.8.4/../../../../arm-none-eabi/lib/armv7e-m/fpu/libg_s.a(lib_a-vfprintf.o) (_printf_i)
/opt/Freescale/KDS_v3/toolchain/bin/../lib/gcc/arm-none-eabi/4.8.4/../../../../arm-none-eabi/lib/armv7e-m/fpu/libg_s.a(lib_a-wbuf.o)
                              /opt/Freescale/KDS_v3/toolchain/bin/../lib/gcc/arm-none-eabi/4.8.4/../../../../arm-none-eabi/lib/armv7e-m/fpu/libg_s.a(lib_a-puts.o) (__swbuf_r)
/opt/Freescale/KDS_v3/toolchain/bin/../lib/gcc/arm-none-eabi/4.8.4/../../../../arm-none-eabi/lib/armv7e-m/fpu/libg_s.a(lib_a-wsetup.o)
                              /opt/Freescale/KDS_v3/toolchain/bin/../lib/gcc/arm-none-eabi/4.8.4/../../../../arm-none-eabi/lib/armv7e-m/fpu/libg_s.a(lib_a-puts.o) (__swsetup_r)
/opt/Freescale/KDS_v3/toolchain/bin/../lib/gcc/arm-none-eabi/4.8.4/../../../../arm-none-eabi/lib/armv7e-m/fpu/libg_s.a(lib_a-fflush.o)
                              /opt/Freescale/KDS_v3/toolchain/bin/../lib/gcc/arm-none-eabi/4.8.4/../../../../arm-none-eabi/lib/armv7e-m/fpu/libg_s.a(lib_a-wbuf.o) (_fflush_r)
/opt/Freescale/KDS_v3/toolchain/bin/../lib/gcc/arm-none-eabi/4.8.4/../../../../arm-none-eabi/lib/armv7e-m/fpu/libg_s.a(lib_a-findfp.o)
                              /opt/Freescale/KDS_v3/toolchain/bin/../lib/gcc/arm-none-eabi/4.8.4/../../../../arm-none-eabi/lib/armv7e-m/fpu/libg_s.a(lib_a-getchar.o) (__sinit)
/opt/Freescale/KDS_v3/toolchain/bin/../lib/gcc/arm-none-eabi/4.8.4/../../../../arm-none-eabi/lib/armv7e-m/fpu/libg_s.a(lib_a-fvwrite.o)
                              /opt/Freescale/KDS_v3/toolchain/bin/../lib/gcc/arm-none-eabi/4.8.4/../../../../arm-none-eabi/lib/armv7e-m/fpu/libg_s.a(lib_a-vfprintf.o) (__sfvwrite_r)
/opt/Freescale/KDS_v3/toolchain/bin/../lib/gcc/arm-none-eabi/4.8.4/../../../../arm-none-eabi/lib/armv7e-m/fpu/libg_s.a(lib_a-fwalk.o)
                              /opt/Freescale/KDS_v3/toolchain/bin/../lib/gcc/arm-none-eabi/4.8.4/../../../../arm-none-eabi/lib/armv7e-m/fpu/libg_s.a(lib_a-findfp.o) (_fwalk)
[...]
Memory Configuration

Name             Origin             Length             Attributes
m_interrupts     0x00000000         0x00000400         xr
m_flash_config   0x00000400         0x00000010         xr
m_text           0x00000410         0x000ffbf0         xr
m_data           0x1fff0000         0x00010000         rw
m_data_2         0x20000000         0x00010000         rw
*default*        0x00000000         0xffffffff

Linker script and memory map

LOAD /opt/Freescale/KDS_v3/toolchain/bin/../lib/gcc/arm-none-eabi/4.8.4/armv7e-m/fpu/crti.o
LOAD /opt/Freescale/KDS_v3/toolchain/bin/../lib/gcc/arm-none-eabi/4.8.4/armv7e-m/fpu/crtbegin.o
LOAD /opt/Freescale/KDS_v3/toolchain/bin/../lib/gcc/arm-none-eabi/4.8.4/../../../../arm-none-eabi/lib/armv7e-m/fpu/crt0.o
LOAD ./utilities/fsl_assert.o
LOAD ./utilities/fsl_debug_console.o
LOAD ./utilities/fsl_io.o
LOAD ./utilities/fsl_log.o
LOAD ./utilities/fsl_notifier.o
LOAD ./utilities/fsl_shell.o
LOAD ./utilities/fsl_str.o
LOAD ./startup/startup_MK22F12.o
LOAD ./source/IO.o
LOAD ./source/main.o
LOAD ./drivers/fsl_adc16.o
LOAD ./drivers/fsl_clock.o
LOAD ./drivers/fsl_cmp.o
LOAD ./drivers/fsl_cmt.o
LOAD ./drivers/fsl_common.o
LOAD ./drivers/fsl_crc.o
LOAD ./drivers/fsl_dac.o
LOAD ./drivers/fsl_dmamux.o
LOAD ./drivers/fsl_dspi.o
LOAD ./drivers/fsl_dspi_edma.o
LOAD ./drivers/fsl_edma.o
LOAD ./drivers/fsl_ewm.o
LOAD ./drivers/fsl_flash.o
LOAD ./drivers/fsl_flexcan.o
LOAD ./drivers/fsl_ftm.o
LOAD ./drivers/fsl_gpio.o
LOAD ./drivers/fsl_i2c.o
LOAD ./drivers/fsl_i2c_edma.o
LOAD ./drivers/fsl_llwu.o
LOAD ./drivers/fsl_lptmr.o
LOAD ./drivers/fsl_pdb.o
LOAD ./drivers/fsl_pit.o
LOAD ./drivers/fsl_pmc.o
LOAD ./drivers/fsl_rcm.o
LOAD ./drivers/fsl_rtc.o
LOAD ./drivers/fsl_sdhc.o
LOAD ./drivers/fsl_sim.o
LOAD ./drivers/fsl_smc.o
LOAD ./drivers/fsl_sysmpu.o
LOAD ./drivers/fsl_uart.o
LOAD ./drivers/fsl_uart_edma.o
LOAD ./drivers/fsl_vref.o
LOAD ./board/board.o
LOAD ./board/clock_config.o
LOAD ./board/pin_mux.o
LOAD ./CMSIS/system_MK22F12.o
LOAD /opt/Freescale/KDS_v3/toolchain/bin/../lib/gcc/arm-none-eabi/4.8.4/../../../../arm-none-eabi/lib/armv7e-m/fpu/libstdc++_s.a
LOAD /opt/Freescale/KDS_v3/toolchain/bin/../lib/gcc/arm-none-eabi/4.8.4/../../../../arm-none-eabi/lib/armv7e-m/fpu/libm.a
START GROUP
LOAD /opt/Freescale/KDS_v3/toolchain/bin/../lib/gcc/arm-none-eabi/4.8.4/armv7e-m/fpu/libgcc.a
LOAD /opt/Freescale/KDS_v3/toolchain/bin/../lib/gcc/arm-none-eabi/4.8.4/../../../../arm-none-eabi/lib/armv7e-m/fpu/libg_s.a
LOAD /opt/Freescale/KDS_v3/toolchain/bin/../lib/gcc/arm-none-eabi/4.8.4/../../../../arm-none-eabi/lib/armv7e-m/fpu/libc_s.a
END GROUP
START GROUP
LOAD /opt/Freescale/KDS_v3/toolchain/bin/../lib/gcc/arm-none-eabi/4.8.4/armv7e-m/fpu/libgcc.a
LOAD /opt/Freescale/KDS_v3/toolchain/bin/../lib/gcc/arm-none-eabi/4.8.4/../../../../arm-none-eabi/lib/armv7e-m/fpu/libc_s.a
LOAD /opt/Freescale/KDS_v3/toolchain/bin/../lib/gcc/arm-none-eabi/4.8.4/../../../../arm-none-eabi/lib/armv7e-m/fpu/libnosys.a
END GROUP
START GROUP
LOAD /opt/Freescale/KDS_v3/toolchain/bin/../lib/gcc/arm-none-eabi/4.8.4/armv7e-m/fpu/libgcc.a
LOAD /opt/Freescale/KDS_v3/toolchain/bin/../lib/gcc/arm-none-eabi/4.8.4/../../../../arm-none-eabi/lib/armv7e-m/fpu/libc_s.a
LOAD /opt/Freescale/KDS_v3/toolchain/bin/../lib/gcc/arm-none-eabi/4.8.4/../../../../arm-none-eabi/lib/armv7e-m/fpu/libnosys.a
END GROUP
LOAD /opt/Freescale/KDS_v3/toolchain/bin/../lib/gcc/arm-none-eabi/4.8.4/armv7e-m/fpu/crtend.o
LOAD /opt/Freescale/KDS_v3/toolchain/bin/../lib/gcc/arm-none-eabi/4.8.4/armv7e-m/fpu/crtn.o
                0x00000400                HEAP_SIZE = DEFINED (__heap_size__)?__heap_size__:0x400
                0x00000400                STACK_SIZE = DEFINED (__stack_size__)?__stack_size__:0x400

.interrupts     0x00000000      0x400
                0x00000000                . = ALIGN (0x4)
 *(.isr_vector)
 .isr_vector    0x00000000      0x400 ./startup/startup_MK22F12.o
                0x00000000                __isr_vector
                0x00000400                . = ALIGN (0x4)

.flash_config   0x00000400       0x10
                0x00000400                . = ALIGN (0x4)
 *(.FlashConfig)
 .FlashConfig   0x00000400       0x10 ./startup/startup_MK22F12.o
                0x00000410                . = ALIGN (0x4)

.text           0x00000410     0x46b0
                0x00000410                . = ALIGN (0x4)
 *(.text)
 .text          0x00000410       0x54 /opt/Freescale/KDS_v3/toolchain/bin/../lib/gcc/arm-none-eabi/4.8.4/armv7e-m/fpu/crtbegin.o
 .text          0x00000464       0x74 /opt/Freescale/KDS_v3/toolchain/bin/../lib/gcc/arm-none-eabi/4.8.4/../../../../arm-none-eabi/lib/armv7e-m/fpu/crt0.o
                0x00000464                _mainCRTStartup
                0x00000464                _start
 .text          0x000004d8      0x1c0 ./startup/startup_MK22F12.o
                0x000004d8                Reset_Handler
                0x00000520                DebugMon_Handler
                0x00000520                DMA_Error_DriverIRQHandler
                0x00000520                PIT0_IRQHandler
                0x00000520                CMP2_IRQHandler
                0x00000520                LLWU_IRQHandler
                0x00000520                I2S0_Tx_DriverIRQHandler
                0x00000520                SWI_IRQHandler
                0x00000520                ADC0_IRQHandler
                0x00000520                Reserved39_IRQHandler
                0x00000520                UsageFault_Handler
                0x00000520                CMT_IRQHandler
                0x00000520                DefaultISR
                0x00000520                UART5_ERR_DriverIRQHandler
                0x00000520                CMP1_IRQHandler
                0x00000520                Reserved71_IRQHandler
                0x00000520                PORTD_IRQHandler
                0x00000520                PORTB_IRQHandler
                0x00000520                UART2_ERR_DriverIRQHandler
                0x00000520                ADC1_IRQHandler
                0x00000520                PIT2_IRQHandler
                0x00000520                RTC_IRQHandler
                0x00000520                UART3_ERR_DriverIRQHandler
                0x00000520                PDB0_IRQHandler
                0x00000520                FTM1_IRQHandler
                0x00000520                PIT3_IRQHandler
                0x00000520                RTC_Seconds_IRQHandler
                0x00000520                MCG_IRQHandler
                0x00000520                FTFE_IRQHandler
                0x00000520                UART0_ERR_DriverIRQHandler
                0x00000520                Read_Collision_IRQHandler
                0x00000520                USBDCD_IRQHandler
                0x00000520                I2S0_Rx_DriverIRQHandler
                0x00000520                USB0_IRQHandler
                0x00000520                UART4_ERR_DriverIRQHandler
                0x00000520                WDOG_EWM_IRQHandler
                0x00000520                MemManage_Handler
                0x00000520                DAC0_IRQHandler
                0x00000520                Reserved46_IRQHandler
                0x00000520                PIT1_IRQHandler
                0x00000520                LVD_LVW_IRQHandler
                0x00000520                FTM0_IRQHandler
                0x00000520                PORTA_IRQHandler
                0x00000520                DAC1_IRQHandler
                0x00000520                MCM_IRQHandler
                0x00000520                FTM3_IRQHandler
                0x00000520                PORTE_IRQHandler
                0x00000520                FTM2_IRQHandler
                0x00000520                LPTMR0_IRQHandler
                0x00000520                BusFault_Handler
                0x00000520                UART1_ERR_DriverIRQHandler
                0x00000520                CMP0_IRQHandler
                0x00000520                PORTC_IRQHandler
                0x00000524                NMI_Handler
                0x00000528                HardFault_Handler
                0x0000052c                SVC_Handler
                0x00000530                PendSV_Handler
                0x00000534                SysTick_Handler
                0x00000538                DMA0_IRQHandler
                0x0000053c                DMA1_IRQHandler
                0x00000540                DMA2_IRQHandler
                0x00000544                DMA3_IRQHandler
                0x00000548                DMA4_IRQHandler
                0x0000054c                DMA5_IRQHandler
                0x00000550                DMA6_IRQHandler
                0x00000554                DMA7_IRQHandler
                0x00000558                DMA8_IRQHandler
                0x0000055c                DMA9_IRQHandler
                0x00000560                DMA10_IRQHandler
                0x00000564                DMA11_IRQHandler
                0x00000568                DMA12_IRQHandler
                0x0000056c                DMA13_IRQHandler
                0x00000570                DMA14_IRQHandler
                0x00000574                DMA15_IRQHandler
                0x00000578                DMA_Error_IRQHandler
                0x0000057c                I2C0_IRQHandler
                0x00000580                I2C1_IRQHandler
                0x00000584                SPI0_IRQHandler
                0x00000588                SPI1_IRQHandler
                0x0000058c                I2S0_Tx_IRQHandler
                0x00000590                I2S0_Rx_IRQHandler
                0x00000594                UART0_RX_TX_IRQHandler
                0x00000598                UART0_ERR_IRQHandler
                0x0000059c                UART1_RX_TX_IRQHandler
                0x000005a0                UART1_ERR_IRQHandler
                0x000005a4                UART2_RX_TX_IRQHandler
                0x000005a8                UART2_ERR_IRQHandler
                0x000005ac                UART3_RX_TX_IRQHandler
                0x000005b0                UART3_ERR_IRQHandler
                0x000005b4                SPI2_IRQHandler
                0x000005b8                UART4_RX_TX_IRQHandler
                0x000005bc                UART4_ERR_IRQHandler
                0x000005c0                UART5_RX_TX_IRQHandler
                0x000005c4                UART5_ERR_IRQHandler
                0x000005c8                I2C2_IRQHandler
                0x000005cc                CAN0_ORed_Message_buffer_IRQHandler
                0x000005d0                CAN0_Bus_Off_IRQHandler
                0x000005d4                CAN0_Error_IRQHandler
                0x000005d8                CAN0_Tx_Warning_IRQHandler
                0x000005dc                CAN0_Rx_Warning_IRQHandler
                0x000005e0                CAN0_Wake_Up_IRQHandler
                0x000005e4                SDHC_IRQHandler
 *(.text*)
 .text.__assert_func
                0x00000698       0x28 ./utilities/fsl_assert.o
                0x00000698                __assert_func
 .text.DbgConsole_Init
                0x000006c0       0x48 ./utilities/fsl_debug_console.o
                0x000006c0                DbgConsole_Init
 .text.DbgConsole_Printf
                0x00000708       0x68 ./utilities/fsl_debug_console.o
                0x00000708                DbgConsole_Printf
 .text.DbgConsole_RelocateLog
                0x00000770       0x60 ./utilities/fsl_debug_console.o
 .text._write   0x000007d0       0x40 ./utilities/fsl_debug_console.o
                0x000007d0                _write
 .text._read    0x00000810       0x2c ./utilities/fsl_debug_console.o
                0x00000810                _read
 .text.UART_EnableTx
                0x0000083c       0x40 ./utilities/fsl_io.o
 .text.UART_EnableRx
                0x0000087c       0x40 ./utilities/fsl_io.o
 .text.IO_Init  0x000008bc       0x8c ./utilities/fsl_io.o
                0x000008bc                IO_Init
 .text.IO_Transfer
                0x00000948       0x5c ./utilities/fsl_io.o
                0x00000948                IO_Transfer
 .text.LOG_Init
                0x000009a4       0x34 ./utilities/fsl_log.o
                0x000009a4                LOG_Init
 .text.LOG_Push
                0x000009d8       0x3c ./utilities/fsl_log.o
                0x000009d8                LOG_Push
 .text.LOG_Pop  0x00000a14       0x44 ./utilities/fsl_log.o
                0x00000a14                LOG_Pop
 .text.LOG_ReadLine
                0x00000a58       0xb8 ./utilities/fsl_log.o
                0x00000a58                LOG_ReadLine
 .text.LOG_ReadOneCharacter
                0x00000b10       0x28 ./utilities/fsl_log.o
 .text.ConvertRadixNumToString
                0x00000b38      0x118 ./utilities/fsl_str.o
 .text.StrFormatPrintf
                0x00000c50      0x394 ./utilities/fsl_str.o
                0x00000c50                StrFormatPrintf
 .text.GPIO_PinWrite
                0x00000fe4       0x34 ./source/IO.o
 .text.GPIO_PinRead
                0x00001018       0x24 ./source/IO.o
 .text.ReadCharger1UART
                0x0000103c       0x70 ./source/IO.o
                0x0000103c                ReadCharger1UART
 .text.ReadPowerStatus
                0x000010ac       0x90 ./source/IO.o
                0x000010ac                ReadPowerStatus
 .text.ReadChargerStatus
                0x0000113c       0x8c ./source/IO.o
                0x0000113c                ReadChargerStatus
 .text.ReadSwitchStatus
                0x000011c8      0x1d4 ./source/IO.o
                0x000011c8                ReadSwitchStatus
 .text.TurnOnAllSwitches
                0x0000139c       0x54 ./source/IO.o
                0x0000139c                TurnOnAllSwitches
 .text.TurnOffAllSwitches
                0x000013f0       0x54 ./source/IO.o
                0x000013f0                TurnOffAllSwitches
 .text.main     0x00001444      0x114 ./source/main.o
                0x00001444                main
 .text.CLOCK_GetMcgExtClkFreq
                0x00001558       0x80 ./drivers/fsl_clock.o
 .text.CLOCK_GetFllExtRefClkFreq
                0x000015d8       0xc0 ./drivers/fsl_clock.o
 .text.CLOCK_GetInternalRefClkSelectFreq
                0x00001698       0x44 ./drivers/fsl_clock.o
 .text.CLOCK_GetFllRefClkFreq
                0x000016dc       0x2c ./drivers/fsl_clock.o
 .text.CLOCK_GetPll0RefFreq
                0x00001708       0x10 ./drivers/fsl_clock.o
 .text.CLOCK_GetBusClkFreq
                0x00001718       0x28 ./drivers/fsl_clock.o
                0x00001718                CLOCK_GetBusClkFreq
 .text.CLOCK_GetOutClkFreq
                0x00001740       0x64 ./drivers/fsl_clock.o
                0x00001740                CLOCK_GetOutClkFreq
 .text.CLOCK_GetFllFreq
                0x000017a4       0x74 ./drivers/fsl_clock.o
                0x000017a4                CLOCK_GetFllFreq
 .text.CLOCK_GetPll0Freq
                0x00001818       0x78 ./drivers/fsl_clock.o
                0x00001818                CLOCK_GetPll0Freq
 .text.DSPI_IsMaster
                0x00001890       0x1c ./drivers/fsl_dspi.o
 .text.DSPI_CommonIRQHandler
                0x000018ac       0x40 ./drivers/fsl_dspi.o
 .text.SPI0_DriverIRQHandler
                0x000018ec       0x3c ./drivers/fsl_dspi.o
                0x000018ec                SPI0_DriverIRQHandler
 .text.SPI1_DriverIRQHandler
                0x00001928       0x3c ./drivers/fsl_dspi.o
                0x00001928                SPI1_DriverIRQHandler
 .text.SPI2_DriverIRQHandler
                0x00001964       0x3c ./drivers/fsl_dspi.o
                0x00001964                SPI2_DriverIRQHandler
 .text.EDMA_HandleIRQ
                0x000019a0      0x15c ./drivers/fsl_edma.o
                0x000019a0                EDMA_HandleIRQ
 .text.DMA0_DriverIRQHandler
                0x00001afc       0x18 ./drivers/fsl_edma.o
                0x00001afc                DMA0_DriverIRQHandler
 .text.DMA1_DriverIRQHandler
                0x00001b14       0x18 ./drivers/fsl_edma.o
                0x00001b14                DMA1_DriverIRQHandler
 .text.DMA2_DriverIRQHandler
                0x00001b2c       0x18 ./drivers/fsl_edma.o
                0x00001b2c                DMA2_DriverIRQHandler
 .text.DMA3_DriverIRQHandler
                0x00001b44       0x18 ./drivers/fsl_edma.o
                0x00001b44                DMA3_DriverIRQHandler
 .text.DMA4_DriverIRQHandler
                0x00001b5c       0x18 ./drivers/fsl_edma.o
                0x00001b5c                DMA4_DriverIRQHandler
 .text.DMA5_DriverIRQHandler
                0x00001b74       0x18 ./drivers/fsl_edma.o
                0x00001b74                DMA5_DriverIRQHandler
 .text.DMA6_DriverIRQHandler
                0x00001b8c       0x18 ./drivers/fsl_edma.o
                0x00001b8c                DMA6_DriverIRQHandler
 .text.DMA7_DriverIRQHandler
                0x00001ba4       0x18 ./drivers/fsl_edma.o
                0x00001ba4                DMA7_DriverIRQHandler
 .text.DMA8_DriverIRQHandler
                0x00001bbc       0x18 ./drivers/fsl_edma.o
                0x00001bbc                DMA8_DriverIRQHandler
 .text.DMA9_DriverIRQHandler
                0x00001bd4       0x18 ./drivers/fsl_edma.o
                0x00001bd4                DMA9_DriverIRQHandler
 .text.DMA10_DriverIRQHandler
                0x00001bec       0x18 ./drivers/fsl_edma.o
                0x00001bec                DMA10_DriverIRQHandler
 .text.DMA11_DriverIRQHandler
                0x00001c04       0x18 ./drivers/fsl_edma.o
                0x00001c04                DMA11_DriverIRQHandler
 .text.DMA12_DriverIRQHandler
                0x00001c1c       0x18 ./drivers/fsl_edma.o
                0x00001c1c                DMA12_DriverIRQHandler
 .text.DMA13_DriverIRQHandler
                0x00001c34       0x18 ./drivers/fsl_edma.o
                0x00001c34                DMA13_DriverIRQHandler
 .text.DMA14_DriverIRQHandler
                0x00001c4c       0x18 ./drivers/fsl_edma.o
                0x00001c4c                DMA14_DriverIRQHandler
 .text.DMA15_DriverIRQHandler
                0x00001c64       0x18 ./drivers/fsl_edma.o
                0x00001c64                DMA15_DriverIRQHandler
 .text.CAN0_DriverIRQHandler
                0x00001c7c       0x48 ./drivers/fsl_flexcan.o
                0x00001c7c                CAN0_DriverIRQHandler
 .text.GPIO_PinWrite
                0x00001cc4       0x34 ./drivers/fsl_gpio.o
 .text.GPIO_WritePinOutput
                0x00001cf8       0x20 ./drivers/fsl_gpio.o
 .text.GPIO_PinInit
                0x00001d18       0x70 ./drivers/fsl_gpio.o
                0x00001d18                GPIO_PinInit
 .text.I2C_TransferCommonIRQHandler
                0x00001d88       0x50 ./drivers/fsl_i2c.o
 .text.I2C0_DriverIRQHandler
                0x00001dd8       0x1c ./drivers/fsl_i2c.o
                0x00001dd8                I2C0_DriverIRQHandler
 .text.I2C1_DriverIRQHandler
                0x00001df4       0x1c ./drivers/fsl_i2c.o
                0x00001df4                I2C1_DriverIRQHandler
 .text.I2C2_DriverIRQHandler
                0x00001e10       0x1c ./drivers/fsl_i2c.o
                0x00001e10                I2C2_DriverIRQHandler
 .text.SDHC_DriverIRQHandler
                0x00001e2c       0x48 ./drivers/fsl_sdhc.o
                0x00001e2c                SDHC_DriverIRQHandler
 .text.CLOCK_EnableClock
                0x00001e74       0x34 ./drivers/fsl_uart.o
 .text.UART_GetInstance
                0x00001ea8       0x60 ./drivers/fsl_uart.o
                0x00001ea8                UART_GetInstance
 .text.UART_Init
                0x00001f08      0x2a4 ./drivers/fsl_uart.o
                0x00001f08                UART_Init
 .text.UART_GetDefaultConfig
                0x000021ac       0x68 ./drivers/fsl_uart.o
                0x000021ac                UART_GetDefaultConfig
 .text.UART_GetStatusFlags
                0x00002214       0x48 ./drivers/fsl_uart.o
                0x00002214                UART_GetStatusFlags
 .text.UART_WriteBlocking
                0x0000225c       0x40 ./drivers/fsl_uart.o
                0x0000225c                UART_WriteBlocking
 .text.UART_ReadBlocking
                0x0000229c       0xa4 ./drivers/fsl_uart.o
                0x0000229c                UART_ReadBlocking
 .text.UART0_DriverIRQHandler
                0x00002340       0x24 ./drivers/fsl_uart.o
                0x00002340                UART0_DriverIRQHandler
 .text.UART0_RX_TX_DriverIRQHandler
                0x00002364       0x10 ./drivers/fsl_uart.o
                0x00002364                UART0_RX_TX_DriverIRQHandler
 .text.UART1_DriverIRQHandler
                0x00002374       0x24 ./drivers/fsl_uart.o
                0x00002374                UART1_DriverIRQHandler
 .text.UART1_RX_TX_DriverIRQHandler
                0x00002398       0x10 ./drivers/fsl_uart.o
                0x00002398                UART1_RX_TX_DriverIRQHandler
 .text.UART2_DriverIRQHandler
                0x000023a8       0x24 ./drivers/fsl_uart.o
                0x000023a8                UART2_DriverIRQHandler
 .text.UART2_RX_TX_DriverIRQHandler
                0x000023cc       0x10 ./drivers/fsl_uart.o
                0x000023cc                UART2_RX_TX_DriverIRQHandler
 .text.UART3_DriverIRQHandler
                0x000023dc       0x24 ./drivers/fsl_uart.o
                0x000023dc                UART3_DriverIRQHandler
 .text.UART3_RX_TX_DriverIRQHandler
                0x00002400       0x10 ./drivers/fsl_uart.o
                0x00002400                UART3_RX_TX_DriverIRQHandler
 .text.UART4_DriverIRQHandler
                0x00002410       0x24 ./drivers/fsl_uart.o
                0x00002410                UART4_DriverIRQHandler
 .text.UART4_RX_TX_DriverIRQHandler
                0x00002434       0x10 ./drivers/fsl_uart.o
                0x00002434                UART4_RX_TX_DriverIRQHandler
 .text.UART5_DriverIRQHandler
                0x00002444       0x24 ./drivers/fsl_uart.o
                0x00002444                UART5_DriverIRQHandler
 .text.UART5_RX_TX_DriverIRQHandler
                0x00002468       0x10 ./drivers/fsl_uart.o
                0x00002468                UART5_RX_TX_DriverIRQHandler
 .text.CLOCK_EnableClock
                0x00002478       0x34 ./board/board.o
 .text.PORT_SetPinMux
                0x000024ac       0x38 ./board/board.o
 .text.GPIO_PinWrite
                0x000024e4       0x34 ./board/board.o
 .text.BOARD_InitDebugConsole
                0x00002518       0x24 ./board/board.o
                0x00002518                BOARD_InitDebugConsole
 .text.BOARD_InitPins
                0x0000253c      0x258 ./board/board.o
                0x0000253c                BOARD_InitPins
 .text.BOARD_BootClockRUN
                0x00002794        0xc ./board/clock_config.o
                0x00002794                BOARD_BootClockRUN
 .text.SystemInit
                0x000027a0       0x3c ./CMSIS/system_MK22F12.o
                0x000027a0                SystemInit
 .text.exit     0x000027dc       0x28 /opt/Freescale/KDS_v3/toolchain/bin/../lib/gcc/arm-none-eabi/4.8.4/../../../../arm-none-eabi/lib/armv7e-m/fpu/libg_s.a(lib_a-exit.o)
                0x000027dc                exit
 .text.getchar  0x00002804       0x24 /opt/Freescale/KDS_v3/toolchain/bin/../lib/gcc/arm-none-eabi/4.8.4/../../../../arm-none-eabi/lib/armv7e-m/fpu/libg_s.a(lib_a-getchar.o)
                0x00002804                getchar
 .text.__libc_init_array
                0x00002828       0x4c /opt/Freescale/KDS_v3/toolchain/bin/../lib/gcc/arm-none-eabi/4.8.4/../../../../arm-none-eabi/lib/armv7e-m/fpu/libg_s.a(lib_a-init.o)
                0x00002828                __libc_init_array
 .text.memset   0x00002874       0x10 /opt/Freescale/KDS_v3/toolchain/bin/../lib/gcc/arm-none-eabi/4.8.4/../../../../arm-none-eabi/lib/armv7e-m/fpu/libg_s.a(lib_a-memset.o)
                0x00002874                memset
 .text.printf   0x00002884       0x30 /opt/Freescale/KDS_v3/toolchain/bin/../lib/gcc/arm-none-eabi/4.8.4/../../../../arm-none-eabi/lib/armv7e-m/fpu/libg_s.a(lib_a-printf.o)
                0x00002884                printf
                0x00002884                iprintf
 .text._puts_r  0x000028b4       0xc0 /opt/Freescale/KDS_v3/toolchain/bin/../lib/gcc/arm-none-eabi/4.8.4/../../../../arm-none-eabi/lib/armv7e-m/fpu/libg_s.a(lib_a-puts.o)
                0x000028b4                _puts_r
 .text.puts     0x00002974       0x10 /opt/Freescale/KDS_v3/toolchain/bin/../lib/gcc/arm-none-eabi/4.8.4/../../../../arm-none-eabi/lib/armv7e-m/fpu/libg_s.a(lib_a-puts.o)
                0x00002974                puts
 .text.strlen   0x00002984       0x10 /opt/Freescale/KDS_v3/toolchain/bin/../lib/gcc/arm-none-eabi/4.8.4/../../../../arm-none-eabi/lib/armv7e-m/fpu/libg_s.a(lib_a-strlen.o)
                0x00002984                strlen
 .text.__sfputc_r
                0x00002994       0x2c /opt/Freescale/KDS_v3/toolchain/bin/../lib/gcc/arm-none-eabi/4.8.4/../../../../arm-none-eabi/lib/armv7e-m/fpu/libg_s.a(lib_a-vfprintf.o)
 .text.__sfputs_r
                0x000029c0       0x24 /opt/Freescale/KDS_v3/toolchain/bin/../lib/gcc/arm-none-eabi/4.8.4/../../../../arm-none-eabi/lib/armv7e-m/fpu/libg_s.a(lib_a-vfprintf.o)
                0x000029c0                __sfputs_r
 .text._vfprintf_r
                0x000029e4      0x208 /opt/Freescale/KDS_v3/toolchain/bin/../lib/gcc/arm-none-eabi/4.8.4/../../../../arm-none-eabi/lib/armv7e-m/fpu/libg_s.a(lib_a-vfprintf.o)
                0x000029e4                _vfiprintf_r
                0x000029e4                _vfprintf_r
 .text._printf_common
                0x00002bec       0xe4 /opt/Freescale/KDS_v3/toolchain/bin/../lib/gcc/arm-none-eabi/4.8.4/../../../../arm-none-eabi/lib/armv7e-m/fpu/libg_s.a(lib_a-vfprintf_i.o)
                0x00002bec                _printf_common
 .text._printf_i
                0x00002cd0      0x228 /opt/Freescale/KDS_v3/toolchain/bin/../lib/gcc/arm-none-eabi/4.8.4/../../../../arm-none-eabi/lib/armv7e-m/fpu/libg_s.a(lib_a-vfprintf_i.o)
                0x00002cd0                _printf_i
 .text.__swbuf_r
                0x00002ef8       0xa8 /opt/Freescale/KDS_v3/toolchain/bin/../lib/gcc/arm-none-eabi/4.8.4/../../../../arm-none-eabi/lib/armv7e-m/fpu/libg_s.a(lib_a-wbuf.o)
                0x00002ef8                __swbuf_r
 .text.__swsetup_r
                0x00002fa0       0xdc /opt/Freescale/KDS_v3/toolchain/bin/../lib/gcc/arm-none-eabi/4.8.4/../../../../arm-none-eabi/lib/armv7e-m/fpu/libg_s.a(lib_a-wsetup.o)
                0x00002fa0                __swsetup_r
 .text.__sflush_r
                0x0000307c      0x106 /opt/Freescale/KDS_v3/toolchain/bin/../lib/gcc/arm-none-eabi/4.8.4/../../../../arm-none-eabi/lib/armv7e-m/fpu/libg_s.a(lib_a-fflush.o)
                0x0000307c                __sflush_r
 *fill*         0x00003182        0x2 
 .text._fflush_r
                0x00003184       0x54 /opt/Freescale/KDS_v3/toolchain/bin/../lib/gcc/arm-none-eabi/4.8.4/../../../../arm-none-eabi/lib/armv7e-m/fpu/libg_s.a(lib_a-fflush.o)
                0x00003184                _fflush_r
 .text.fflush   0x000031d8       0x24 /opt/Freescale/KDS_v3/toolchain/bin/../lib/gcc/arm-none-eabi/4.8.4/../../../../arm-none-eabi/lib/armv7e-m/fpu/libg_s.a(lib_a-fflush.o)
                0x000031d8                fflush
 .text._cleanup_r
                0x000031fc       0x32 /opt/Freescale/KDS_v3/toolchain/bin/../lib/gcc/arm-none-eabi/4.8.4/../../../../arm-none-eabi/lib/armv7e-m/fpu/libg_s.a(lib_a-findfp.o)
                0x000031fc                _cleanup_r
 *fill*         0x0000322e        0x2 
 .text.std.isra.0
                0x00003230       0x48 /opt/Freescale/KDS_v3/toolchain/bin/../lib/gcc/arm-none-eabi/4.8.4/../../../../arm-none-eabi/lib/armv7e-m/fpu/libg_s.a(lib_a-findfp.o)
 .text.__sfmoreglue
                0x00003278       0x2c /opt/Freescale/KDS_v3/toolchain/bin/../lib/gcc/arm-none-eabi/4.8.4/../../../../arm-none-eabi/lib/armv7e-m/fpu/libg_s.a(lib_a-findfp.o)
                0x00003278                __sfmoreglue
 .text.__sinit  0x000032a4       0x60 /opt/Freescale/KDS_v3/toolchain/bin/../lib/gcc/arm-none-eabi/4.8.4/../../../../arm-none-eabi/lib/armv7e-m/fpu/libg_s.a(lib_a-findfp.o)
                0x000032a4                __sinit
 .text.__sfp    0x00003304       0x74 /opt/Freescale/KDS_v3/toolchain/bin/../lib/gcc/arm-none-eabi/4.8.4/../../../../arm-none-eabi/lib/armv7e-m/fpu/libg_s.a(lib_a-findfp.o)
                0x00003304                __sfp
 .text._fwalk   0x00003378       0x38 /opt/Freescale/KDS_v3/toolchain/bin/../lib/gcc/arm-none-eabi/4.8.4/../../../../arm-none-eabi/lib/armv7e-m/fpu/libg_s.a(lib_a-fwalk.o)
                0x00003378                _fwalk
 .text._fwalk_reent
                0x000033b0       0x3c /opt/Freescale/KDS_v3/toolchain/bin/../lib/gcc/arm-none-eabi/4.8.4/../../../../arm-none-eabi/lib/armv7e-m/fpu/libg_s.a(lib_a-fwalk.o)
                0x000033b0                _fwalk_reent
 .text._getc_r  0x000033ec       0x58 /opt/Freescale/KDS_v3/toolchain/bin/../lib/gcc/arm-none-eabi/4.8.4/../../../../arm-none-eabi/lib/armv7e-m/fpu/libg_s.a(lib_a-getc.o)
                0x000033ec                _getc_r
 .text.__smakebuf_r
                0x00003444       0x9c /opt/Freescale/KDS_v3/toolchain/bin/../lib/gcc/arm-none-eabi/4.8.4/../../../../arm-none-eabi/lib/armv7e-m/fpu/libg_s.a(lib_a-makebuf.o)
                0x00003444                __smakebuf_r
 .text.memchr   0x000034e0       0x1e /opt/Freescale/KDS_v3/toolchain/bin/../lib/gcc/arm-none-eabi/4.8.4/../../../../arm-none-eabi/lib/armv7e-m/fpu/libg_s.a(lib_a-memchr-stub.o)
                0x000034e0                memchr
 *fill*         0x000034fe        0x2 
 .text._free_r  0x00003500       0x88 /opt/Freescale/KDS_v3/toolchain/bin/../lib/gcc/arm-none-eabi/4.8.4/../../../../arm-none-eabi/lib/armv7e-m/fpu/libg_s.a(lib_a-nano-freer.o)
                0x00003500                _free_r
 .text._malloc_r
                0x00003588       0xa8 /opt/Freescale/KDS_v3/toolchain/bin/../lib/gcc/arm-none-eabi/4.8.4/../../../../arm-none-eabi/lib/armv7e-m/fpu/libg_s.a(lib_a-nano-mallocr.o)
                0x00003588                _malloc_r
 .text.__srget_r
                0x00003630       0x58 /opt/Freescale/KDS_v3/toolchain/bin/../lib/gcc/arm-none-eabi/4.8.4/../../../../arm-none-eabi/lib/armv7e-m/fpu/libg_s.a(lib_a-rget.o)
                0x00003630                __srget_r
 .text._sbrk_r  0x00003688       0x20 /opt/Freescale/KDS_v3/toolchain/bin/../lib/gcc/arm-none-eabi/4.8.4/../../../../arm-none-eabi/lib/armv7e-m/fpu/libg_s.a(lib_a-sbrkr.o)
                0x00003688                _sbrk_r
 .text.__sread  0x000036a8       0x22 /opt/Freescale/KDS_v3/toolchain/bin/../lib/gcc/arm-none-eabi/4.8.4/../../../../arm-none-eabi/lib/armv7e-m/fpu/libg_s.a(lib_a-stdio.o)
                0x000036a8                __sread
 .text.__swrite
                0x000036ca       0x38 /opt/Freescale/KDS_v3/toolchain/bin/../lib/gcc/arm-none-eabi/4.8.4/../../../../arm-none-eabi/lib/armv7e-m/fpu/libg_s.a(lib_a-stdio.o)
                0x000036ca                __swrite
 .text.__sseek  0x00003702       0x24 /opt/Freescale/KDS_v3/toolchain/bin/../lib/gcc/arm-none-eabi/4.8.4/../../../../arm-none-eabi/lib/armv7e-m/fpu/libg_s.a(lib_a-stdio.o)
                0x00003702                __sseek
 .text.__sclose
                0x00003726        0x8 /opt/Freescale/KDS_v3/toolchain/bin/../lib/gcc/arm-none-eabi/4.8.4/../../../../arm-none-eabi/lib/armv7e-m/fpu/libg_s.a(lib_a-stdio.o)
                0x00003726                __sclose
 *fill*         0x0000372e        0x2 
 .text._write_r
                0x00003730       0x24 /opt/Freescale/KDS_v3/toolchain/bin/../lib/gcc/arm-none-eabi/4.8.4/../../../../arm-none-eabi/lib/armv7e-m/fpu/libg_s.a(lib_a-writer.o)
                0x00003730                _write_r
 .text._close_r
                0x00003754       0x20 /opt/Freescale/KDS_v3/toolchain/bin/../lib/gcc/arm-none-eabi/4.8.4/../../../../arm-none-eabi/lib/armv7e-m/fpu/libg_s.a(lib_a-closer.o)
                0x00003754                _close_r
 .text._fstat_r
                0x00003774       0x24 /opt/Freescale/KDS_v3/toolchain/bin/../lib/gcc/arm-none-eabi/4.8.4/../../../../arm-none-eabi/lib/armv7e-m/fpu/libg_s.a(lib_a-fstatr.o)
                0x00003774                _fstat_r
 .text._isatty_r
                0x00003798       0x20 /opt/Freescale/KDS_v3/toolchain/bin/../lib/gcc/arm-none-eabi/4.8.4/../../../../arm-none-eabi/lib/armv7e-m/fpu/libg_s.a(lib_a-isattyr.o)
                0x00003798                _isatty_r
 .text._lseek_r
                0x000037b8       0x24 /opt/Freescale/KDS_v3/toolchain/bin/../lib/gcc/arm-none-eabi/4.8.4/../../../../arm-none-eabi/lib/armv7e-m/fpu/libg_s.a(lib_a-lseekr.o)
                0x000037b8                _lseek_r
 .text._read_r  0x000037dc       0x24 /opt/Freescale/KDS_v3/toolchain/bin/../lib/gcc/arm-none-eabi/4.8.4/../../../../arm-none-eabi/lib/armv7e-m/fpu/libg_s.a(lib_a-readr.o)
                0x000037dc                _read_r
 .text.lflush   0x00003800       0x12 /opt/Freescale/KDS_v3/toolchain/bin/../lib/gcc/arm-none-eabi/4.8.4/../../../../arm-none-eabi/lib/armv7e-m/fpu/libg_s.a(lib_a-refill.o)
 *fill*         0x00003812        0x2 
 .text.__srefill_r
                0x00003814      0x10c /opt/Freescale/KDS_v3/toolchain/bin/../lib/gcc/arm-none-eabi/4.8.4/../../../../arm-none-eabi/lib/armv7e-m/fpu/libg_s.a(lib_a-refill.o)
                0x00003814                __srefill_r
 .text._close   0x00003920       0x10 /opt/Freescale/KDS_v3/toolchain/bin/../lib/gcc/arm-none-eabi/4.8.4/../../../../arm-none-eabi/lib/armv7e-m/fpu/libnosys.a(close.o)
                0x00003920                _close
 .text._fstat   0x00003930       0x10 /opt/Freescale/KDS_v3/toolchain/bin/../lib/gcc/arm-none-eabi/4.8.4/../../../../arm-none-eabi/lib/armv7e-m/fpu/libnosys.a(fstat.o)
                0x00003930                _fstat
 .text._isatty  0x00003940       0x10 /opt/Freescale/KDS_v3/toolchain/bin/../lib/gcc/arm-none-eabi/4.8.4/../../../../arm-none-eabi/lib/armv7e-m/fpu/libnosys.a(isatty.o)
                0x00003940                _isatty
 .text._lseek   0x00003950       0x10 /opt/Freescale/KDS_v3/toolchain/bin/../lib/gcc/arm-none-eabi/4.8.4/../../../../arm-none-eabi/lib/armv7e-m/fpu/libnosys.a(lseek.o)
                0x00003950                _lseek
 .text._sbrk    0x00003960       0x34 /opt/Freescale/KDS_v3/toolchain/bin/../lib/gcc/arm-none-eabi/4.8.4/../../../../arm-none-eabi/lib/armv7e-m/fpu/libnosys.a(sbrk.o)
                0x00003960                _sbrk
 .text._exit    0x00003994        0x4 /opt/Freescale/KDS_v3/toolchain/bin/../lib/gcc/arm-none-eabi/4.8.4/../../../../arm-none-eabi/lib/armv7e-m/fpu/libnosys.a(_exit.o)
                0x00003994                _exit
 *(.rodata)
 .rodata        0x00003998       0x40 ./utilities/fsl_assert.o
 .rodata        0x000039d8       0x50 ./utilities/fsl_debug_console.o
 .rodata        0x00003a28       0x24 ./utilities/fsl_io.o
 .rodata        0x00003a4c       0x30 ./utilities/fsl_log.o
 .rodata        0x00003a7c      0x1d4 ./source/IO.o
 .rodata        0x00003c50      0x164 ./source/main.o
 .rodata        0x00003db4       0x48 ./drivers/fsl_clock.o
 .rodata        0x00003dfc       0xb4 ./drivers/fsl_dspi.o
 .rodata        0x00003eb0      0x244 ./drivers/fsl_edma.o
 .rodata        0x000040f4      0x2fc ./drivers/fsl_flexcan.o
 .rodata        0x000043f0       0x44 ./drivers/fsl_gpio.o
 .rodata        0x00004434      0x328 ./drivers/fsl_sdhc.o
 .rodata        0x0000475c      0x12c ./drivers/fsl_uart.o
 *(.rodata*)
 .rodata.__func__.7062
                0x00004888       0x10 ./utilities/fsl_debug_console.o
 .rodata.__func__.6824
                0x00004898        0x8 ./utilities/fsl_io.o
 .rodata.__func__.6654
                0x000048a0        0xc ./utilities/fsl_log.o
 .rodata.__func__.6664
                0x000048ac       0x10 ./utilities/fsl_log.o
 .rodata.__func__.6630
                0x000048bc       0x18 ./drivers/fsl_clock.o
 .rodata.fllFactorTable.6748
                0x000048d4       0x10 ./drivers/fsl_clock.o
 .rodata.__func__.6763
                0x000048e4       0x14 ./drivers/fsl_clock.o
 .rodata.__func__.7331
                0x000048f8       0x18 ./drivers/fsl_dspi.o
 .rodata.__func__.7335
                0x00004910       0x18 ./drivers/fsl_dspi.o
 .rodata.__func__.7339
                0x00004928       0x18 ./drivers/fsl_dspi.o
 .rodata.__func__.7120
                0x00004940       0x10 ./drivers/fsl_edma.o
 .rodata.__func__.7179
                0x00004950       0x18 ./drivers/fsl_flexcan.o
 .rodata.__func__.6677
                0x00004968       0x10 ./drivers/fsl_gpio.o
 .rodata.__func__.7352
                0x00004978       0x18 ./drivers/fsl_sdhc.o
 .rodata.s_uartBases
                0x00004990       0x18 ./drivers/fsl_uart.o
 .rodata.s_uartClock
                0x000049a8       0x18 ./drivers/fsl_uart.o
 .rodata.__func__.6831
                0x000049c0       0x14 ./drivers/fsl_uart.o
 .rodata.__func__.6847
                0x000049d4        0xc ./drivers/fsl_uart.o
 .rodata.__func__.6865
                0x000049e0       0x18 ./drivers/fsl_uart.o
 .rodata.__func__.6925
                0x000049f8       0x14 ./drivers/fsl_uart.o
 .rodata.str1.1
                0x00004a0c        0x2 /opt/Freescale/KDS_v3/toolchain/bin/../lib/gcc/arm-none-eabi/4.8.4/../../../../arm-none-eabi/lib/armv7e-m/fpu/libg_s.a(lib_a-impure.o)
 *fill*         0x00004a0e        0x2 
 .rodata._global_impure_ptr
                0x00004a10        0x4 /opt/Freescale/KDS_v3/toolchain/bin/../lib/gcc/arm-none-eabi/4.8.4/../../../../arm-none-eabi/lib/armv7e-m/fpu/libg_s.a(lib_a-impure.o)
                0x00004a10                _global_impure_ptr
 .rodata.str1.1
                0x00004a14       0x11 /opt/Freescale/KDS_v3/toolchain/bin/../lib/gcc/arm-none-eabi/4.8.4/../../../../arm-none-eabi/lib/armv7e-m/fpu/libg_s.a(lib_a-vfprintf.o)
 .rodata.str1.1
                0x00004a25       0x22 /opt/Freescale/KDS_v3/toolchain/bin/../lib/gcc/arm-none-eabi/4.8.4/../../../../arm-none-eabi/lib/armv7e-m/fpu/libg_s.a(lib_a-vfprintf_i.o)
 *fill*         0x00004a47        0x1 
 .rodata.__sf_fake_stdin
                0x00004a48       0x20 /opt/Freescale/KDS_v3/toolchain/bin/../lib/gcc/arm-none-eabi/4.8.4/../../../../arm-none-eabi/lib/armv7e-m/fpu/libg_s.a(lib_a-findfp.o)
                0x00004a48                __sf_fake_stdin
 .rodata.__sf_fake_stdout
                0x00004a68       0x20 /opt/Freescale/KDS_v3/toolchain/bin/../lib/gcc/arm-none-eabi/4.8.4/../../../../arm-none-eabi/lib/armv7e-m/fpu/libg_s.a(lib_a-findfp.o)
                0x00004a68                __sf_fake_stdout
 .rodata.__sf_fake_stderr
                0x00004a88       0x20 /opt/Freescale/KDS_v3/toolchain/bin/../lib/gcc/arm-none-eabi/4.8.4/../../../../arm-none-eabi/lib/armv7e-m/fpu/libg_s.a(lib_a-findfp.o)
                0x00004a88                __sf_fake_stderr
 *(.glue_7)
 .glue_7        0x00000000        0x0 linker stubs
 *(.glue_7t)
 .glue_7t       0x00000000        0x0 linker stubs
 *(.eh_frame)
 .eh_frame      0x00004aa8        0x0 /opt/Freescale/KDS_v3/toolchain/bin/../lib/gcc/arm-none-eabi/4.8.4/armv7e-m/fpu/crtbegin.o
 *(.init)
 .init          0x00004aa8        0x4 /opt/Freescale/KDS_v3/toolchain/bin/../lib/gcc/arm-none-eabi/4.8.4/armv7e-m/fpu/crti.o
                0x00004aa8                _init
 .init          0x00004aac        0x8 /opt/Freescale/KDS_v3/toolchain/bin/../lib/gcc/arm-none-eabi/4.8.4/armv7e-m/fpu/crtn.o
 *(.fini)
 .fini          0x00004ab4        0x4 /opt/Freescale/KDS_v3/toolchain/bin/../lib/gcc/arm-none-eabi/4.8.4/armv7e-m/fpu/crti.o
                0x00004ab4                _fini
 .fini          0x00004ab8        0x8 /opt/Freescale/KDS_v3/toolchain/bin/../lib/gcc/arm-none-eabi/4.8.4/armv7e-m/fpu/crtn.o
                0x00004ac0                . = ALIGN (0x4)

.vfp11_veneer   0x00004ac0        0x0
 .vfp11_veneer  0x00000000        0x0 linker stubs

.v4_bx          0x00004ac0        0x0
 .v4_bx         0x00000000        0x0 linker stubs

.iplt           0x00004ac0        0x0
 .iplt          0x00000000        0x0 /opt/Freescale/KDS_v3/toolchain/bin/../lib/gcc/arm-none-eabi/4.8.4/armv7e-m/fpu/crtbegin.o

.ARM.extab
 *(.ARM.extab* .gnu.linkonce.armextab.*)

.ARM            0x00004ac0        0x8
                0x00004ac0                __exidx_start = .
 *(.ARM.exidx*)
 .ARM.exidx     0x00004ac0        0x8 /opt/Freescale/KDS_v3/toolchain/bin/../lib/gcc/arm-none-eabi/4.8.4/../../../../arm-none-eabi/lib/armv7e-m/fpu/crt0.o
                0x00004ac8                __exidx_end = .

.rel.dyn        0x00004ac8        0x0
 .rel.iplt      0x00000000        0x0 /opt/Freescale/KDS_v3/toolchain/bin/../lib/gcc/arm-none-eabi/4.8.4/armv7e-m/fpu/crtbegin.o

.ctors          0x00004ac8        0x0
                0x00004ac8                __CTOR_LIST__ = .
 *crtbegin.o(.ctors)
 *crtbegin?.o(.ctors)
 *(EXCLUDE_FILE(*crtend.o *crtend?.o) .ctors)
 *(SORT(.ctors.*))
 *(.ctors)
                0x00004ac8                __CTOR_END__ = .

.dtors          0x00004ac8        0x0
                0x00004ac8                __DTOR_LIST__ = .
 *crtbegin.o(.dtors)
 *crtbegin?.o(.dtors)
 *(EXCLUDE_FILE(*crtend.o *crtend?.o) .dtors)
 *(SORT(.dtors.*))
 *(.dtors)
                0x00004ac8                __DTOR_END__ = .

.preinit_array  0x00004ac8        0x0
                0x00004ac8                PROVIDE (__preinit_array_start, .)
 *(.preinit_array*)
                0x00004ac8                PROVIDE (__preinit_array_end, .)

.init_array     0x00004ac8        0x4
                0x00004ac8                PROVIDE (__init_array_start, .)
 *(SORT(.init_array.*))
 *(.init_array*)
 .init_array    0x00004ac8        0x4 /opt/Freescale/KDS_v3/toolchain/bin/../lib/gcc/arm-none-eabi/4.8.4/armv7e-m/fpu/crtbegin.o
                0x00004acc                PROVIDE (__init_array_end, .)

.fini_array     0x00004acc        0x4
                0x00004acc                PROVIDE (__fini_array_start, .)
 *(SORT(.fini_array.*))
 *(.fini_array*)
 .fini_array    0x00004acc        0x4 /opt/Freescale/KDS_v3/toolchain/bin/../lib/gcc/arm-none-eabi/4.8.4/armv7e-m/fpu/crtbegin.o
                0x00004ad0                PROVIDE (__fini_array_end, .)
                0x00004ad0                __etext = .
                0x00004ad0                __DATA_ROM = .

.data           0x1fff0000       0x70 load address 0x00004ad0
                0x1fff0000                . = ALIGN (0x4)
                0x1fff0000                __DATA_RAM = .
                0x1fff0000                __data_start__ = .
 *(.data)
 *(.data*)
 .data.s_slowIrcFreq
                0x1fff0000        0x4 ./drivers/fsl_clock.o
 .data.s_fastIrcFreq
                0x1fff0004        0x4 ./drivers/fsl_clock.o
 .data.impure_data
                0x1fff0008       0x60 /opt/Freescale/KDS_v3/toolchain/bin/../lib/gcc/arm-none-eabi/4.8.4/../../../../arm-none-eabi/lib/armv7e-m/fpu/libg_s.a(lib_a-impure.o)
 .data._impure_ptr
                0x1fff0068        0x4 /opt/Freescale/KDS_v3/toolchain/bin/../lib/gcc/arm-none-eabi/4.8.4/../../../../arm-none-eabi/lib/armv7e-m/fpu/libg_s.a(lib_a-impure.o)
                0x1fff0068                _impure_ptr
 *(.jcr*)
 .jcr           0x1fff006c        0x0 /opt/Freescale/KDS_v3/toolchain/bin/../lib/gcc/arm-none-eabi/4.8.4/armv7e-m/fpu/crtbegin.o
 .jcr           0x1fff006c        0x4 /opt/Freescale/KDS_v3/toolchain/bin/../lib/gcc/arm-none-eabi/4.8.4/armv7e-m/fpu/crtend.o
                0x1fff0070                . = ALIGN (0x4)
                0x1fff0070                __data_end__ = .
                0x00004b40                __DATA_END = (__DATA_ROM + (__data_end__ - __data_start__))
                0x00100000                text_end = (ORIGIN (m_text) + 0xffbf0)
                0x00000001                ASSERT ((__DATA_END <= text_end), region m_text overflowed with text and data)

.igot.plt       0x1fff0070        0x0 load address 0x00004b40
 .igot.plt      0x00000000        0x0 /opt/Freescale/KDS_v3/toolchain/bin/../lib/gcc/arm-none-eabi/4.8.4/armv7e-m/fpu/crtbegin.o

.bss            0x1fff0070       0xf0 load address 0x00004b40
                0x1fff0070                . = ALIGN (0x4)
                0x1fff0070                __START_BSS = .
                0x1fff0070                __bss_start__ = .
 *(.bss)
 .bss           0x1fff0070       0x1c /opt/Freescale/KDS_v3/toolchain/bin/../lib/gcc/arm-none-eabi/4.8.4/armv7e-m/fpu/crtbegin.o
 *(.bss*)
 .bss.s_debugConsoleIO
                0x1fff008c        0x8 ./utilities/fsl_io.o
 .bss.g_dspiHandle
                0x1fff0094        0xc ./drivers/fsl_dspi.o
 .bss.s_dspiMasterIsr
                0x1fff00a0        0x4 ./drivers/fsl_dspi.o
 .bss.s_dspiSlaveIsr
                0x1fff00a4        0x4 ./drivers/fsl_dspi.o
 .bss.s_EDMAHandle
                0x1fff00a8       0x40 ./drivers/fsl_edma.o
 .bss.s_flexcanHandle
                0x1fff00e8        0x4 ./drivers/fsl_flexcan.o
 .bss.s_flexcanIsr
                0x1fff00ec        0x4 ./drivers/fsl_flexcan.o
 .bss.s_i2cHandle
                0x1fff00f0        0xc ./drivers/fsl_i2c.o
 .bss.s_i2cMasterIsr
                0x1fff00fc        0x4 ./drivers/fsl_i2c.o
 .bss.s_i2cSlaveIsr
                0x1fff0100        0x4 ./drivers/fsl_i2c.o
 .bss.s_sdhcHandle
                0x1fff0104        0x0 ./drivers/fsl_sdhc.o
 .bss.s_sdhcIsr
                0x1fff0104        0x4 ./drivers/fsl_sdhc.o
 .bss.s_uartHandle
                0x1fff0108       0x18 ./drivers/fsl_uart.o
 .bss.s_uartIsr
                0x1fff0120        0x4 ./drivers/fsl_uart.o
 .bss.__malloc_sbrk_start
                0x1fff0124        0x4 /opt/Freescale/KDS_v3/toolchain/bin/../lib/gcc/arm-none-eabi/4.8.4/../../../../arm-none-eabi/lib/armv7e-m/fpu/libg_s.a(lib_a-nano-mallocr.o)
                0x1fff0124                __malloc_sbrk_start
 .bss.__malloc_free_list
                0x1fff0128        0x4 /opt/Freescale/KDS_v3/toolchain/bin/../lib/gcc/arm-none-eabi/4.8.4/../../../../arm-none-eabi/lib/armv7e-m/fpu/libg_s.a(lib_a-nano-mallocr.o)
                0x1fff0128                __malloc_free_list
 .bss.heap_end.4246
                0x1fff012c        0x4 /opt/Freescale/KDS_v3/toolchain/bin/../lib/gcc/arm-none-eabi/4.8.4/../../../../arm-none-eabi/lib/armv7e-m/fpu/libnosys.a(sbrk.o)
 *(COMMON)
 COMMON         0x1fff0130       0x22 ./source/IO.o
                0x1fff0130                SW9_OCflag
                0x1fff0131                V33D_OCflag
                0x1fff0132                V5_pgood
                0x1fff0133                SW6_en
                0x1fff0134                SW7_OCflag
                0x1fff0135                SW8_en
                0x1fff0136                V5_en
                0x1fff0137                V33_en
                0x1fff0138                SW5_OCflag
                0x1fff0139                V33_pgood
                0x1fff013a                Charger_1_status
                0x1fff013b                SW7_en
                0x1fff013c                SW10_en
                0x1fff013d                Charger_2_faults
                0x1fff013e                Charger_2_status
                0x1fff013f                SW8_OCflag
                0x1fff0140                UARTConfig
                0x1fff014c                SW9_en
                0x1fff014d                SW5_en
                0x1fff014e                SW6_OCflag
                0x1fff014f                SW10_OCflag
                0x1fff0150                Charger_1_faults
                0x1fff0151                V33D_en
 *fill*         0x1fff0152        0x2 
 COMMON         0x1fff0154        0x8 ./drivers/fsl_clock.o
                0x1fff0154                g_xtal32Freq
                0x1fff0158                g_xtal0Freq
 COMMON         0x1fff015c        0x4 /opt/Freescale/KDS_v3/toolchain/bin/../lib/gcc/arm-none-eabi/4.8.4/../../../../arm-none-eabi/lib/armv7e-m/fpu/libg_s.a(lib_a-reent.o)
                0x1fff015c                errno
                0x1fff0160                . = ALIGN (0x4)
                0x1fff0160                __bss_end__ = .
                0x1fff0160                __END_BSS = .

.heap           0x20000000      0x400
                0x20000000                . = ALIGN (0x8)
                0x20000000                __end__ = .
                0x20000000                PROVIDE (end, .)
                0x20000000                __HeapBase = .
                0x20000400                . = (. + HEAP_SIZE)
 *fill*         0x20000000      0x400 
                0x20000400                __HeapLimit = .
                0x20000400                __heap_limit = .

.stack          0x20000400      0x400
                0x20000400                . = ALIGN (0x8)
                0x20000800                . = (. + STACK_SIZE)
 *fill*         0x20000400      0x400 
                0x20010000                __StackTop = (ORIGIN (m_data_2) + 0x10000)
                0x2000fc00                __StackLimit = (__StackTop - STACK_SIZE)
                0x20010000                PROVIDE (__stack, __StackTop)

.ARM.attributes
                0x00000000       0x30
 *(.ARM.attributes)
 .ARM.attributes
                0x00000000       0x22 /opt/Freescale/KDS_v3/toolchain/bin/../lib/gcc/arm-none-eabi/4.8.4/armv7e-m/fpu/crti.o
 .ARM.attributes
                0x00000022       0x34 /opt/Freescale/KDS_v3/toolchain/bin/../lib/gcc/arm-none-eabi/4.8.4/armv7e-m/fpu/crtbegin.o
 .ARM.attributes
                0x00000056       0x20 /opt/Freescale/KDS_v3/toolchain/bin/../lib/gcc/arm-none-eabi/4.8.4/../../../../arm-none-eabi/lib/armv7e-m/fpu/crt0.o
 .ARM.attributes
                0x00000076       0x39 ./utilities/fsl_assert.o
 .ARM.attributes
                0x000000af       0x39 ./utilities/fsl_debug_console.o
 .ARM.attributes
                0x000000e8       0x39 ./utilities/fsl_io.o
 .ARM.attributes
                0x00000121       0x39 ./utilities/fsl_log.o
 .ARM.attributes
                0x0000015a       0x39 ./utilities/fsl_str.o
 .ARM.attributes
                0x00000193       0x1f ./startup/startup_MK22F12.o
 .ARM.attributes
                0x000001b2       0x39 ./source/IO.o
 .ARM.attributes
                0x000001eb       0x39 ./source/main.o
 .ARM.attributes
                0x00000224       0x39 ./drivers/fsl_clock.o
 .ARM.attributes
                0x0000025d       0x39 ./drivers/fsl_dspi.o
 .ARM.attributes
                0x00000296       0x39 ./drivers/fsl_edma.o
 .ARM.attributes
                0x000002cf       0x39 ./drivers/fsl_flexcan.o
 .ARM.attributes
                0x00000308       0x39 ./drivers/fsl_gpio.o
 .ARM.attributes
                0x00000341       0x39 ./drivers/fsl_i2c.o
 .ARM.attributes
                0x0000037a       0x39 ./drivers/fsl_sdhc.o
 .ARM.attributes
                0x000003b3       0x39 ./drivers/fsl_uart.o
 .ARM.attributes
                0x000003ec       0x39 ./board/board.o
 .ARM.attributes
                0x00000425       0x39 ./board/clock_config.o
 .ARM.attributes
                0x0000045e       0x39 ./CMSIS/system_MK22F12.o
 .ARM.attributes
                0x00000497       0x34 /opt/Freescale/KDS_v3/toolchain/bin/../lib/gcc/arm-none-eabi/4.8.4/../../../../arm-none-eabi/lib/armv7e-m/fpu/libg_s.a(lib_a-exit.o)
 .ARM.attributes
                0x000004cb       0x34 /opt/Freescale/KDS_v3/toolchain/bin/../lib/gcc/arm-none-eabi/4.8.4/../../../../arm-none-eabi/lib/armv7e-m/fpu/libg_s.a(lib_a-getchar.o)
 .ARM.attributes
                0x000004ff       0x34 /opt/Freescale/KDS_v3/toolchain/bin/../lib/gcc/arm-none-eabi/4.8.4/../../../../arm-none-eabi/lib/armv7e-m/fpu/libg_s.a(lib_a-impure.o)
 .ARM.attributes
                0x00000533       0x34 /opt/Freescale/KDS_v3/toolchain/bin/../lib/gcc/arm-none-eabi/4.8.4/../../../../arm-none-eabi/lib/armv7e-m/fpu/libg_s.a(lib_a-init.o)
 .ARM.attributes
                0x00000567       0x34 /opt/Freescale/KDS_v3/toolchain/bin/../lib/gcc/arm-none-eabi/4.8.4/../../../../arm-none-eabi/lib/armv7e-m/fpu/libg_s.a(lib_a-memset.o)
 .ARM.attributes
                0x0000059b       0x34 /opt/Freescale/KDS_v3/toolchain/bin/../lib/gcc/arm-none-eabi/4.8.4/../../../../arm-none-eabi/lib/armv7e-m/fpu/libg_s.a(lib_a-printf.o)
 .ARM.attributes
                0x000005cf       0x34 /opt/Freescale/KDS_v3/toolchain/bin/../lib/gcc/arm-none-eabi/4.8.4/../../../../arm-none-eabi/lib/armv7e-m/fpu/libg_s.a(lib_a-puts.o)
 .ARM.attributes
                0x00000603       0x34 /opt/Freescale/KDS_v3/toolchain/bin/../lib/gcc/arm-none-eabi/4.8.4/../../../../arm-none-eabi/lib/armv7e-m/fpu/libg_s.a(lib_a-strlen.o)
 .ARM.attributes
                0x00000637       0x34 /opt/Freescale/KDS_v3/toolchain/bin/../lib/gcc/arm-none-eabi/4.8.4/../../../../arm-none-eabi/lib/armv7e-m/fpu/libg_s.a(lib_a-vfprintf.o)
 .ARM.attributes
                0x0000066b       0x34 /opt/Freescale/KDS_v3/toolchain/bin/../lib/gcc/arm-none-eabi/4.8.4/../../../../arm-none-eabi/lib/armv7e-m/fpu/libg_s.a(lib_a-vfprintf_i.o)
 .ARM.attributes
                0x0000069f       0x34 /opt/Freescale/KDS_v3/toolchain/bin/../lib/gcc/arm-none-eabi/4.8.4/../../../../arm-none-eabi/lib/armv7e-m/fpu/libg_s.a(lib_a-wbuf.o)
 .ARM.attributes
                0x000006d3       0x34 /opt/Freescale/KDS_v3/toolchain/bin/../lib/gcc/arm-none-eabi/4.8.4/../../../../arm-none-eabi/lib/armv7e-m/fpu/libg_s.a(lib_a-wsetup.o)
 .ARM.attributes
                0x00000707       0x34 /opt/Freescale/KDS_v3/toolchain/bin/../lib/gcc/arm-none-eabi/4.8.4/../../../../arm-none-eabi/lib/armv7e-m/fpu/libg_s.a(lib_a-fflush.o)
 .ARM.attributes
                0x0000073b       0x34 /opt/Freescale/KDS_v3/toolchain/bin/../lib/gcc/arm-none-eabi/4.8.4/../../../../arm-none-eabi/lib/armv7e-m/fpu/libg_s.a(lib_a-findfp.o)
 .ARM.attributes
                0x0000076f       0x34 /opt/Freescale/KDS_v3/toolchain/bin/../lib/gcc/arm-none-eabi/4.8.4/../../../../arm-none-eabi/lib/armv7e-m/fpu/libg_s.a(lib_a-fwalk.o)
 .ARM.attributes
                0x000007a3       0x34 /opt/Freescale/KDS_v3/toolchain/bin/../lib/gcc/arm-none-eabi/4.8.4/../../../../arm-none-eabi/lib/armv7e-m/fpu/libg_s.a(lib_a-getc.o)
 .ARM.attributes
                0x000007d7       0x34 /opt/Freescale/KDS_v3/toolchain/bin/../lib/gcc/arm-none-eabi/4.8.4/../../../../arm-none-eabi/lib/armv7e-m/fpu/libg_s.a(lib_a-makebuf.o)
 .ARM.attributes
                0x0000080b       0x34 /opt/Freescale/KDS_v3/toolchain/bin/../lib/gcc/arm-none-eabi/4.8.4/../../../../arm-none-eabi/lib/armv7e-m/fpu/libg_s.a(lib_a-memchr-stub.o)
 .ARM.attributes
                0x0000083f       0x34 /opt/Freescale/KDS_v3/toolchain/bin/../lib/gcc/arm-none-eabi/4.8.4/../../../../arm-none-eabi/lib/armv7e-m/fpu/libg_s.a(lib_a-nano-freer.o)
 .ARM.attributes
                0x00000873       0x34 /opt/Freescale/KDS_v3/toolchain/bin/../lib/gcc/arm-none-eabi/4.8.4/../../../../arm-none-eabi/lib/armv7e-m/fpu/libg_s.a(lib_a-nano-mallocr.o)
 .ARM.attributes
                0x000008a7       0x34 /opt/Freescale/KDS_v3/toolchain/bin/../lib/gcc/arm-none-eabi/4.8.4/../../../../arm-none-eabi/lib/armv7e-m/fpu/libg_s.a(lib_a-rget.o)
 .ARM.attributes
                0x000008db       0x34 /opt/Freescale/KDS_v3/toolchain/bin/../lib/gcc/arm-none-eabi/4.8.4/../../../../arm-none-eabi/lib/armv7e-m/fpu/libg_s.a(lib_a-sbrkr.o)
 .ARM.attributes
                0x0000090f       0x34 /opt/Freescale/KDS_v3/toolchain/bin/../lib/gcc/arm-none-eabi/4.8.4/../../../../arm-none-eabi/lib/armv7e-m/fpu/libg_s.a(lib_a-stdio.o)
 .ARM.attributes
                0x00000943       0x34 /opt/Freescale/KDS_v3/toolchain/bin/../lib/gcc/arm-none-eabi/4.8.4/../../../../arm-none-eabi/lib/armv7e-m/fpu/libg_s.a(lib_a-writer.o)
 .ARM.attributes
                0x00000977       0x34 /opt/Freescale/KDS_v3/toolchain/bin/../lib/gcc/arm-none-eabi/4.8.4/../../../../arm-none-eabi/lib/armv7e-m/fpu/libg_s.a(lib_a-closer.o)
 .ARM.attributes
                0x000009ab       0x34 /opt/Freescale/KDS_v3/toolchain/bin/../lib/gcc/arm-none-eabi/4.8.4/../../../../arm-none-eabi/lib/armv7e-m/fpu/libg_s.a(lib_a-fstatr.o)
 .ARM.attributes
                0x000009df       0x34 /opt/Freescale/KDS_v3/toolchain/bin/../lib/gcc/arm-none-eabi/4.8.4/../../../../arm-none-eabi/lib/armv7e-m/fpu/libg_s.a(lib_a-isattyr.o)
 .ARM.attributes
                0x00000a13       0x34 /opt/Freescale/KDS_v3/toolchain/bin/../lib/gcc/arm-none-eabi/4.8.4/../../../../arm-none-eabi/lib/armv7e-m/fpu/libg_s.a(lib_a-lseekr.o)
 .ARM.attributes
                0x00000a47       0x34 /opt/Freescale/KDS_v3/toolchain/bin/../lib/gcc/arm-none-eabi/4.8.4/../../../../arm-none-eabi/lib/armv7e-m/fpu/libg_s.a(lib_a-readr.o)
 .ARM.attributes
                0x00000a7b       0x34 /opt/Freescale/KDS_v3/toolchain/bin/../lib/gcc/arm-none-eabi/4.8.4/../../../../arm-none-eabi/lib/armv7e-m/fpu/libg_s.a(lib_a-reent.o)
 .ARM.attributes
                0x00000aaf       0x34 /opt/Freescale/KDS_v3/toolchain/bin/../lib/gcc/arm-none-eabi/4.8.4/../../../../arm-none-eabi/lib/armv7e-m/fpu/libg_s.a(lib_a-refill.o)
 .ARM.attributes
                0x00000ae3       0x34 /opt/Freescale/KDS_v3/toolchain/bin/../lib/gcc/arm-none-eabi/4.8.4/../../../../arm-none-eabi/lib/armv7e-m/fpu/libnosys.a(close.o)
 .ARM.attributes
                0x00000b17       0x34 /opt/Freescale/KDS_v3/toolchain/bin/../lib/gcc/arm-none-eabi/4.8.4/../../../../arm-none-eabi/lib/armv7e-m/fpu/libnosys.a(fstat.o)
 .ARM.attributes
                0x00000b4b       0x34 /opt/Freescale/KDS_v3/toolchain/bin/../lib/gcc/arm-none-eabi/4.8.4/../../../../arm-none-eabi/lib/armv7e-m/fpu/libnosys.a(isatty.o)
 .ARM.attributes
                0x00000b7f       0x34 /opt/Freescale/KDS_v3/toolchain/bin/../lib/gcc/arm-none-eabi/4.8.4/../../../../arm-none-eabi/lib/armv7e-m/fpu/libnosys.a(lseek.o)
 .ARM.attributes
                0x00000bb3       0x34 /opt/Freescale/KDS_v3/toolchain/bin/../lib/gcc/arm-none-eabi/4.8.4/../../../../arm-none-eabi/lib/armv7e-m/fpu/libnosys.a(sbrk.o)
 .ARM.attributes
                0x00000be7       0x34 /opt/Freescale/KDS_v3/toolchain/bin/../lib/gcc/arm-none-eabi/4.8.4/../../../../arm-none-eabi/lib/armv7e-m/fpu/libnosys.a(_exit.o)
 .ARM.attributes
                0x00000c1b       0x34 /opt/Freescale/KDS_v3/toolchain/bin/../lib/gcc/arm-none-eabi/4.8.4/armv7e-m/fpu/crtend.o
 .ARM.attributes
                0x00000c4f       0x22 /opt/Freescale/KDS_v3/toolchain/bin/../lib/gcc/arm-none-eabi/4.8.4/armv7e-m/fpu/crtn.o
                0x00000001                ASSERT ((__StackLimit >= __HeapLimit), region m_data_2 overflowed with stack and heap)
OUTPUT(EPS.elf elf32-littlearm)

.debug_info     0x00000000    0x116d7
 .debug_info    0x00000000      0x12a ./utilities/fsl_assert.o
 .debug_info    0x0000012a      0x41a ./utilities/fsl_debug_console.o
 .debug_info    0x00000544      0x7fc ./utilities/fsl_io.o
 .debug_info    0x00000d40      0x394 ./utilities/fsl_log.o
 .debug_info    0x000010d4      0x51e ./utilities/fsl_str.o
 .debug_info    0x000015f2       0x7b ./startup/startup_MK22F12.o
 .debug_info    0x0000166d      0x8dc ./source/IO.o
 .debug_info    0x00001f49      0x1cd ./source/main.o
 .debug_info    0x00002116     0x1b4d ./drivers/fsl_clock.o
 .debug_info    0x00003c63     0x25c9 ./drivers/fsl_dspi.o
 .debug_info    0x0000622c     0x236c ./drivers/fsl_edma.o
 .debug_info    0x00008598     0x2070 ./drivers/fsl_flexcan.o
 .debug_info    0x0000a608      0x64b ./drivers/fsl_gpio.o
 .debug_info    0x0000ac53     0x1e01 ./drivers/fsl_i2c.o
 .debug_info    0x0000ca54     0x22be ./drivers/fsl_sdhc.o
 .debug_info    0x0000ed12     0x1bca ./drivers/fsl_uart.o
 .debug_info    0x000108dc      0x7ba ./board/board.o
 .debug_info    0x00011096       0x3b ./board/clock_config.o
 .debug_info    0x000110d1      0x606 ./CMSIS/system_MK22F12.o

.debug_abbrev   0x00000000     0x2373
 .debug_abbrev  0x00000000       0x9c ./utilities/fsl_assert.o
 .debug_abbrev  0x0000009c      0x187 ./utilities/fsl_debug_console.o
 .debug_abbrev  0x00000223      0x1f5 ./utilities/fsl_io.o
 .debug_abbrev  0x00000418      0x173 ./utilities/fsl_log.o
 .debug_abbrev  0x0000058b      0x17e ./utilities/fsl_str.o
 .debug_abbrev  0x00000709       0x14 ./startup/startup_MK22F12.o
 .debug_abbrev  0x0000071d      0x1dd ./source/IO.o
 .debug_abbrev  0x000008fa      0x106 ./source/main.o
 .debug_abbrev  0x00000a00      0x2d4 ./drivers/fsl_clock.o
 .debug_abbrev  0x00000cd4      0x308 ./drivers/fsl_dspi.o
 .debug_abbrev  0x00000fdc      0x376 ./drivers/fsl_edma.o
 .debug_abbrev  0x00001352      0x2c9 ./drivers/fsl_flexcan.o
 .debug_abbrev  0x0000161b      0x1ad ./drivers/fsl_gpio.o
 .debug_abbrev  0x000017c8      0x320 ./drivers/fsl_i2c.o
 .debug_abbrev  0x00001ae8      0x298 ./drivers/fsl_sdhc.o
 .debug_abbrev  0x00001d80      0x2e1 ./drivers/fsl_uart.o
 .debug_abbrev  0x00002061      0x1c9 ./board/board.o
 .debug_abbrev  0x0000222a       0x2f ./board/clock_config.o
 .debug_abbrev  0x00002259      0x11a ./CMSIS/system_MK22F12.o

.debug_aranges  0x00000000      0xea0
 .debug_aranges
                0x00000000       0x20 ./utilities/fsl_assert.o
 .debug_aranges
                0x00000020       0x68 ./utilities/fsl_debug_console.o
 .debug_aranges
                0x00000088       0x48 ./utilities/fsl_io.o
 .debug_aranges
                0x000000d0       0x58 ./utilities/fsl_log.o
 .debug_aranges
                0x00000128       0x38 ./utilities/fsl_str.o
 .debug_aranges
                0x00000160       0x20 ./startup/startup_MK22F12.o
 .debug_aranges
                0x00000180       0x58 ./source/IO.o
 .debug_aranges
                0x000001d8       0x28 ./source/main.o
 .debug_aranges
                0x00000200      0x1e8 ./drivers/fsl_clock.o
 .debug_aranges
                0x000003e8      0x1d0 ./drivers/fsl_dspi.o
 .debug_aranges
                0x000005b8      0x210 ./drivers/fsl_edma.o
 .debug_aranges
                0x000007c8      0x180 ./drivers/fsl_flexcan.o
 .debug_aranges
                0x00000948       0x48 ./drivers/fsl_gpio.o
 .debug_aranges
                0x00000990      0x180 ./drivers/fsl_i2c.o
 .debug_aranges
                0x00000b10      0x198 ./drivers/fsl_sdhc.o
 .debug_aranges
                0x00000ca8      0x170 ./drivers/fsl_uart.o
 .debug_aranges
                0x00000e18       0x40 ./board/board.o
 .debug_aranges
                0x00000e58       0x20 ./board/clock_config.o
 .debug_aranges
                0x00000e78       0x28 ./CMSIS/system_MK22F12.o

.debug_ranges   0x00000000      0xd60
 .debug_ranges  0x00000000       0x10 ./utilities/fsl_assert.o
 .debug_ranges  0x00000010       0x58 ./utilities/fsl_debug_console.o
 .debug_ranges  0x00000068       0x38 ./utilities/fsl_io.o
 .debug_ranges  0x000000a0       0x48 ./utilities/fsl_log.o
 .debug_ranges  0x000000e8       0x28 ./utilities/fsl_str.o
 .debug_ranges  0x00000110       0x48 ./source/IO.o
 .debug_ranges  0x00000158       0x18 ./source/main.o
 .debug_ranges  0x00000170      0x1d8 ./drivers/fsl_clock.o
 .debug_ranges  0x00000348      0x1c0 ./drivers/fsl_dspi.o
 .debug_ranges  0x00000508      0x200 ./drivers/fsl_edma.o
 .debug_ranges  0x00000708      0x170 ./drivers/fsl_flexcan.o
 .debug_ranges  0x00000878       0x38 ./drivers/fsl_gpio.o
 .debug_ranges  0x000008b0      0x170 ./drivers/fsl_i2c.o
 .debug_ranges  0x00000a20      0x188 ./drivers/fsl_sdhc.o
 .debug_ranges  0x00000ba8      0x160 ./drivers/fsl_uart.o
 .debug_ranges  0x00000d08       0x30 ./board/board.o
 .debug_ranges  0x00000d38       0x10 ./board/clock_config.o
 .debug_ranges  0x00000d48       0x18 ./CMSIS/system_MK22F12.o

.debug_macro    0x00000000    0x12534
 .debug_macro   0x00000000      0x188 ./utilities/fsl_assert.o
 .debug_macro   0x00000188      0x86e ./utilities/fsl_assert.o
 .debug_macro   0x000009f6       0x58 ./utilities/fsl_assert.o
 .debug_macro   0x00000a4e       0x16 ./utilities/fsl_assert.o
 .debug_macro   0x00000a64       0x35 ./utilities/fsl_assert.o
 .debug_macro   0x00000a99       0xa3 ./utilities/fsl_assert.o
 .debug_macro   0x00000b3c       0x16 ./utilities/fsl_assert.o
 .debug_macro   0x00000b52       0x22 ./utilities/fsl_assert.o
 .debug_macro   0x00000b74       0x4a ./utilities/fsl_assert.o
 .debug_macro   0x00000bbe      0x209 ./utilities/fsl_assert.o
 .debug_macro   0x00000dc7      0x166 ./utilities/fsl_assert.o
 .debug_macro   0x00000f2d       0x52 ./utilities/fsl_assert.o
 .debug_macro   0x00000f7f       0x16 ./utilities/fsl_assert.o
 .debug_macro   0x00000f95       0x43 ./utilities/fsl_assert.o
 .debug_macro   0x00000fd8      0x180 ./utilities/fsl_assert.o
 .debug_macro   0x00001158      0x2a6 ./utilities/fsl_assert.o
 .debug_macro   0x000013fe       0x10 ./utilities/fsl_assert.o
 .debug_macro   0x0000140e       0x35 ./utilities/fsl_assert.o
 .debug_macro   0x00001443       0x1f ./utilities/fsl_assert.o
 .debug_macro   0x00001462       0x10 ./utilities/fsl_assert.o
 .debug_macro   0x00001472       0x5b ./utilities/fsl_assert.o
 .debug_macro   0x000014cd       0x1c ./utilities/fsl_assert.o
 .debug_macro   0x000014e9       0x22 ./utilities/fsl_assert.o
 .debug_macro   0x0000150b       0xd3 ./utilities/fsl_assert.o
 .debug_macro   0x000015de      0xec1 ./utilities/fsl_assert.o
 .debug_macro   0x0000249f       0x38 ./utilities/fsl_assert.o
 .debug_macro   0x000024d7     0xc38d ./utilities/fsl_assert.o
 .debug_macro   0x0000e864     0x13f8 ./utilities/fsl_assert.o
 .debug_macro   0x0000fc5c       0x46 ./utilities/fsl_assert.o
 .debug_macro   0x0000fca2      0x141 ./utilities/fsl_assert.o
 .debug_macro   0x0000fde3       0x5f ./utilities/fsl_assert.o
 .debug_macro   0x0000fe42       0x28 ./utilities/fsl_assert.o
 .debug_macro   0x0000fe6a      0x1e2 ./utilities/fsl_debug_console.o
 .debug_macro   0x0001004c       0x58 ./utilities/fsl_debug_console.o
 .debug_macro   0x000100a4       0x16 ./utilities/fsl_debug_console.o
 .debug_macro   0x000100ba      0x10e ./utilities/fsl_debug_console.o
 .debug_macro   0x000101c8       0x7f ./utilities/fsl_debug_console.o
 .debug_macro   0x00010247       0x16 ./utilities/fsl_debug_console.o
 .debug_macro   0x0001025d       0x29 ./utilities/fsl_debug_console.o
 .debug_macro   0x00010286      0x20f ./utilities/fsl_debug_console.o
 .debug_macro   0x00010495       0x22 ./utilities/fsl_debug_console.o
 .debug_macro   0x000104b7       0x4a ./utilities/fsl_debug_console.o
 .debug_macro   0x00010501      0x1a1 ./utilities/fsl_io.o
 .debug_macro   0x000106a2       0x10 ./utilities/fsl_io.o
 .debug_macro   0x000106b2      0x1d4 ./utilities/fsl_log.o
 .debug_macro   0x00010886      0x1dc ./utilities/fsl_str.o
 .debug_macro   0x00010a62      0x1e1 ./utilities/fsl_str.o
 .debug_macro   0x00010c43      0x1ab ./source/IO.o
 .debug_macro   0x00010dee      0x1cf ./source/main.o
 .debug_macro   0x00010fbd       0x10 ./source/main.o
 .debug_macro   0x00010fcd       0x44 ./source/main.o
 .debug_macro   0x00011011       0xd9 ./source/main.o
 .debug_macro   0x000110ea      0x2a0 ./source/main.o
 .debug_macro   0x0001138a       0x10 ./source/main.o
 .debug_macro   0x0001139a       0x10 ./source/main.o
 .debug_macro   0x000113aa       0x34 ./source/main.o
 .debug_macro   0x000113de      0x245 ./drivers/fsl_clock.o
 .debug_macro   0x00011623      0x18e ./drivers/fsl_dspi.o
 .debug_macro   0x000117b1       0x3a ./drivers/fsl_dspi.o
 .debug_macro   0x000117eb      0x194 ./drivers/fsl_edma.o
 .debug_macro   0x0001197f       0x16 ./drivers/fsl_edma.o
 .debug_macro   0x00011995      0x194 ./drivers/fsl_flexcan.o
 .debug_macro   0x00011b29       0xd2 ./drivers/fsl_flexcan.o
 .debug_macro   0x00011bfb      0x18f ./drivers/fsl_gpio.o
 .debug_macro   0x00011d8a      0x18e ./drivers/fsl_i2c.o
 .debug_macro   0x00011f18       0x16 ./drivers/fsl_i2c.o
 .debug_macro   0x00011f2e      0x1a6 ./drivers/fsl_sdhc.o
 .debug_macro   0x000120d4       0x64 ./drivers/fsl_sdhc.o
 .debug_macro   0x00012138      0x195 ./drivers/fsl_uart.o
 .debug_macro   0x000122cd      0x1b8 ./board/board.o
 .debug_macro   0x00012485       0x11 ./board/clock_config.o
 .debug_macro   0x00012496       0x9e ./CMSIS/system_MK22F12.o

.debug_line     0x00000000     0x792f
 .debug_line    0x00000000      0x351 ./utilities/fsl_assert.o
 .debug_line    0x00000351      0x49a ./utilities/fsl_debug_console.o
 .debug_line    0x000007eb      0x407 ./utilities/fsl_io.o
 .debug_line    0x00000bf2      0x432 ./utilities/fsl_log.o
 .debug_line    0x00001024      0x645 ./utilities/fsl_str.o
 .debug_line    0x00001669      0x15b ./startup/startup_MK22F12.o
 .debug_line    0x000017c4      0x431 ./source/IO.o
 .debug_line    0x00001bf5      0x3ff ./source/main.o
 .debug_line    0x00001ff4      0xaee ./drivers/fsl_clock.o
 .debug_line    0x00002ae2      0xc4a ./drivers/fsl_dspi.o
 .debug_line    0x0000372c      0xc58 ./drivers/fsl_edma.o
 .debug_line    0x00004384      0xaab ./drivers/fsl_flexcan.o
 .debug_line    0x00004e2f      0x3b7 ./drivers/fsl_gpio.o
 .debug_line    0x000051e6      0xb1f ./drivers/fsl_i2c.o
 .debug_line    0x00005d05      0xa92 ./drivers/fsl_sdhc.o
 .debug_line    0x00006797      0xad4 ./drivers/fsl_uart.o
 .debug_line    0x0000726b      0x411 ./board/board.o
 .debug_line    0x0000767c       0x48 ./board/clock_config.o
 .debug_line    0x000076c4      0x26b ./CMSIS/system_MK22F12.o

.debug_str      0x00000000    0x76b64
 .debug_str     0x00000000    0x6b7e6 ./utilities/fsl_assert.o
                              0x6b9de (size before relaxing)
 .debug_str     0x0006b7e6      0x4f2 ./utilities/fsl_debug_console.o
                              0x6bf34 (size before relaxing)
 .debug_str     0x0006bcd8      0x9c9 ./utilities/fsl_io.o
                              0x6c531 (size before relaxing)
 .debug_str     0x0006c6a1      0x1d8 ./utilities/fsl_log.o
                              0x6bd69 (size before relaxing)
 .debug_str     0x0006c879      0xbc1 ./utilities/fsl_str.o
                              0x6c8b9 (size before relaxing)
 .debug_str     0x0006d43a      0x205 ./source/IO.o
                              0x6c311 (size before relaxing)
 .debug_str     0x0006d63f      0x1f9 ./source/main.o
                              0x6bc74 (size before relaxing)
 .debug_str     0x0006d838     0x1ab6 ./drivers/fsl_clock.o
                              0x6da62 (size before relaxing)
 .debug_str     0x0006f2ee     0x184d ./drivers/fsl_dspi.o
                              0x6db48 (size before relaxing)
 .debug_str     0x00070b3b     0x1085 ./drivers/fsl_edma.o
                              0x6d830 (size before relaxing)
 .debug_str     0x00071bc0     0x1d6e ./drivers/fsl_flexcan.o
                              0x6e530 (size before relaxing)
 .debug_str     0x0007392e      0x157 ./drivers/fsl_gpio.o
                              0x6c06b (size before relaxing)
 .debug_str     0x00073a85      0xc19 ./drivers/fsl_i2c.o
                              0x6d400 (size before relaxing)
 .debug_str     0x0007469e     0x18ad ./drivers/fsl_sdhc.o
                              0x6e0b1 (size before relaxing)
 .debug_str     0x00075f4b      0x97d ./drivers/fsl_uart.o
                              0x6d4fd (size before relaxing)
 .debug_str     0x000768c8      0x168 ./board/board.o
                              0x6c130 (size before relaxing)
 .debug_str     0x00076a30       0x2b ./board/clock_config.o
                               0x249e (size before relaxing)
 .debug_str     0x00076a5b      0x109 ./CMSIS/system_MK22F12.o
                              0x688a9 (size before relaxing)

.comment        0x00000000       0x70
 .comment       0x00000000       0x70 ./utilities/fsl_assert.o
                                 0x71 (size before relaxing)
 .comment       0x00000000       0x71 ./utilities/fsl_debug_console.o
 .comment       0x00000000       0x71 ./utilities/fsl_io.o
 .comment       0x00000000       0x71 ./utilities/fsl_log.o
 .comment       0x00000000       0x71 ./utilities/fsl_str.o
 .comment       0x00000000       0x71 ./source/IO.o
 .comment       0x00000000       0x71 ./source/main.o
 .comment       0x00000000       0x71 ./drivers/fsl_clock.o
 .comment       0x00000000       0x71 ./drivers/fsl_dspi.o
 .comment       0x00000000       0x71 ./drivers/fsl_edma.o
 .comment       0x00000000       0x71 ./drivers/fsl_flexcan.o
 .comment       0x00000000       0x71 ./drivers/fsl_gpio.o
 .comment       0x00000000       0x71 ./drivers/fsl_i2c.o
 .comment       0x00000000       0x71 ./drivers/fsl_sdhc.o
 .comment       0x00000000       0x71 ./drivers/fsl_uart.o
 .comment       0x00000000       0x71 ./board/board.o
 .comment       0x00000000       0x71 ./board/clock_config.o
 .comment       0x00000000       0x71 ./CMSIS/system_MK22F12.o

.debug_frame    0x00000000     0x3a74
 .debug_frame   0x00000000       0x30 ./utilities/fsl_assert.o
 .debug_frame   0x00000030      0x15c ./utilities/fsl_debug_console.o
 .debug_frame   0x0000018c       0xc0 ./utilities/fsl_io.o
 .debug_frame   0x0000024c      0x108 ./utilities/fsl_log.o
 .debug_frame   0x00000354       0x8c ./utilities/fsl_str.o
 .debug_frame   0x000003e0       0xf4 ./source/IO.o
 .debug_frame   0x000004d4       0x4c ./source/main.o
 .debug_frame   0x00000520      0x6ac ./drivers/fsl_clock.o
 .debug_frame   0x00000bcc      0x6a0 ./drivers/fsl_dspi.o
 .debug_frame   0x0000126c      0x774 ./drivers/fsl_edma.o
 .debug_frame   0x000019e0      0x570 ./drivers/fsl_flexcan.o
 .debug_frame   0x00001f50       0xcc ./drivers/fsl_gpio.o
 .debug_frame   0x0000201c      0x574 ./drivers/fsl_i2c.o
 .debug_frame   0x00002590      0x5cc ./drivers/fsl_sdhc.o
 .debug_frame   0x00002b5c      0x51c ./drivers/fsl_uart.o
 .debug_frame   0x00003078       0xa4 ./board/board.o
 .debug_frame   0x0000311c       0x28 ./board/clock_config.o
 .debug_frame   0x00003144       0x44 ./CMSIS/system_MK22F12.o
 .debug_frame   0x00003188       0x28 /opt/Freescale/KDS_v3/toolchain/bin/../lib/gcc/arm-none-eabi/4.8.4/../../../../arm-none-eabi/lib/armv7e-m/fpu/libg_s.a(lib_a-exit.o)
 .debug_frame   0x000031b0       0x40 /opt/Freescale/KDS_v3/toolchain/bin/../lib/gcc/arm-none-eabi/4.8.4/../../../../arm-none-eabi/lib/armv7e-m/fpu/libg_s.a(lib_a-getchar.o)
 .debug_frame   0x000031f0       0x2c /opt/Freescale/KDS_v3/toolchain/bin/../lib/gcc/arm-none-eabi/4.8.4/../../../../arm-none-eabi/lib/armv7e-m/fpu/libg_s.a(lib_a-init.o)
 .debug_frame   0x0000321c       0x20 /opt/Freescale/KDS_v3/toolchain/bin/../lib/gcc/arm-none-eabi/4.8.4/../../../../arm-none-eabi/lib/armv7e-m/fpu/libg_s.a(lib_a-memset.o)
 .debug_frame   0x0000323c       0x60 /opt/Freescale/KDS_v3/toolchain/bin/../lib/gcc/arm-none-eabi/4.8.4/../../../../arm-none-eabi/lib/armv7e-m/fpu/libg_s.a(lib_a-printf.o)
 .debug_frame   0x0000329c       0x3c /opt/Freescale/KDS_v3/toolchain/bin/../lib/gcc/arm-none-eabi/4.8.4/../../../../arm-none-eabi/lib/armv7e-m/fpu/libg_s.a(lib_a-puts.o)
 .debug_frame   0x000032d8       0x20 /opt/Freescale/KDS_v3/toolchain/bin/../lib/gcc/arm-none-eabi/4.8.4/../../../../arm-none-eabi/lib/armv7e-m/fpu/libg_s.a(lib_a-strlen.o)
 .debug_frame   0x000032f8       0xa8 /opt/Freescale/KDS_v3/toolchain/bin/../lib/gcc/arm-none-eabi/4.8.4/../../../../arm-none-eabi/lib/armv7e-m/fpu/libg_s.a(lib_a-vfprintf.o)
 .debug_frame   0x000033a0       0x60 /opt/Freescale/KDS_v3/toolchain/bin/../lib/gcc/arm-none-eabi/4.8.4/../../../../arm-none-eabi/lib/armv7e-m/fpu/libg_s.a(lib_a-vfprintf_i.o)
 .debug_frame   0x00003400       0x3c /opt/Freescale/KDS_v3/toolchain/bin/../lib/gcc/arm-none-eabi/4.8.4/../../../../arm-none-eabi/lib/armv7e-m/fpu/libg_s.a(lib_a-wbuf.o)
 .debug_frame   0x0000343c       0x2c /opt/Freescale/KDS_v3/toolchain/bin/../lib/gcc/arm-none-eabi/4.8.4/../../../../arm-none-eabi/lib/armv7e-m/fpu/libg_s.a(lib_a-wsetup.o)
 .debug_frame   0x00003468       0x5c /opt/Freescale/KDS_v3/toolchain/bin/../lib/gcc/arm-none-eabi/4.8.4/../../../../arm-none-eabi/lib/armv7e-m/fpu/libg_s.a(lib_a-fflush.o)
 .debug_frame   0x000034c4      0x12c /opt/Freescale/KDS_v3/toolchain/bin/../lib/gcc/arm-none-eabi/4.8.4/../../../../arm-none-eabi/lib/armv7e-m/fpu/libg_s.a(lib_a-findfp.o)
 .debug_frame   0x000035f0       0x54 /opt/Freescale/KDS_v3/toolchain/bin/../lib/gcc/arm-none-eabi/4.8.4/../../../../arm-none-eabi/lib/armv7e-m/fpu/libg_s.a(lib_a-fwalk.o)
 .debug_frame   0x00003644       0x48 /opt/Freescale/KDS_v3/toolchain/bin/../lib/gcc/arm-none-eabi/4.8.4/../../../../arm-none-eabi/lib/armv7e-m/fpu/libg_s.a(lib_a-getc.o)
 .debug_frame   0x0000368c       0x30 /opt/Freescale/KDS_v3/toolchain/bin/../lib/gcc/arm-none-eabi/4.8.4/../../../../arm-none-eabi/lib/armv7e-m/fpu/libg_s.a(lib_a-makebuf.o)
 .debug_frame   0x000036bc       0x28 /opt/Freescale/KDS_v3/toolchain/bin/../lib/gcc/arm-none-eabi/4.8.4/../../../../arm-none-eabi/lib/armv7e-m/fpu/libg_s.a(lib_a-memchr-stub.o)
 .debug_frame   0x000036e4       0x2c /opt/Freescale/KDS_v3/toolchain/bin/../lib/gcc/arm-none-eabi/4.8.4/../../../../arm-none-eabi/lib/armv7e-m/fpu/libg_s.a(lib_a-nano-freer.o)
 .debug_frame   0x00003710       0x2c /opt/Freescale/KDS_v3/toolchain/bin/../lib/gcc/arm-none-eabi/4.8.4/../../../../arm-none-eabi/lib/armv7e-m/fpu/libg_s.a(lib_a-nano-mallocr.o)
 .debug_frame   0x0000373c       0x3c /opt/Freescale/KDS_v3/toolchain/bin/../lib/gcc/arm-none-eabi/4.8.4/../../../../arm-none-eabi/lib/armv7e-m/fpu/libg_s.a(lib_a-rget.o)
 .debug_frame   0x00003778       0x2c /opt/Freescale/KDS_v3/toolchain/bin/../lib/gcc/arm-none-eabi/4.8.4/../../../../arm-none-eabi/lib/armv7e-m/fpu/libg_s.a(lib_a-sbrkr.o)
 .debug_frame   0x000037a4       0x80 /opt/Freescale/KDS_v3/toolchain/bin/../lib/gcc/arm-none-eabi/4.8.4/../../../../arm-none-eabi/lib/armv7e-m/fpu/libg_s.a(lib_a-stdio.o)
 .debug_frame   0x00003824       0x2c /opt/Freescale/KDS_v3/toolchain/bin/../lib/gcc/arm-none-eabi/4.8.4/../../../../arm-none-eabi/lib/armv7e-m/fpu/libg_s.a(lib_a-writer.o)
 .debug_frame   0x00003850       0x2c /opt/Freescale/KDS_v3/toolchain/bin/../lib/gcc/arm-none-eabi/4.8.4/../../../../arm-none-eabi/lib/armv7e-m/fpu/libg_s.a(lib_a-closer.o)
 .debug_frame   0x0000387c       0x2c /opt/Freescale/KDS_v3/toolchain/bin/../lib/gcc/arm-none-eabi/4.8.4/../../../../arm-none-eabi/lib/armv7e-m/fpu/libg_s.a(lib_a-fstatr.o)
 .debug_frame   0x000038a8       0x2c /opt/Freescale/KDS_v3/toolchain/bin/../lib/gcc/arm-none-eabi/4.8.4/../../../../arm-none-eabi/lib/armv7e-m/fpu/libg_s.a(lib_a-isattyr.o)
 .debug_frame   0x000038d4       0x2c /opt/Freescale/KDS_v3/toolchain/bin/../lib/gcc/arm-none-eabi/4.8.4/../../../../arm-none-eabi/lib/armv7e-m/fpu/libg_s.a(lib_a-lseekr.o)
 .debug_frame   0x00003900       0x2c /opt/Freescale/KDS_v3/toolchain/bin/../lib/gcc/arm-none-eabi/4.8.4/../../../../arm-none-eabi/lib/armv7e-m/fpu/libg_s.a(lib_a-readr.o)
 .debug_frame   0x0000392c       0x48 /opt/Freescale/KDS_v3/toolchain/bin/../lib/gcc/arm-none-eabi/4.8.4/../../../../arm-none-eabi/lib/armv7e-m/fpu/libg_s.a(lib_a-reent.o)
 .debug_frame   0x00003974       0x40 /opt/Freescale/KDS_v3/toolchain/bin/../lib/gcc/arm-none-eabi/4.8.4/../../../../arm-none-eabi/lib/armv7e-m/fpu/libg_s.a(lib_a-refill.o)
 .debug_frame   0x000039b4       0x20 /opt/Freescale/KDS_v3/toolchain/bin/../lib/gcc/arm-none-eabi/4.8.4/../../../../arm-none-eabi/lib/armv7e-m/fpu/libnosys.a(close.o)
 .debug_frame   0x000039d4       0x20 /opt/Freescale/KDS_v3/toolchain/bin/../lib/gcc/arm-none-eabi/4.8.4/../../../../arm-none-eabi/lib/armv7e-m/fpu/libnosys.a(fstat.o)
 .debug_frame   0x000039f4       0x20 /opt/Freescale/KDS_v3/toolchain/bin/../lib/gcc/arm-none-eabi/4.8.4/../../../../arm-none-eabi/lib/armv7e-m/fpu/libnosys.a(isatty.o)
 .debug_frame   0x00003a14       0x20 /opt/Freescale/KDS_v3/toolchain/bin/../lib/gcc/arm-none-eabi/4.8.4/../../../../arm-none-eabi/lib/armv7e-m/fpu/libnosys.a(lseek.o)
 .debug_frame   0x00003a34       0x20 /opt/Freescale/KDS_v3/toolchain/bin/../lib/gcc/arm-none-eabi/4.8.4/../../../../arm-none-eabi/lib/armv7e-m/fpu/libnosys.a(sbrk.o)
 .debug_frame   0x00003a54       0x20 /opt/Freescale/KDS_v3/toolchain/bin/../lib/gcc/arm-none-eabi/4.8.4/../../../../arm-none-eabi/lib/armv7e-m/fpu/libnosys.a(_exit.o)

.stab           0x00000000       0x6c
 .stab          0x00000000       0x24 /opt/Freescale/KDS_v3/toolchain/bin/../lib/gcc/arm-none-eabi/4.8.4/../../../../arm-none-eabi/lib/armv7e-m/fpu/libnosys.a(close.o)
 .stab          0x00000024       0x18 /opt/Freescale/KDS_v3/toolchain/bin/../lib/gcc/arm-none-eabi/4.8.4/../../../../arm-none-eabi/lib/armv7e-m/fpu/libnosys.a(fstat.o)
                                 0x24 (size before relaxing)
 .stab          0x0000003c       0x18 /opt/Freescale/KDS_v3/toolchain/bin/../lib/gcc/arm-none-eabi/4.8.4/../../../../arm-none-eabi/lib/armv7e-m/fpu/libnosys.a(isatty.o)
                                 0x24 (size before relaxing)
 .stab          0x00000054       0x18 /opt/Freescale/KDS_v3/toolchain/bin/../lib/gcc/arm-none-eabi/4.8.4/../../../../arm-none-eabi/lib/armv7e-m/fpu/libnosys.a(lseek.o)
                                 0x24 (size before relaxing)

.stabstr        0x00000000       0xe3
 .stabstr       0x00000000       0xe3 /opt/Freescale/KDS_v3/toolchain/bin/../lib/gcc/arm-none-eabi/4.8.4/../../../../arm-none-eabi/lib/armv7e-m/fpu/libnosys.a(close.o)
