Archive member included because of file (symbol)

/opt/Freescale/KDS_v3/toolchain/bin/../lib/gcc/arm-none-eabi/4.8.4/../../../../arm-none-eabi/lib/armv7e-m/fpu/libm.a(lib_a-w_sqrt.o)
                              ./source/Temperature.o (sqrt)
/opt/Freescale/KDS_v3/toolchain/bin/../lib/gcc/arm-none-eabi/4.8.4/../../../../arm-none-eabi/lib/armv7e-m/fpu/libm.a(lib_a-e_sqrt.o)
                              /opt/Freescale/KDS_v3/toolchain/bin/../lib/gcc/arm-none-eabi/4.8.4/../../../../arm-none-eabi/lib/armv7e-m/fpu/libm.a(lib_a-w_sqrt.o) (__ieee754_sqrt)
/opt/Freescale/KDS_v3/toolchain/bin/../lib/gcc/arm-none-eabi/4.8.4/../../../../arm-none-eabi/lib/armv7e-m/fpu/libm.a(lib_a-s_fpclassify.o)
                              /opt/Freescale/KDS_v3/toolchain/bin/../lib/gcc/arm-none-eabi/4.8.4/../../../../arm-none-eabi/lib/armv7e-m/fpu/libm.a(lib_a-w_sqrt.o) (__fpclassifyd)
/opt/Freescale/KDS_v3/toolchain/bin/../lib/gcc/arm-none-eabi/4.8.4/../../../../arm-none-eabi/lib/armv7e-m/fpu/libm.a(lib_a-s_lib_ver.o)
                              /opt/Freescale/KDS_v3/toolchain/bin/../lib/gcc/arm-none-eabi/4.8.4/../../../../arm-none-eabi/lib/armv7e-m/fpu/libm.a(lib_a-w_sqrt.o) (__fdlib_version)
/opt/Freescale/KDS_v3/toolchain/bin/../lib/gcc/arm-none-eabi/4.8.4/../../../../arm-none-eabi/lib/armv7e-m/fpu/libm.a(lib_a-s_matherr.o)
                              /opt/Freescale/KDS_v3/toolchain/bin/../lib/gcc/arm-none-eabi/4.8.4/../../../../arm-none-eabi/lib/armv7e-m/fpu/libm.a(lib_a-w_sqrt.o) (matherr)
/opt/Freescale/KDS_v3/toolchain/bin/../lib/gcc/arm-none-eabi/4.8.4/armv7e-m/fpu/libgcc.a(_arm_addsubdf3.o)
                              ./source/Temperature.o (__aeabi_dsub)
/opt/Freescale/KDS_v3/toolchain/bin/../lib/gcc/arm-none-eabi/4.8.4/armv7e-m/fpu/libgcc.a(_arm_muldivdf3.o)
                              ./source/Temperature.o (__aeabi_dmul)
/opt/Freescale/KDS_v3/toolchain/bin/../lib/gcc/arm-none-eabi/4.8.4/armv7e-m/fpu/libgcc.a(_arm_cmpdf2.o)
                              /opt/Freescale/KDS_v3/toolchain/bin/../lib/gcc/arm-none-eabi/4.8.4/../../../../arm-none-eabi/lib/armv7e-m/fpu/libm.a(lib_a-w_sqrt.o) (__aeabi_dcmplt)
/opt/Freescale/KDS_v3/toolchain/bin/../lib/gcc/arm-none-eabi/4.8.4/armv7e-m/fpu/libgcc.a(_arm_truncdfsf2.o)
                              ./source/Temperature.o (__aeabi_d2f)
/opt/Freescale/KDS_v3/toolchain/bin/../lib/gcc/arm-none-eabi/4.8.4/../../../../arm-none-eabi/lib/armv7e-m/fpu/libg_s.a(lib_a-errno.o)
                              /opt/Freescale/KDS_v3/toolchain/bin/../lib/gcc/arm-none-eabi/4.8.4/../../../../arm-none-eabi/lib/armv7e-m/fpu/libm.a(lib_a-w_sqrt.o) (__errno)
/opt/Freescale/KDS_v3/toolchain/bin/../lib/gcc/arm-none-eabi/4.8.4/../../../../arm-none-eabi/lib/armv7e-m/fpu/libg_s.a(lib_a-exit.o)
                              /opt/Freescale/KDS_v3/toolchain/bin/../lib/gcc/arm-none-eabi/4.8.4/../../../../arm-none-eabi/lib/armv7e-m/fpu/crt0.o (exit)
/opt/Freescale/KDS_v3/toolchain/bin/../lib/gcc/arm-none-eabi/4.8.4/../../../../arm-none-eabi/lib/armv7e-m/fpu/libg_s.a(lib_a-getchar.o)
                              ./source/main.o (getchar)
/opt/Freescale/KDS_v3/toolchain/bin/../lib/gcc/arm-none-eabi/4.8.4/../../../../arm-none-eabi/lib/armv7e-m/fpu/libg_s.a(lib_a-impure.o)
                              /opt/Freescale/KDS_v3/toolchain/bin/../lib/gcc/arm-none-eabi/4.8.4/../../../../arm-none-eabi/lib/armv7e-m/fpu/libg_s.a(lib_a-exit.o) (_global_impure_ptr)
/opt/Freescale/KDS_v3/toolchain/bin/../lib/gcc/arm-none-eabi/4.8.4/../../../../arm-none-eabi/lib/armv7e-m/fpu/libg_s.a(lib_a-init.o)
                              /opt/Freescale/KDS_v3/toolchain/bin/../lib/gcc/arm-none-eabi/4.8.4/../../../../arm-none-eabi/lib/armv7e-m/fpu/crt0.o (__libc_init_array)
/opt/Freescale/KDS_v3/toolchain/bin/../lib/gcc/arm-none-eabi/4.8.4/../../../../arm-none-eabi/lib/armv7e-m/fpu/libg_s.a(lib_a-memcpy-stub.o)
                              ./drivers/fsl_flash.o (memcpy)
/opt/Freescale/KDS_v3/toolchain/bin/../lib/gcc/arm-none-eabi/4.8.4/../../../../arm-none-eabi/lib/armv7e-m/fpu/libg_s.a(lib_a-memmove.o)
                              ./utilities/fsl_shell.o (memmove)
/opt/Freescale/KDS_v3/toolchain/bin/../lib/gcc/arm-none-eabi/4.8.4/../../../../arm-none-eabi/lib/armv7e-m/fpu/libg_s.a(lib_a-memset.o)
                              /opt/Freescale/KDS_v3/toolchain/bin/../lib/gcc/arm-none-eabi/4.8.4/../../../../arm-none-eabi/lib/armv7e-m/fpu/crt0.o (memset)
/opt/Freescale/KDS_v3/toolchain/bin/../lib/gcc/arm-none-eabi/4.8.4/../../../../arm-none-eabi/lib/armv7e-m/fpu/libg_s.a(lib_a-printf.o)
                              ./source/I2C.o (printf)
/opt/Freescale/KDS_v3/toolchain/bin/../lib/gcc/arm-none-eabi/4.8.4/../../../../arm-none-eabi/lib/armv7e-m/fpu/libg_s.a(lib_a-puts.o)
                              ./source/I2C.o (puts)
/opt/Freescale/KDS_v3/toolchain/bin/../lib/gcc/arm-none-eabi/4.8.4/../../../../arm-none-eabi/lib/armv7e-m/fpu/libg_s.a(lib_a-strlen.o)
                              ./utilities/fsl_str.o (strlen)
[...]
Memory Configuration

Name             Origin             Length             Attributes
m_interrupts     0x00000000         0x00000400         xr
m_flash_config   0x00000400         0x00000010         xr
m_text           0x00000410         0x0007fbf0         xr
m_data           0x1fff0000         0x00010000         rw
m_data_2         0x20000000         0x00010000         rw
*default*        0x00000000         0xffffffff

Linker script and memory map

LOAD /opt/Freescale/KDS_v3/toolchain/bin/../lib/gcc/arm-none-eabi/4.8.4/armv7e-m/fpu/crti.o
LOAD /opt/Freescale/KDS_v3/toolchain/bin/../lib/gcc/arm-none-eabi/4.8.4/armv7e-m/fpu/crtbegin.o
LOAD /opt/Freescale/KDS_v3/toolchain/bin/../lib/gcc/arm-none-eabi/4.8.4/../../../../arm-none-eabi/lib/armv7e-m/fpu/crt0.o
LOAD ./utilities/fsl_assert.o
LOAD ./utilities/fsl_debug_console.o
LOAD ./utilities/fsl_io.o
LOAD ./utilities/fsl_log.o
LOAD ./utilities/fsl_notifier.o
LOAD ./utilities/fsl_shell.o
LOAD ./utilities/fsl_str.o
LOAD ./startup/startup_MK22FA12.o
LOAD ./source/I2C.o
LOAD ./source/SPI.o
LOAD ./source/Temperature.o
LOAD ./source/flash.o
LOAD ./source/main.o
LOAD ./drivers/fsl_adc16.o
LOAD ./drivers/fsl_clock.o
LOAD ./drivers/fsl_cmp.o
LOAD ./drivers/fsl_cmt.o
LOAD ./drivers/fsl_common.o
LOAD ./drivers/fsl_crc.o
LOAD ./drivers/fsl_dac.o
LOAD ./drivers/fsl_dmamux.o
LOAD ./drivers/fsl_dspi.o
LOAD ./drivers/fsl_dspi_edma.o
LOAD ./drivers/fsl_edma.o
LOAD ./drivers/fsl_ewm.o
LOAD ./drivers/fsl_flash.o
LOAD ./drivers/fsl_flexbus.o
LOAD ./drivers/fsl_flexcan.o
LOAD ./drivers/fsl_ftm.o
LOAD ./drivers/fsl_gpio.o
LOAD ./drivers/fsl_i2c.o
LOAD ./drivers/fsl_i2c_edma.o
LOAD ./drivers/fsl_llwu.o
LOAD ./drivers/fsl_lptmr.o
LOAD ./drivers/fsl_pdb.o
LOAD ./drivers/fsl_pit.o
LOAD ./drivers/fsl_pmc.o
LOAD ./drivers/fsl_rcm.o
LOAD ./drivers/fsl_rtc.o
LOAD ./drivers/fsl_sdhc.o
LOAD ./drivers/fsl_sim.o
LOAD ./drivers/fsl_smartcard_uart.o
LOAD ./drivers/fsl_smc.o
LOAD ./drivers/fsl_sysmpu.o
LOAD ./drivers/fsl_uart.o
LOAD ./drivers/fsl_uart_edma.o
LOAD ./drivers/fsl_vref.o
LOAD ./drivers/fsl_wdog.o
LOAD ./board/board.o
LOAD ./board/clock_config.o
LOAD ./board/pin_mux.o
LOAD ./CMSIS/system_MK22FA12.o
LOAD ./.metadata/.plugins/org.eclipse.cdt.make.core/specs.o
LOAD /opt/Freescale/KDS_v3/toolchain/bin/../lib/gcc/arm-none-eabi/4.8.4/../../../../arm-none-eabi/lib/armv7e-m/fpu/libstdc++_s.a
LOAD /opt/Freescale/KDS_v3/toolchain/bin/../lib/gcc/arm-none-eabi/4.8.4/../../../../arm-none-eabi/lib/armv7e-m/fpu/libm.a
START GROUP
LOAD /opt/Freescale/KDS_v3/toolchain/bin/../lib/gcc/arm-none-eabi/4.8.4/armv7e-m/fpu/libgcc.a
LOAD /opt/Freescale/KDS_v3/toolchain/bin/../lib/gcc/arm-none-eabi/4.8.4/../../../../arm-none-eabi/lib/armv7e-m/fpu/libg_s.a
LOAD /opt/Freescale/KDS_v3/toolchain/bin/../lib/gcc/arm-none-eabi/4.8.4/../../../../arm-none-eabi/lib/armv7e-m/fpu/libc_s.a
END GROUP
START GROUP
LOAD /opt/Freescale/KDS_v3/toolchain/bin/../lib/gcc/arm-none-eabi/4.8.4/armv7e-m/fpu/libgcc.a
LOAD /opt/Freescale/KDS_v3/toolchain/bin/../lib/gcc/arm-none-eabi/4.8.4/../../../../arm-none-eabi/lib/armv7e-m/fpu/libc_s.a
LOAD /opt/Freescale/KDS_v3/toolchain/bin/../lib/gcc/arm-none-eabi/4.8.4/../../../../arm-none-eabi/lib/armv7e-m/fpu/libnosys.a
END GROUP
START GROUP
LOAD /opt/Freescale/KDS_v3/toolchain/bin/../lib/gcc/arm-none-eabi/4.8.4/armv7e-m/fpu/libgcc.a
LOAD /opt/Freescale/KDS_v3/toolchain/bin/../lib/gcc/arm-none-eabi/4.8.4/../../../../arm-none-eabi/lib/armv7e-m/fpu/libc_s.a
LOAD /opt/Freescale/KDS_v3/toolchain/bin/../lib/gcc/arm-none-eabi/4.8.4/../../../../arm-none-eabi/lib/armv7e-m/fpu/libnosys.a
END GROUP
LOAD /opt/Freescale/KDS_v3/toolchain/bin/../lib/gcc/arm-none-eabi/4.8.4/armv7e-m/fpu/crtend.o
LOAD /opt/Freescale/KDS_v3/toolchain/bin/../lib/gcc/arm-none-eabi/4.8.4/armv7e-m/fpu/crtn.o
                0x00000400                HEAP_SIZE = DEFINED (__heap_size__)?__heap_size__:0x400
                0x00000400                STACK_SIZE = DEFINED (__stack_size__)?__stack_size__:0x400

.interrupts     0x00000000      0x400
                0x00000000                . = ALIGN (0x4)
 *(.isr_vector)
 .isr_vector    0x00000000      0x400 ./startup/startup_MK22FA12.o
                0x00000000                __isr_vector
                0x00000400                . = ALIGN (0x4)

.flash_config   0x00000400       0x10
                0x00000400                . = ALIGN (0x4)
 *(.FlashConfig)
 .FlashConfig   0x00000400       0x10 ./startup/startup_MK22FA12.o
                0x00000410                . = ALIGN (0x4)

.text           0x00000410     0x82a8
                0x00000410                . = ALIGN (0x4)
 *(.text)
 .text          0x00000410       0x54 /opt/Freescale/KDS_v3/toolchain/bin/../lib/gcc/arm-none-eabi/4.8.4/armv7e-m/fpu/crtbegin.o
 .text          0x00000464       0x74 /opt/Freescale/KDS_v3/toolchain/bin/../lib/gcc/arm-none-eabi/4.8.4/../../../../arm-none-eabi/lib/armv7e-m/fpu/crt0.o
                0x00000464                _mainCRTStartup
                0x00000464                _start
 .text          0x000004d8      0x1c0 ./startup/startup_MK22FA12.o
                0x000004d8                Reset_Handler
                0x00000520                DebugMon_Handler
                0x00000520                DMA_Error_DriverIRQHandler
                0x00000520                PIT0_IRQHandler
                0x00000520                CMP2_IRQHandler
                0x00000520                LLWU_IRQHandler
                0x00000520                I2S0_Tx_DriverIRQHandler
                0x00000520                SWI_IRQHandler
                0x00000520                ADC0_IRQHandler
                0x00000520                Reserved39_IRQHandler
                0x00000520                UsageFault_Handler
                0x00000520                CMT_IRQHandler
                0x00000520                DefaultISR
                0x00000520                UART5_ERR_DriverIRQHandler
                0x00000520                CMP1_IRQHandler
                0x00000520                Reserved71_IRQHandler
                0x00000520                PORTD_IRQHandler
                0x00000520                PORTB_IRQHandler
                0x00000520                UART2_ERR_DriverIRQHandler
                0x00000520                ADC1_IRQHandler
                0x00000520                PIT2_IRQHandler
                0x00000520                RTC_IRQHandler
                0x00000520                UART3_ERR_DriverIRQHandler
                0x00000520                PDB0_IRQHandler
                0x00000520                FTM1_IRQHandler
                0x00000520                PIT3_IRQHandler
                0x00000520                RTC_Seconds_IRQHandler
                0x00000520                MCG_IRQHandler
                0x00000520                FTFE_IRQHandler
                0x00000520                UART0_ERR_DriverIRQHandler
                0x00000520                Read_Collision_IRQHandler
                0x00000520                USBDCD_IRQHandler
                0x00000520                I2S0_Rx_DriverIRQHandler
                0x00000520                USB0_IRQHandler
                0x00000520                UART4_ERR_DriverIRQHandler
                0x00000520                WDOG_EWM_IRQHandler
                0x00000520                MemManage_Handler
                0x00000520                DAC0_IRQHandler
                0x00000520                Reserved46_IRQHandler
                0x00000520                PIT1_IRQHandler
                0x00000520                LVD_LVW_IRQHandler
                0x00000520                FTM0_IRQHandler
                0x00000520                PORTA_IRQHandler
                0x00000520                DAC1_IRQHandler
                0x00000520                MCM_IRQHandler
                0x00000520                FTM3_IRQHandler
                0x00000520                PORTE_IRQHandler
                0x00000520                FTM2_IRQHandler
                0x00000520                LPTMR0_IRQHandler
                0x00000520                BusFault_Handler
                0x00000520                UART1_ERR_DriverIRQHandler
                0x00000520                CMP0_IRQHandler
                0x00000520                PORTC_IRQHandler
                0x00000524                NMI_Handler
                0x00000528                HardFault_Handler
                0x0000052c                SVC_Handler
                0x00000530                PendSV_Handler
                0x00000534                SysTick_Handler
                0x00000538                DMA0_IRQHandler
                0x0000053c                DMA1_IRQHandler
                0x00000540                DMA2_IRQHandler
                0x00000544                DMA3_IRQHandler
                0x00000548                DMA4_IRQHandler
                0x0000054c                DMA5_IRQHandler
                0x00000550                DMA6_IRQHandler
                0x00000554                DMA7_IRQHandler
                0x00000558                DMA8_IRQHandler
                0x0000055c                DMA9_IRQHandler
                0x00000560                DMA10_IRQHandler
                0x00000564                DMA11_IRQHandler
                0x00000568                DMA12_IRQHandler
                0x0000056c                DMA13_IRQHandler
                0x00000570                DMA14_IRQHandler
                0x00000574                DMA15_IRQHandler
                0x00000578                DMA_Error_IRQHandler
                0x0000057c                I2C0_IRQHandler
                0x00000580                I2C1_IRQHandler
                0x00000584                SPI0_IRQHandler
                0x00000588                SPI1_IRQHandler
                0x0000058c                I2S0_Tx_IRQHandler
                0x00000590                I2S0_Rx_IRQHandler
                0x00000594                UART0_RX_TX_IRQHandler
                0x00000598                UART0_ERR_IRQHandler
                0x0000059c                UART1_RX_TX_IRQHandler
                0x000005a0                UART1_ERR_IRQHandler
                0x000005a4                UART2_RX_TX_IRQHandler
                0x000005a8                UART2_ERR_IRQHandler
                0x000005ac                UART3_RX_TX_IRQHandler
                0x000005b0                UART3_ERR_IRQHandler
                0x000005b4                SPI2_IRQHandler
                0x000005b8                UART4_RX_TX_IRQHandler
                0x000005bc                UART4_ERR_IRQHandler
                0x000005c0                UART5_RX_TX_IRQHandler
                0x000005c4                UART5_ERR_IRQHandler
                0x000005c8                I2C2_IRQHandler
                0x000005cc                CAN0_ORed_Message_buffer_IRQHandler
                0x000005d0                CAN0_Bus_Off_IRQHandler
                0x000005d4                CAN0_Error_IRQHandler
                0x000005d8                CAN0_Tx_Warning_IRQHandler
                0x000005dc                CAN0_Rx_Warning_IRQHandler
                0x000005e0                CAN0_Wake_Up_IRQHandler
                0x000005e4                SDHC_IRQHandler
 .text          0x00000698      0x370 /opt/Freescale/KDS_v3/toolchain/bin/../lib/gcc/arm-none-eabi/4.8.4/armv7e-m/fpu/libgcc.a(_arm_addsubdf3.o)
                0x00000698                __aeabi_drsub
                0x000006a0                __aeabi_dsub
                0x000006a0                __subdf3
                0x000006a4                __adddf3
                0x000006a4                __aeabi_dadd
                0x0000091c                __aeabi_ui2d
                0x0000091c                __floatunsidf
                0x0000093c                __floatsidf
                0x0000093c                __aeabi_i2d
                0x00000960                __extendsfdf2
                0x00000960                __aeabi_f2d
                0x0000099c                __aeabi_ul2d
                0x0000099c                __floatundidf
                0x000009ac                __floatdidf
                0x000009ac                __aeabi_l2d
 .text          0x00000a08      0x424 /opt/Freescale/KDS_v3/toolchain/bin/../lib/gcc/arm-none-eabi/4.8.4/armv7e-m/fpu/libgcc.a(_arm_muldivdf3.o)
                0x00000a08                __aeabi_dmul
                0x00000a08                __muldf3
                0x00000c5c                __aeabi_ddiv
                0x00000c5c                __divdf3
 .text          0x00000e2c      0x110 /opt/Freescale/KDS_v3/toolchain/bin/../lib/gcc/arm-none-eabi/4.8.4/armv7e-m/fpu/libgcc.a(_arm_cmpdf2.o)
                0x00000e2c                __gtdf2
                0x00000e2c                __gedf2
                0x00000e34                __ltdf2
                0x00000e34                __ledf2
                0x00000e3c                __cmpdf2
                0x00000e3c                __eqdf2
                0x00000e3c                __nedf2
                0x00000eb8                __aeabi_cdrcmple
                0x00000ec8                __aeabi_cdcmple
                0x00000ec8                __aeabi_cdcmpeq
                0x00000ed8                __aeabi_dcmpeq
                0x00000eec                __aeabi_dcmplt
                0x00000f00                __aeabi_dcmple
                0x00000f14                __aeabi_dcmpge
                0x00000f28                __aeabi_dcmpgt
 .text          0x00000f3c       0xa0 /opt/Freescale/KDS_v3/toolchain/bin/../lib/gcc/arm-none-eabi/4.8.4/armv7e-m/fpu/libgcc.a(_arm_truncdfsf2.o)
                0x00000f3c                __aeabi_d2f
                0x00000f3c                __truncdfsf2
 *(.text*)
 .text.__assert_func
                0x00000fdc       0x28 ./utilities/fsl_assert.o
                0x00000fdc                __assert_func
 .text.DbgConsole_Init
                0x00001004       0x48 ./utilities/fsl_debug_console.o
                0x00001004                DbgConsole_Init
 .text.DbgConsole_Printf
                0x0000104c       0x68 ./utilities/fsl_debug_console.o
                0x0000104c                DbgConsole_Printf
 .text.DbgConsole_RelocateLog
                0x000010b4       0x60 ./utilities/fsl_debug_console.o
 .text._write   0x00001114       0x40 ./utilities/fsl_debug_console.o
                0x00001114                _write
 .text._read    0x00001154       0x2c ./utilities/fsl_debug_console.o
                0x00001154                _read
 .text.UART_EnableTx
                0x00001180       0x40 ./utilities/fsl_io.o
 .text.UART_EnableRx
                0x000011c0       0x40 ./utilities/fsl_io.o
 .text.IO_Init  0x00001200       0x8c ./utilities/fsl_io.o
                0x00001200                IO_Init
 .text.IO_Transfer
                0x0000128c       0x5c ./utilities/fsl_io.o
                0x0000128c                IO_Transfer
 .text.LOG_Init
                0x000012e8       0x34 ./utilities/fsl_log.o
                0x000012e8                LOG_Init
 .text.LOG_Push
                0x0000131c       0x3c ./utilities/fsl_log.o
                0x0000131c                LOG_Push
 .text.LOG_Pop  0x00001358       0x44 ./utilities/fsl_log.o
                0x00001358                LOG_Pop
 .text.LOG_ReadLine
                0x0000139c       0xb8 ./utilities/fsl_log.o
                0x0000139c                LOG_ReadLine
 .text.LOG_ReadOneCharacter
                0x00001454       0x28 ./utilities/fsl_log.o
 .text.ConvertRadixNumToString
                0x0000147c      0x118 ./utilities/fsl_str.o
 .text.StrFormatPrintf
                0x00001594      0x394 ./utilities/fsl_str.o
                0x00001594                StrFormatPrintf
 .text.I2C_Init
                0x00001928       0x30 ./source/I2C.o
                0x00001928                I2C_Init
 .text.I2C_Write
                0x00001958       0x54 ./source/I2C.o
                0x00001958                I2C_Write
 .text.I2C_Read
                0x000019ac       0x54 ./source/I2C.o
                0x000019ac                I2C_Read
 .text.I2C_Test
                0x00001a00       0xe8 ./source/I2C.o
                0x00001a00                I2C_Test
 .text.I2C_X    0x00001ae8       0x94 ./source/I2C.o
                0x00001ae8                I2C_X
 .text.I2C_Y    0x00001b7c       0x94 ./source/I2C.o
                0x00001b7c                I2C_Y
 .text.I2C_Z    0x00001c10       0x94 ./source/I2C.o
                0x00001c10                I2C_Z
 .text.DOF_Test
                0x00001ca4       0xc4 ./source/SPI.o
                0x00001ca4                DOF_Test
 .text.SPI_Test
                0x00001d68      0x114 ./source/SPI.o
                0x00001d68                SPI_Test
 .text.Temp_Test
                0x00001e7c       0x9c ./source/SPI.o
                0x00001e7c                Temp_Test
 .text.ADC16_GetChannelConversionValue
                0x00001f18       0x3c ./source/Temperature.o
 *fill*         0x00001f54        0x4 
 .text.Temp_Test_ADC
                0x00001f58      0x2c0 ./source/Temperature.o
                0x00001f58                Temp_Test_ADC
 .text.FLASH_Init
                0x00002218       0x50 ./source/flash.o
                0x00002218                FLASH_Init
 .text.Flash_Test
                0x00002268      0x138 ./source/flash.o
                0x00002268                Flash_Test
 .text.GPIO_PortSet
                0x000023a0       0x1c ./source/main.o
 .text.GPIO_SetPinsOutput
                0x000023bc       0x18 ./source/main.o
 .text.GPIO_PortToggle
                0x000023d4       0x1c ./source/main.o
 .text.GPIO_TogglePinsOutput
                0x000023f0       0x18 ./source/main.o
 .text.main     0x00002408      0x1dc ./source/main.o
                0x00002408                main
 .text.delay    0x000025e4       0x30 ./source/main.o
                0x000025e4                delay
 .text.CLOCK_EnableClock
                0x00002614       0x34 ./drivers/fsl_adc16.o
 .text.ADC16_GetInstance
                0x00002648       0x58 ./drivers/fsl_adc16.o
 .text.ADC16_Init
                0x000026a0      0x118 ./drivers/fsl_adc16.o
                0x000026a0                ADC16_Init
 .text.ADC16_GetDefaultConfig
                0x000027b8       0x64 ./drivers/fsl_adc16.o
                0x000027b8                ADC16_GetDefaultConfig
 .text.ADC16_SetChannelConfig
                0x0000281c       0x80 ./drivers/fsl_adc16.o
                0x0000281c                ADC16_SetChannelConfig
 .text.ADC16_GetChannelStatusFlags
                0x0000289c       0x50 ./drivers/fsl_adc16.o
                0x0000289c                ADC16_GetChannelStatusFlags
 .text.CLOCK_SetEr32kClock
                0x000028ec       0x2c ./drivers/fsl_clock.o
 .text.CLOCK_SetPllFllSelClock
                0x00002918       0x38 ./drivers/fsl_clock.o
 .text.CLOCK_GetMcgExtClkFreq
                0x00002950       0x80 ./drivers/fsl_clock.o
 .text.CLOCK_GetFllExtRefClkFreq
                0x000029d0       0xc0 ./drivers/fsl_clock.o
 .text.CLOCK_GetInternalRefClkSelectFreq
                0x00002a90       0x44 ./drivers/fsl_clock.o
 .text.CLOCK_GetFllRefClkFreq
                0x00002ad4       0x2c ./drivers/fsl_clock.o
 .text.CLOCK_GetPll0RefFreq
                0x00002b00       0x10 ./drivers/fsl_clock.o
 .text.CLOCK_GetBusClkFreq
                0x00002b10       0x28 ./drivers/fsl_clock.o
                0x00002b10                CLOCK_GetBusClkFreq
 .text.CLOCK_SetSimConfig
                0x00002b38       0x34 ./drivers/fsl_clock.o
                0x00002b38                CLOCK_SetSimConfig
 .text.CLOCK_GetOutClkFreq
                0x00002b6c       0x64 ./drivers/fsl_clock.o
                0x00002b6c                CLOCK_GetOutClkFreq
 .text.CLOCK_GetFllFreq
                0x00002bd0       0x74 ./drivers/fsl_clock.o
                0x00002bd0                CLOCK_GetFllFreq
 .text.CLOCK_GetPll0Freq
                0x00002c44       0x78 ./drivers/fsl_clock.o
                0x00002c44                CLOCK_GetPll0Freq
 .text.CLOCK_SetInternalRefClkConfig
                0x00002cbc      0x104 ./drivers/fsl_clock.o
                0x00002cbc                CLOCK_SetInternalRefClkConfig
 .text.CLOCK_SetFeiMode
                0x00002dc0       0xc4 ./drivers/fsl_clock.o
                0x00002dc0                CLOCK_SetFeiMode
 .text.CLOCK_BootToFeiMode
                0x00002e84       0x28 ./drivers/fsl_clock.o
                0x00002e84                CLOCK_BootToFeiMode
 .text.CLOCK_EnableClock
                0x00002eac       0x34 ./drivers/fsl_dspi.o
 .text.DSPI_Enable
                0x00002ee0       0x38 ./drivers/fsl_dspi.o
 .text.DSPI_GetStatusFlags
                0x00002f18       0x18 ./drivers/fsl_dspi.o
 .text.DSPI_ClearStatusFlags
                0x00002f30       0x1c ./drivers/fsl_dspi.o
 .text.DSPI_DisableInterrupts
                0x00002f4c       0x24 ./drivers/fsl_dspi.o
 .text.DSPI_SetMasterSlaveMode
                0x00002f70       0x28 ./drivers/fsl_dspi.o
 .text.DSPI_IsMaster
                0x00002f98       0x1c ./drivers/fsl_dspi.o
 .text.DSPI_StartTransfer
                0x00002fb4       0x20 ./drivers/fsl_dspi.o
 .text.DSPI_StopTransfer
                0x00002fd4       0x20 ./drivers/fsl_dspi.o
 .text.DSPI_FlushFifo
                0x00002ff4       0x3c ./drivers/fsl_dspi.o
 .text.DSPI_MasterGetFormattedCommand
                0x00003030       0x4c ./drivers/fsl_dspi.o
 .text.DSPI_ReadData
                0x0000307c       0x18 ./drivers/fsl_dspi.o
 .text.DSPI_GetInstance
                0x00003094       0x58 ./drivers/fsl_dspi.o
                0x00003094                DSPI_GetInstance
 .text.DSPI_SetDummyData
                0x000030ec       0x28 ./drivers/fsl_dspi.o
                0x000030ec                DSPI_SetDummyData
 .text.DSPI_MasterInit
                0x00003114      0x188 ./drivers/fsl_dspi.o
                0x00003114                DSPI_MasterInit
 .text.DSPI_MasterGetDefaultConfig
                0x0000329c       0x94 ./drivers/fsl_dspi.o
                0x0000329c                DSPI_MasterGetDefaultConfig
 .text.DSPI_SetOnePcsPolarity
                0x00003330       0x4c ./drivers/fsl_dspi.o
 .text.DSPI_MasterSetBaudRate
                0x0000337c      0x120 ./drivers/fsl_dspi.o
                0x0000337c                DSPI_MasterSetBaudRate
 .text.DSPI_MasterSetDelayScaler
                0x0000349c       0xd0 ./drivers/fsl_dspi.o
                0x0000349c                DSPI_MasterSetDelayScaler
 .text.DSPI_MasterSetDelayTimes
                0x0000356c      0x12c ./drivers/fsl_dspi.o
                0x0000356c                DSPI_MasterSetDelayTimes
 .text.DSPI_MasterTransferBlocking
                0x00003698      0x488 ./drivers/fsl_dspi.o
                0x00003698                DSPI_MasterTransferBlocking
 .text.DSPI_CommonIRQHandler
                0x00003b20       0x40 ./drivers/fsl_dspi.o
 .text.SPI0_DriverIRQHandler
                0x00003b60       0x3c ./drivers/fsl_dspi.o
                0x00003b60                SPI0_DriverIRQHandler
 .text.SPI1_DriverIRQHandler
                0x00003b9c       0x3c ./drivers/fsl_dspi.o
                0x00003b9c                SPI1_DriverIRQHandler
 .text.SPI2_DriverIRQHandler
                0x00003bd8       0x3c ./drivers/fsl_dspi.o
                0x00003bd8                SPI2_DriverIRQHandler
 .text.EDMA_HandleIRQ
                0x00003c14      0x15c ./drivers/fsl_edma.o
                0x00003c14                EDMA_HandleIRQ
 .text.DMA0_DriverIRQHandler
                0x00003d70       0x18 ./drivers/fsl_edma.o
                0x00003d70                DMA0_DriverIRQHandler
 .text.DMA1_DriverIRQHandler
                0x00003d88       0x18 ./drivers/fsl_edma.o
                0x00003d88                DMA1_DriverIRQHandler
 .text.DMA2_DriverIRQHandler
                0x00003da0       0x18 ./drivers/fsl_edma.o
                0x00003da0                DMA2_DriverIRQHandler
 .text.DMA3_DriverIRQHandler
                0x00003db8       0x18 ./drivers/fsl_edma.o
                0x00003db8                DMA3_DriverIRQHandler
 .text.DMA4_DriverIRQHandler
                0x00003dd0       0x18 ./drivers/fsl_edma.o
                0x00003dd0                DMA4_DriverIRQHandler
 .text.DMA5_DriverIRQHandler
                0x00003de8       0x18 ./drivers/fsl_edma.o
                0x00003de8                DMA5_DriverIRQHandler
 .text.DMA6_DriverIRQHandler
                0x00003e00       0x18 ./drivers/fsl_edma.o
                0x00003e00                DMA6_DriverIRQHandler
 .text.DMA7_DriverIRQHandler
                0x00003e18       0x18 ./drivers/fsl_edma.o
                0x00003e18                DMA7_DriverIRQHandler
 .text.DMA8_DriverIRQHandler
                0x00003e30       0x18 ./drivers/fsl_edma.o
                0x00003e30                DMA8_DriverIRQHandler
 .text.DMA9_DriverIRQHandler
                0x00003e48       0x18 ./drivers/fsl_edma.o
                0x00003e48                DMA9_DriverIRQHandler
 .text.DMA10_DriverIRQHandler
                0x00003e60       0x18 ./drivers/fsl_edma.o
                0x00003e60                DMA10_DriverIRQHandler
 .text.DMA11_DriverIRQHandler
                0x00003e78       0x18 ./drivers/fsl_edma.o
                0x00003e78                DMA11_DriverIRQHandler
 .text.DMA12_DriverIRQHandler
                0x00003e90       0x18 ./drivers/fsl_edma.o
                0x00003e90                DMA12_DriverIRQHandler
 .text.DMA13_DriverIRQHandler
                0x00003ea8       0x18 ./drivers/fsl_edma.o
                0x00003ea8                DMA13_DriverIRQHandler
 .text.DMA14_DriverIRQHandler
                0x00003ec0       0x18 ./drivers/fsl_edma.o
                0x00003ec0                DMA14_DriverIRQHandler
 .text.DMA15_DriverIRQHandler
                0x00003ed8       0x18 ./drivers/fsl_edma.o
                0x00003ed8                DMA15_DriverIRQHandler
 .text.CLOCK_EnableClock
                0x00003ef0       0x34 ./drivers/fsl_flexbus.o
 .text.FLEXBUS_GetInstance
                0x00003f24       0x50 ./drivers/fsl_flexbus.o
 .text.FLEXBUS_Init
                0x00003f74      0x20c ./drivers/fsl_flexbus.o
                0x00003f74                FLEXBUS_Init
 .text.FLEXBUS_GetDefaultConfig
                0x00004180       0x80 ./drivers/fsl_flexbus.o
                0x00004180                FLEXBUS_GetDefaultConfig
 .text.CAN0_DriverIRQHandler
                0x00004200       0x48 ./drivers/fsl_flexcan.o
                0x00004200                CAN0_DriverIRQHandler
 .text.GPIO_PinWrite
                0x00004248       0x34 ./drivers/fsl_gpio.o
 .text.GPIO_WritePinOutput
                0x0000427c       0x20 ./drivers/fsl_gpio.o
 .text.GPIO_PinInit
                0x0000429c       0x70 ./drivers/fsl_gpio.o
                0x0000429c                GPIO_PinInit
 .text.CLOCK_EnableClock
                0x0000430c       0x34 ./drivers/fsl_i2c.o
 .text.I2C_MasterClearStatusFlags
                0x00004340       0x58 ./drivers/fsl_i2c.o
 .text.I2C_GetInstance
                0x00004398       0x58 ./drivers/fsl_i2c.o
                0x00004398                I2C_GetInstance
 .text.I2C_CheckAndClearError
                0x000043f0       0x44 ./drivers/fsl_i2c.o
 .text.I2C_TransferCommonIRQHandler
                0x00004434       0x50 ./drivers/fsl_i2c.o
 .text.I2C_MasterInit
                0x00004484       0xe8 ./drivers/fsl_i2c.o
                0x00004484                I2C_MasterInit
 .text.I2C_MasterGetDefaultConfig
                0x0000456c       0x4c ./drivers/fsl_i2c.o
                0x0000456c                I2C_MasterGetDefaultConfig
 .text.I2C_MasterSetBaudRate
                0x000045b8       0xd8 ./drivers/fsl_i2c.o
                0x000045b8                I2C_MasterSetBaudRate
 .text.I2C_MasterStart
                0x00004690       0x64 ./drivers/fsl_i2c.o
                0x00004690                I2C_MasterStart
 .text.I2C_MasterRepeatedStart
                0x000046f4       0x9c ./drivers/fsl_i2c.o
                0x000046f4                I2C_MasterRepeatedStart
 .text.I2C_MasterStop
                0x00004790       0x3c ./drivers/fsl_i2c.o
                0x00004790                I2C_MasterStop
 .text.I2C_MasterGetStatusFlags
                0x000047cc       0x4c ./drivers/fsl_i2c.o
                0x000047cc                I2C_MasterGetStatusFlags
 .text.I2C_MasterWriteBlocking
                0x00004818       0xdc ./drivers/fsl_i2c.o
                0x00004818                I2C_MasterWriteBlocking
 .text.I2C_MasterReadBlocking
                0x000048f4       0xe0 ./drivers/fsl_i2c.o
                0x000048f4                I2C_MasterReadBlocking
 .text.I2C_MasterTransferBlocking
                0x000049d4      0x230 ./drivers/fsl_i2c.o
                0x000049d4                I2C_MasterTransferBlocking
 .text.I2C0_DriverIRQHandler
                0x00004c04       0x1c ./drivers/fsl_i2c.o
                0x00004c04                I2C0_DriverIRQHandler
 .text.I2C1_DriverIRQHandler
                0x00004c20       0x1c ./drivers/fsl_i2c.o
                0x00004c20                I2C1_DriverIRQHandler
 .text.I2C2_DriverIRQHandler
                0x00004c3c       0x1c ./drivers/fsl_i2c.o
                0x00004c3c                I2C2_DriverIRQHandler
 .text.SDHC_DriverIRQHandler
                0x00004c58       0x48 ./drivers/fsl_sdhc.o
                0x00004c58                SDHC_DriverIRQHandler
 .text.CLOCK_EnableClock
                0x00004ca0       0x34 ./drivers/fsl_uart.o
 .text.UART_GetInstance
                0x00004cd4       0x60 ./drivers/fsl_uart.o
                0x00004cd4                UART_GetInstance
 .text.UART_Init
                0x00004d34      0x2fc ./drivers/fsl_uart.o
                0x00004d34                UART_Init
 .text.UART_GetDefaultConfig
                0x00005030       0x68 ./drivers/fsl_uart.o
                0x00005030                UART_GetDefaultConfig
 .text.UART_GetStatusFlags
                0x00005098       0x48 ./drivers/fsl_uart.o
                0x00005098                UART_GetStatusFlags
 .text.UART_WriteBlocking
                0x000050e0       0x40 ./drivers/fsl_uart.o
                0x000050e0                UART_WriteBlocking
 .text.UART_ReadBlocking
                0x00005120       0xa4 ./drivers/fsl_uart.o
                0x00005120                UART_ReadBlocking
 .text.UART0_DriverIRQHandler
                0x000051c4       0x24 ./drivers/fsl_uart.o
                0x000051c4                UART0_DriverIRQHandler
 .text.UART0_RX_TX_DriverIRQHandler
                0x000051e8       0x10 ./drivers/fsl_uart.o
                0x000051e8                UART0_RX_TX_DriverIRQHandler
 .text.UART1_DriverIRQHandler
                0x000051f8       0x24 ./drivers/fsl_uart.o
                0x000051f8                UART1_DriverIRQHandler
 .text.UART1_RX_TX_DriverIRQHandler
                0x0000521c       0x10 ./drivers/fsl_uart.o
                0x0000521c                UART1_RX_TX_DriverIRQHandler
 .text.UART2_DriverIRQHandler
                0x0000522c       0x24 ./drivers/fsl_uart.o
                0x0000522c                UART2_DriverIRQHandler
 .text.UART2_RX_TX_DriverIRQHandler
                0x00005250       0x10 ./drivers/fsl_uart.o
                0x00005250                UART2_RX_TX_DriverIRQHandler
 .text.UART3_DriverIRQHandler
                0x00005260       0x24 ./drivers/fsl_uart.o
                0x00005260                UART3_DriverIRQHandler
 .text.UART3_RX_TX_DriverIRQHandler
                0x00005284       0x10 ./drivers/fsl_uart.o
                0x00005284                UART3_RX_TX_DriverIRQHandler
 .text.UART4_DriverIRQHandler
                0x00005294       0x24 ./drivers/fsl_uart.o
                0x00005294                UART4_DriverIRQHandler
 .text.UART4_RX_TX_DriverIRQHandler
                0x000052b8       0x10 ./drivers/fsl_uart.o
                0x000052b8                UART4_RX_TX_DriverIRQHandler
 .text.UART5_DriverIRQHandler
                0x000052c8       0x24 ./drivers/fsl_uart.o
                0x000052c8                UART5_DriverIRQHandler
 .text.UART5_RX_TX_DriverIRQHandler
                0x000052ec       0x10 ./drivers/fsl_uart.o
                0x000052ec                UART5_RX_TX_DriverIRQHandler
 .text.BOARD_InitDebugConsole
                0x000052fc       0x24 ./board/board.o
                0x000052fc                BOARD_InitDebugConsole
 .text.CLOCK_SetSimSafeDivs
                0x00005320       0x20 ./board/clock_config.o
 .text.CLOCK_CONFIG_FllStableDelay
                0x00005340       0x24 ./board/clock_config.o
 .text.BOARD_BootClockRUN
                0x00005364       0x44 ./board/clock_config.o
                0x00005364                BOARD_BootClockRUN
 .text.CLOCK_EnableClock
                0x000053a8       0x34 ./board/pin_mux.o
 .text.PORT_SetPinMux
                0x000053dc       0x38 ./board/pin_mux.o
 .text.GPIO_PinWrite
                0x00005414       0x34 ./board/pin_mux.o
 .text.BOARD_InitPins
                0x00005448      0x328 ./board/pin_mux.o
                0x00005448                BOARD_InitPins
 .text.SystemInit
                0x00005770       0x3c ./CMSIS/system_MK22FA12.o
                0x00005770                SystemInit
 .text.sqrt     0x000057ac       0xbc /opt/Freescale/KDS_v3/toolchain/bin/../lib/gcc/arm-none-eabi/4.8.4/../../../../arm-none-eabi/lib/armv7e-m/fpu/libm.a(lib_a-w_sqrt.o)
                0x000057ac                sqrt
 .text.__ieee754_sqrt
                0x00005868      0x198 /opt/Freescale/KDS_v3/toolchain/bin/../lib/gcc/arm-none-eabi/4.8.4/../../../../arm-none-eabi/lib/armv7e-m/fpu/libm.a(lib_a-e_sqrt.o)
                0x00005868                __ieee754_sqrt
 .text.__fpclassifyd
                0x00005a00       0x54 /opt/Freescale/KDS_v3/toolchain/bin/../lib/gcc/arm-none-eabi/4.8.4/../../../../arm-none-eabi/lib/armv7e-m/fpu/libm.a(lib_a-s_fpclassify.o)
                0x00005a00                __fpclassifyd
 .text.matherr  0x00005a54        0x4 /opt/Freescale/KDS_v3/toolchain/bin/../lib/gcc/arm-none-eabi/4.8.4/../../../../arm-none-eabi/lib/armv7e-m/fpu/libm.a(lib_a-s_matherr.o)
                0x00005a54                matherr
 .text.__errno  0x00005a58        0xc /opt/Freescale/KDS_v3/toolchain/bin/../lib/gcc/arm-none-eabi/4.8.4/../../../../arm-none-eabi/lib/armv7e-m/fpu/libg_s.a(lib_a-errno.o)
                0x00005a58                __errno
 .text.exit     0x00005a64       0x28 /opt/Freescale/KDS_v3/toolchain/bin/../lib/gcc/arm-none-eabi/4.8.4/../../../../arm-none-eabi/lib/armv7e-m/fpu/libg_s.a(lib_a-exit.o)
                0x00005a64                exit
 .text.getchar  0x00005a8c       0x24 /opt/Freescale/KDS_v3/toolchain/bin/../lib/gcc/arm-none-eabi/4.8.4/../../../../arm-none-eabi/lib/armv7e-m/fpu/libg_s.a(lib_a-getchar.o)
                0x00005a8c                getchar
 .text.__libc_init_array
                0x00005ab0       0x4c /opt/Freescale/KDS_v3/toolchain/bin/../lib/gcc/arm-none-eabi/4.8.4/../../../../arm-none-eabi/lib/armv7e-m/fpu/libg_s.a(lib_a-init.o)
                0x00005ab0                __libc_init_array
 .text.memset   0x00005afc       0x10 /opt/Freescale/KDS_v3/toolchain/bin/../lib/gcc/arm-none-eabi/4.8.4/../../../../arm-none-eabi/lib/armv7e-m/fpu/libg_s.a(lib_a-memset.o)
                0x00005afc                memset
 .text.printf   0x00005b0c       0x30 /opt/Freescale/KDS_v3/toolchain/bin/../lib/gcc/arm-none-eabi/4.8.4/../../../../arm-none-eabi/lib/armv7e-m/fpu/libg_s.a(lib_a-printf.o)
                0x00005b0c                printf
                0x00005b0c                iprintf
 .text._puts_r  0x00005b3c       0xc0 /opt/Freescale/KDS_v3/toolchain/bin/../lib/gcc/arm-none-eabi/4.8.4/../../../../arm-none-eabi/lib/armv7e-m/fpu/libg_s.a(lib_a-puts.o)
                0x00005b3c                _puts_r
 .text.puts     0x00005bfc       0x10 /opt/Freescale/KDS_v3/toolchain/bin/../lib/gcc/arm-none-eabi/4.8.4/../../../../arm-none-eabi/lib/armv7e-m/fpu/libg_s.a(lib_a-puts.o)
                0x00005bfc                puts
 .text.strlen   0x00005c0c       0x10 /opt/Freescale/KDS_v3/toolchain/bin/../lib/gcc/arm-none-eabi/4.8.4/../../../../arm-none-eabi/lib/armv7e-m/fpu/libg_s.a(lib_a-strlen.o)
                0x00005c0c                strlen
 .text.__sfputc_r
                0x00005c1c       0x2c /opt/Freescale/KDS_v3/toolchain/bin/../lib/gcc/arm-none-eabi/4.8.4/../../../../arm-none-eabi/lib/armv7e-m/fpu/libg_s.a(lib_a-vfprintf.o)
 .text.__sfputs_r
                0x00005c48       0x24 /opt/Freescale/KDS_v3/toolchain/bin/../lib/gcc/arm-none-eabi/4.8.4/../../../../arm-none-eabi/lib/armv7e-m/fpu/libg_s.a(lib_a-vfprintf.o)
                0x00005c48                __sfputs_r
 .text._vfprintf_r
                0x00005c6c      0x208 /opt/Freescale/KDS_v3/toolchain/bin/../lib/gcc/arm-none-eabi/4.8.4/../../../../arm-none-eabi/lib/armv7e-m/fpu/libg_s.a(lib_a-vfprintf.o)
                0x00005c6c                _vfiprintf_r
                0x00005c6c                _vfprintf_r
 .text._printf_common
                0x00005e74       0xe4 /opt/Freescale/KDS_v3/toolchain/bin/../lib/gcc/arm-none-eabi/4.8.4/../../../../arm-none-eabi/lib/armv7e-m/fpu/libg_s.a(lib_a-vfprintf_i.o)
                0x00005e74                _printf_common
 .text._printf_i
                0x00005f58      0x228 /opt/Freescale/KDS_v3/toolchain/bin/../lib/gcc/arm-none-eabi/4.8.4/../../../../arm-none-eabi/lib/armv7e-m/fpu/libg_s.a(lib_a-vfprintf_i.o)
                0x00005f58                _printf_i
 .text.__swbuf_r
                0x00006180       0xa8 /opt/Freescale/KDS_v3/toolchain/bin/../lib/gcc/arm-none-eabi/4.8.4/../../../../arm-none-eabi/lib/armv7e-m/fpu/libg_s.a(lib_a-wbuf.o)
                0x00006180                __swbuf_r
 .text.__swsetup_r
                0x00006228       0xdc /opt/Freescale/KDS_v3/toolchain/bin/../lib/gcc/arm-none-eabi/4.8.4/../../../../arm-none-eabi/lib/armv7e-m/fpu/libg_s.a(lib_a-wsetup.o)
                0x00006228                __swsetup_r
 .text.__sflush_r
                0x00006304      0x106 /opt/Freescale/KDS_v3/toolchain/bin/../lib/gcc/arm-none-eabi/4.8.4/../../../../arm-none-eabi/lib/armv7e-m/fpu/libg_s.a(lib_a-fflush.o)
                0x00006304                __sflush_r
 *fill*         0x0000640a        0x2 
 .text._fflush_r
                0x0000640c       0x54 /opt/Freescale/KDS_v3/toolchain/bin/../lib/gcc/arm-none-eabi/4.8.4/../../../../arm-none-eabi/lib/armv7e-m/fpu/libg_s.a(lib_a-fflush.o)
                0x0000640c                _fflush_r
 .text.fflush   0x00006460       0x24 /opt/Freescale/KDS_v3/toolchain/bin/../lib/gcc/arm-none-eabi/4.8.4/../../../../arm-none-eabi/lib/armv7e-m/fpu/libg_s.a(lib_a-fflush.o)
                0x00006460                fflush
 .text._cleanup_r
                0x00006484       0x32 /opt/Freescale/KDS_v3/toolchain/bin/../lib/gcc/arm-none-eabi/4.8.4/../../../../arm-none-eabi/lib/armv7e-m/fpu/libg_s.a(lib_a-findfp.o)
                0x00006484                _cleanup_r
 *fill*         0x000064b6        0x2 
 .text.std.isra.0
                0x000064b8       0x48 /opt/Freescale/KDS_v3/toolchain/bin/../lib/gcc/arm-none-eabi/4.8.4/../../../../arm-none-eabi/lib/armv7e-m/fpu/libg_s.a(lib_a-findfp.o)
 .text.__sfmoreglue
                0x00006500       0x2c /opt/Freescale/KDS_v3/toolchain/bin/../lib/gcc/arm-none-eabi/4.8.4/../../../../arm-none-eabi/lib/armv7e-m/fpu/libg_s.a(lib_a-findfp.o)
                0x00006500                __sfmoreglue
 .text.__sinit  0x0000652c       0x60 /opt/Freescale/KDS_v3/toolchain/bin/../lib/gcc/arm-none-eabi/4.8.4/../../../../arm-none-eabi/lib/armv7e-m/fpu/libg_s.a(lib_a-findfp.o)
                0x0000652c                __sinit
 .text.__sfp    0x0000658c       0x74 /opt/Freescale/KDS_v3/toolchain/bin/../lib/gcc/arm-none-eabi/4.8.4/../../../../arm-none-eabi/lib/armv7e-m/fpu/libg_s.a(lib_a-findfp.o)
                0x0000658c                __sfp
 .text._fwalk   0x00006600       0x38 /opt/Freescale/KDS_v3/toolchain/bin/../lib/gcc/arm-none-eabi/4.8.4/../../../../arm-none-eabi/lib/armv7e-m/fpu/libg_s.a(lib_a-fwalk.o)
                0x00006600                _fwalk
 .text._fwalk_reent
                0x00006638       0x3c /opt/Freescale/KDS_v3/toolchain/bin/../lib/gcc/arm-none-eabi/4.8.4/../../../../arm-none-eabi/lib/armv7e-m/fpu/libg_s.a(lib_a-fwalk.o)
                0x00006638                _fwalk_reent
 .text._getc_r  0x00006674       0x58 /opt/Freescale/KDS_v3/toolchain/bin/../lib/gcc/arm-none-eabi/4.8.4/../../../../arm-none-eabi/lib/armv7e-m/fpu/libg_s.a(lib_a-getc.o)
                0x00006674                _getc_r
 .text.__smakebuf_r
                0x000066cc       0x9c /opt/Freescale/KDS_v3/toolchain/bin/../lib/gcc/arm-none-eabi/4.8.4/../../../../arm-none-eabi/lib/armv7e-m/fpu/libg_s.a(lib_a-makebuf.o)
                0x000066cc                __smakebuf_r
 .text.memchr   0x00006768       0x1e /opt/Freescale/KDS_v3/toolchain/bin/../lib/gcc/arm-none-eabi/4.8.4/../../../../arm-none-eabi/lib/armv7e-m/fpu/libg_s.a(lib_a-memchr-stub.o)
                0x00006768                memchr
 *fill*         0x00006786        0x2 
 .text._free_r  0x00006788       0x88 /opt/Freescale/KDS_v3/toolchain/bin/../lib/gcc/arm-none-eabi/4.8.4/../../../../arm-none-eabi/lib/armv7e-m/fpu/libg_s.a(lib_a-nano-freer.o)
                0x00006788                _free_r
 .text._malloc_r
                0x00006810       0xa8 /opt/Freescale/KDS_v3/toolchain/bin/../lib/gcc/arm-none-eabi/4.8.4/../../../../arm-none-eabi/lib/armv7e-m/fpu/libg_s.a(lib_a-nano-mallocr.o)
                0x00006810                _malloc_r
 .text.__srget_r
                0x000068b8       0x58 /opt/Freescale/KDS_v3/toolchain/bin/../lib/gcc/arm-none-eabi/4.8.4/../../../../arm-none-eabi/lib/armv7e-m/fpu/libg_s.a(lib_a-rget.o)
                0x000068b8                __srget_r
 .text._sbrk_r  0x00006910       0x20 /opt/Freescale/KDS_v3/toolchain/bin/../lib/gcc/arm-none-eabi/4.8.4/../../../../arm-none-eabi/lib/armv7e-m/fpu/libg_s.a(lib_a-sbrkr.o)
                0x00006910                _sbrk_r
 .text.__sread  0x00006930       0x22 /opt/Freescale/KDS_v3/toolchain/bin/../lib/gcc/arm-none-eabi/4.8.4/../../../../arm-none-eabi/lib/armv7e-m/fpu/libg_s.a(lib_a-stdio.o)
                0x00006930                __sread
 .text.__swrite
                0x00006952       0x38 /opt/Freescale/KDS_v3/toolchain/bin/../lib/gcc/arm-none-eabi/4.8.4/../../../../arm-none-eabi/lib/armv7e-m/fpu/libg_s.a(lib_a-stdio.o)
                0x00006952                __swrite
 .text.__sseek  0x0000698a       0x24 /opt/Freescale/KDS_v3/toolchain/bin/../lib/gcc/arm-none-eabi/4.8.4/../../../../arm-none-eabi/lib/armv7e-m/fpu/libg_s.a(lib_a-stdio.o)
                0x0000698a                __sseek
 .text.__sclose
                0x000069ae        0x8 /opt/Freescale/KDS_v3/toolchain/bin/../lib/gcc/arm-none-eabi/4.8.4/../../../../arm-none-eabi/lib/armv7e-m/fpu/libg_s.a(lib_a-stdio.o)
                0x000069ae                __sclose
 *fill*         0x000069b6        0x2 
 .text._write_r
                0x000069b8       0x24 /opt/Freescale/KDS_v3/toolchain/bin/../lib/gcc/arm-none-eabi/4.8.4/../../../../arm-none-eabi/lib/armv7e-m/fpu/libg_s.a(lib_a-writer.o)
                0x000069b8                _write_r
 .text._close_r
                0x000069dc       0x20 /opt/Freescale/KDS_v3/toolchain/bin/../lib/gcc/arm-none-eabi/4.8.4/../../../../arm-none-eabi/lib/armv7e-m/fpu/libg_s.a(lib_a-closer.o)
                0x000069dc                _close_r
 .text._fstat_r
                0x000069fc       0x24 /opt/Freescale/KDS_v3/toolchain/bin/../lib/gcc/arm-none-eabi/4.8.4/../../../../arm-none-eabi/lib/armv7e-m/fpu/libg_s.a(lib_a-fstatr.o)
                0x000069fc                _fstat_r
 .text._isatty_r
                0x00006a20       0x20 /opt/Freescale/KDS_v3/toolchain/bin/../lib/gcc/arm-none-eabi/4.8.4/../../../../arm-none-eabi/lib/armv7e-m/fpu/libg_s.a(lib_a-isattyr.o)
                0x00006a20                _isatty_r
 .text._lseek_r
                0x00006a40       0x24 /opt/Freescale/KDS_v3/toolchain/bin/../lib/gcc/arm-none-eabi/4.8.4/../../../../arm-none-eabi/lib/armv7e-m/fpu/libg_s.a(lib_a-lseekr.o)
                0x00006a40                _lseek_r
 .text._read_r  0x00006a64       0x24 /opt/Freescale/KDS_v3/toolchain/bin/../lib/gcc/arm-none-eabi/4.8.4/../../../../arm-none-eabi/lib/armv7e-m/fpu/libg_s.a(lib_a-readr.o)
                0x00006a64                _read_r
 .text.lflush   0x00006a88       0x12 /opt/Freescale/KDS_v3/toolchain/bin/../lib/gcc/arm-none-eabi/4.8.4/../../../../arm-none-eabi/lib/armv7e-m/fpu/libg_s.a(lib_a-refill.o)
 *fill*         0x00006a9a        0x2 
 .text.__srefill_r
                0x00006a9c      0x10c /opt/Freescale/KDS_v3/toolchain/bin/../lib/gcc/arm-none-eabi/4.8.4/../../../../arm-none-eabi/lib/armv7e-m/fpu/libg_s.a(lib_a-refill.o)
                0x00006a9c                __srefill_r
 .text._close   0x00006ba8       0x10 /opt/Freescale/KDS_v3/toolchain/bin/../lib/gcc/arm-none-eabi/4.8.4/../../../../arm-none-eabi/lib/armv7e-m/fpu/libnosys.a(close.o)
                0x00006ba8                _close
 .text._fstat   0x00006bb8       0x10 /opt/Freescale/KDS_v3/toolchain/bin/../lib/gcc/arm-none-eabi/4.8.4/../../../../arm-none-eabi/lib/armv7e-m/fpu/libnosys.a(fstat.o)
                0x00006bb8                _fstat
 .text._isatty  0x00006bc8       0x10 /opt/Freescale/KDS_v3/toolchain/bin/../lib/gcc/arm-none-eabi/4.8.4/../../../../arm-none-eabi/lib/armv7e-m/fpu/libnosys.a(isatty.o)
                0x00006bc8                _isatty
 .text._lseek   0x00006bd8       0x10 /opt/Freescale/KDS_v3/toolchain/bin/../lib/gcc/arm-none-eabi/4.8.4/../../../../arm-none-eabi/lib/armv7e-m/fpu/libnosys.a(lseek.o)
                0x00006bd8                _lseek
 .text._sbrk    0x00006be8       0x34 /opt/Freescale/KDS_v3/toolchain/bin/../lib/gcc/arm-none-eabi/4.8.4/../../../../arm-none-eabi/lib/armv7e-m/fpu/libnosys.a(sbrk.o)
                0x00006be8                _sbrk
 .text._exit    0x00006c1c        0x4 /opt/Freescale/KDS_v3/toolchain/bin/../lib/gcc/arm-none-eabi/4.8.4/../../../../arm-none-eabi/lib/armv7e-m/fpu/libnosys.a(_exit.o)
                0x00006c1c                _exit
 *(.rodata)
 .rodata        0x00006c20       0x40 ./utilities/fsl_assert.o
 .rodata        0x00006c60       0x50 ./utilities/fsl_debug_console.o
 .rodata        0x00006cb0       0x24 ./utilities/fsl_io.o
 .rodata        0x00006cd4       0x30 ./utilities/fsl_log.o
 .rodata        0x00006d04      0x194 ./source/I2C.o
 .rodata        0x00006e98      0x118 ./source/SPI.o
 .rodata        0x00006fb0       0xd0 ./source/Temperature.o
 .rodata        0x00007080      0x148 ./source/flash.o
 .rodata        0x000071c8      0x34c ./source/main.o
 .rodata        0x00007514       0x6c ./drivers/fsl_adc16.o
 .rodata        0x00007580       0x48 ./drivers/fsl_clock.o
 .rodata        0x000075c8       0xb4 ./drivers/fsl_dspi.o
 .rodata        0x0000767c      0x244 ./drivers/fsl_edma.o
 .rodata        0x000078c0       0x90 ./drivers/fsl_flexbus.o
 .rodata        0x00007950      0x2fc ./drivers/fsl_flexcan.o
 .rodata        0x00007c4c       0x44 ./drivers/fsl_gpio.o
 .rodata        0x00007c90       0xc8 ./drivers/fsl_i2c.o
 .rodata        0x00007d58      0x328 ./drivers/fsl_sdhc.o
 .rodata        0x00008080      0x12c ./drivers/fsl_uart.o
 *(.rodata*)
 .rodata.__func__.7072
                0x000081ac       0x10 ./utilities/fsl_debug_console.o
 .rodata.__func__.6834
                0x000081bc        0x8 ./utilities/fsl_io.o
 .rodata.__func__.6664
                0x000081c4        0xc ./utilities/fsl_log.o
 .rodata.__func__.6674
                0x000081d0       0x10 ./utilities/fsl_log.o
 .rodata.__func__.7013
                0x000081e0       0x20 ./source/Temperature.o
 .rodata.s_adc16Bases
                0x00008200        0x8 ./drivers/fsl_adc16.o
 .rodata.s_adc16Clocks
                0x00008208        0x8 ./drivers/fsl_adc16.o
 .rodata.__func__.6743
                0x00008210       0x14 ./drivers/fsl_adc16.o
 .rodata.__func__.6748
                0x00008224        0xc ./drivers/fsl_adc16.o
 .rodata.__func__.6756
                0x00008230       0x18 ./drivers/fsl_adc16.o
 .rodata.__func__.6799
                0x00008248       0x18 ./drivers/fsl_adc16.o
 .rodata.__func__.6805
                0x00008260       0x1c ./drivers/fsl_adc16.o
 .rodata.__func__.6640
                0x0000827c       0x18 ./drivers/fsl_clock.o
 .rodata.fllFactorTable.6758
                0x00008294       0x10 ./drivers/fsl_clock.o
 .rodata.__func__.6773
                0x000082a4       0x14 ./drivers/fsl_clock.o
 .rodata.s_baudratePrescaler
                0x000082b8       0x10 ./drivers/fsl_dspi.o
 .rodata.s_baudrateScaler
                0x000082c8       0x40 ./drivers/fsl_dspi.o
 .rodata.s_delayPrescaler
                0x00008308       0x10 ./drivers/fsl_dspi.o
 .rodata.s_delayScaler
                0x00008318       0x40 ./drivers/fsl_dspi.o
 .rodata.s_dspiBases
                0x00008358        0xc ./drivers/fsl_dspi.o
 .rodata.s_dspiClock
                0x00008364        0xc ./drivers/fsl_dspi.o
 .rodata.__func__.7021
                0x00008370       0x14 ./drivers/fsl_dspi.o
 .rodata.__func__.7032
                0x00008384       0x10 ./drivers/fsl_dspi.o
 .rodata.__func__.7037
                0x00008394       0x1c ./drivers/fsl_dspi.o
 .rodata.__func__.7169
                0x000083b0       0x1c ./drivers/fsl_dspi.o
 .rodata.__func__.7341
                0x000083cc       0x18 ./drivers/fsl_dspi.o
 .rodata.__func__.7345
                0x000083e4       0x18 ./drivers/fsl_dspi.o
 .rodata.__func__.7349
                0x000083fc       0x18 ./drivers/fsl_dspi.o
 .rodata.__func__.7124
                0x00008414       0x10 ./drivers/fsl_edma.o
 .rodata.__func__.6697
                0x00008424       0x14 ./drivers/fsl_flexbus.o
 .rodata.__func__.6702
                0x00008438       0x10 ./drivers/fsl_flexbus.o
 .rodata.__func__.7189
                0x00008448       0x18 ./drivers/fsl_flexcan.o
 .rodata.__func__.6687
                0x00008460       0x10 ./drivers/fsl_gpio.o
 .rodata.s_i2cDividerTable
                0x00008470       0x80 ./drivers/fsl_i2c.o
 .rodata.s_i2cBases
                0x000084f0        0xc ./drivers/fsl_i2c.o
 .rodata.s_i2cClocks
                0x000084fc        0xc ./drivers/fsl_i2c.o
 .rodata.__func__.6869
                0x00008508       0x10 ./drivers/fsl_i2c.o
 .rodata.__func__.6928
                0x00008518       0x10 ./drivers/fsl_i2c.o
 .rodata.__func__.6936
                0x00008528       0x1c ./drivers/fsl_i2c.o
 .rodata.__func__.7033
                0x00008544       0x1c ./drivers/fsl_i2c.o
 .rodata.__func__.7362
                0x00008560       0x18 ./drivers/fsl_sdhc.o
 .rodata.s_uartBases
                0x00008578       0x18 ./drivers/fsl_uart.o
 .rodata.s_uartClock
                0x00008590       0x18 ./drivers/fsl_uart.o
 .rodata.__func__.6841
                0x000085a8       0x14 ./drivers/fsl_uart.o
 .rodata.__func__.6857
                0x000085bc        0xc ./drivers/fsl_uart.o
 .rodata.__func__.6875
                0x000085c8       0x18 ./drivers/fsl_uart.o
 .rodata.__func__.6935
                0x000085e0       0x14 ./drivers/fsl_uart.o
 .rodata.simConfig_BOARD_BootClockRUN
                0x000085f4        0x8 ./board/clock_config.o
                0x000085f4                simConfig_BOARD_BootClockRUN
 .rodata.str1.4
                0x000085fc        0x8 /opt/Freescale/KDS_v3/toolchain/bin/../lib/gcc/arm-none-eabi/4.8.4/../../../../arm-none-eabi/lib/armv7e-m/fpu/libm.a(lib_a-w_sqrt.o)
 .rodata.str1.1
                0x00008604        0x2 /opt/Freescale/KDS_v3/toolchain/bin/../lib/gcc/arm-none-eabi/4.8.4/../../../../arm-none-eabi/lib/armv7e-m/fpu/libg_s.a(lib_a-impure.o)
 *fill*         0x00008606        0x2 
 .rodata._global_impure_ptr
                0x00008608        0x4 /opt/Freescale/KDS_v3/toolchain/bin/../lib/gcc/arm-none-eabi/4.8.4/../../../../arm-none-eabi/lib/armv7e-m/fpu/libg_s.a(lib_a-impure.o)
                0x00008608                _global_impure_ptr
 .rodata.str1.1
                0x0000860c       0x11 /opt/Freescale/KDS_v3/toolchain/bin/../lib/gcc/arm-none-eabi/4.8.4/../../../../arm-none-eabi/lib/armv7e-m/fpu/libg_s.a(lib_a-vfprintf.o)
 .rodata.str1.1
                0x0000861d       0x22 /opt/Freescale/KDS_v3/toolchain/bin/../lib/gcc/arm-none-eabi/4.8.4/../../../../arm-none-eabi/lib/armv7e-m/fpu/libg_s.a(lib_a-vfprintf_i.o)
 *fill*         0x0000863f        0x1 
 .rodata.__sf_fake_stdin
                0x00008640       0x20 /opt/Freescale/KDS_v3/toolchain/bin/../lib/gcc/arm-none-eabi/4.8.4/../../../../arm-none-eabi/lib/armv7e-m/fpu/libg_s.a(lib_a-findfp.o)
                0x00008640                __sf_fake_stdin
 .rodata.__sf_fake_stdout
                0x00008660       0x20 /opt/Freescale/KDS_v3/toolchain/bin/../lib/gcc/arm-none-eabi/4.8.4/../../../../arm-none-eabi/lib/armv7e-m/fpu/libg_s.a(lib_a-findfp.o)
                0x00008660                __sf_fake_stdout
 .rodata.__sf_fake_stderr
                0x00008680       0x20 /opt/Freescale/KDS_v3/toolchain/bin/../lib/gcc/arm-none-eabi/4.8.4/../../../../arm-none-eabi/lib/armv7e-m/fpu/libg_s.a(lib_a-findfp.o)
                0x00008680                __sf_fake_stderr
 *(.glue_7)
 .glue_7        0x00000000        0x0 linker stubs
 *(.glue_7t)
 .glue_7t       0x00000000        0x0 linker stubs
 *(.eh_frame)
 .eh_frame      0x000086a0        0x0 /opt/Freescale/KDS_v3/toolchain/bin/../lib/gcc/arm-none-eabi/4.8.4/armv7e-m/fpu/crtbegin.o
 *(.init)
 .init          0x000086a0        0x4 /opt/Freescale/KDS_v3/toolchain/bin/../lib/gcc/arm-none-eabi/4.8.4/armv7e-m/fpu/crti.o
                0x000086a0                _init
 .init          0x000086a4        0x8 /opt/Freescale/KDS_v3/toolchain/bin/../lib/gcc/arm-none-eabi/4.8.4/armv7e-m/fpu/crtn.o
 *(.fini)
 .fini          0x000086ac        0x4 /opt/Freescale/KDS_v3/toolchain/bin/../lib/gcc/arm-none-eabi/4.8.4/armv7e-m/fpu/crti.o
                0x000086ac                _fini
 .fini          0x000086b0        0x8 /opt/Freescale/KDS_v3/toolchain/bin/../lib/gcc/arm-none-eabi/4.8.4/armv7e-m/fpu/crtn.o
                0x000086b8                . = ALIGN (0x4)

.vfp11_veneer   0x000086b8        0x0
 .vfp11_veneer  0x00000000        0x0 linker stubs

.v4_bx          0x000086b8        0x0
 .v4_bx         0x00000000        0x0 linker stubs

.iplt           0x000086b8        0x0
 .iplt          0x00000000        0x0 /opt/Freescale/KDS_v3/toolchain/bin/../lib/gcc/arm-none-eabi/4.8.4/armv7e-m/fpu/crtbegin.o

.ARM.extab
 *(.ARM.extab* .gnu.linkonce.armextab.*)

.ARM            0x000086b8        0x8
                0x000086b8                __exidx_start = .
 *(.ARM.exidx*)
 .ARM.exidx     0x000086b8        0x8 /opt/Freescale/KDS_v3/toolchain/bin/../lib/gcc/arm-none-eabi/4.8.4/../../../../arm-none-eabi/lib/armv7e-m/fpu/crt0.o
                0x000086c0                __exidx_end = .

.rel.dyn        0x000086c0        0x0
 .rel.iplt      0x00000000        0x0 /opt/Freescale/KDS_v3/toolchain/bin/../lib/gcc/arm-none-eabi/4.8.4/armv7e-m/fpu/crtbegin.o

.ctors          0x000086c0        0x0
                0x000086c0                __CTOR_LIST__ = .
 *crtbegin.o(.ctors)
 *crtbegin?.o(.ctors)
 *(EXCLUDE_FILE(*crtend.o *crtend?.o) .ctors)
 *(SORT(.ctors.*))
 *(.ctors)
                0x000086c0                __CTOR_END__ = .

.dtors          0x000086c0        0x0
                0x000086c0                __DTOR_LIST__ = .
 *crtbegin.o(.dtors)
 *crtbegin?.o(.dtors)
 *(EXCLUDE_FILE(*crtend.o *crtend?.o) .dtors)
 *(SORT(.dtors.*))
 *(.dtors)
                0x000086c0                __DTOR_END__ = .

.preinit_array  0x000086c0        0x0
                0x000086c0                PROVIDE (__preinit_array_start, .)
 *(.preinit_array*)
                0x000086c0                PROVIDE (__preinit_array_end, .)

.init_array     0x000086c0        0x4
                0x000086c0                PROVIDE (__init_array_start, .)
 *(SORT(.init_array.*))
 *(.init_array*)
 .init_array    0x000086c0        0x4 /opt/Freescale/KDS_v3/toolchain/bin/../lib/gcc/arm-none-eabi/4.8.4/armv7e-m/fpu/crtbegin.o
                0x000086c4                PROVIDE (__init_array_end, .)

.fini_array     0x000086c4        0x4
                0x000086c4                PROVIDE (__fini_array_start, .)
 *(SORT(.fini_array.*))
 *(.fini_array*)
 .fini_array    0x000086c4        0x4 /opt/Freescale/KDS_v3/toolchain/bin/../lib/gcc/arm-none-eabi/4.8.4/armv7e-m/fpu/crtbegin.o
                0x000086c8                PROVIDE (__fini_array_end, .)
                0x000086c8                __etext = .
                0x000086c8                __DATA_ROM = .

.data           0x1fff0000       0x78 load address 0x000086c8
                0x1fff0000                . = ALIGN (0x4)
                0x1fff0000                __DATA_RAM = .
                0x1fff0000                __data_start__ = .
 *(.data)
 *(.data*)
 .data.s_slowIrcFreq
                0x1fff0000        0x4 ./drivers/fsl_clock.o
 .data.s_fastIrcFreq
                0x1fff0004        0x4 ./drivers/fsl_clock.o
 .data.SystemCoreClock
                0x1fff0008        0x4 ./CMSIS/system_MK22FA12.o
                0x1fff0008                SystemCoreClock
 .data.__fdlib_version
                0x1fff000c        0x1 /opt/Freescale/KDS_v3/toolchain/bin/../lib/gcc/arm-none-eabi/4.8.4/../../../../arm-none-eabi/lib/armv7e-m/fpu/libm.a(lib_a-s_lib_ver.o)
                0x1fff000c                __fdlib_version
 *fill*         0x1fff000d        0x3 
 .data.impure_data
                0x1fff0010       0x60 /opt/Freescale/KDS_v3/toolchain/bin/../lib/gcc/arm-none-eabi/4.8.4/../../../../arm-none-eabi/lib/armv7e-m/fpu/libg_s.a(lib_a-impure.o)
 .data._impure_ptr
                0x1fff0070        0x4 /opt/Freescale/KDS_v3/toolchain/bin/../lib/gcc/arm-none-eabi/4.8.4/../../../../arm-none-eabi/lib/armv7e-m/fpu/libg_s.a(lib_a-impure.o)
                0x1fff0070                _impure_ptr
 *(.jcr*)
 .jcr           0x1fff0074        0x0 /opt/Freescale/KDS_v3/toolchain/bin/../lib/gcc/arm-none-eabi/4.8.4/armv7e-m/fpu/crtbegin.o
 .jcr           0x1fff0074        0x4 /opt/Freescale/KDS_v3/toolchain/bin/../lib/gcc/arm-none-eabi/4.8.4/armv7e-m/fpu/crtend.o
                0x1fff0078                . = ALIGN (0x4)
                0x1fff0078                __data_end__ = .
                0x00008740                __DATA_END = (__DATA_ROM + (__data_end__ - __data_start__))
                0x00080000                text_end = (ORIGIN (m_text) + 0x7fbf0)
                0x00000001                ASSERT ((__DATA_END <= text_end), region m_text overflowed with text and data)

.igot.plt       0x1fff0078        0x0 load address 0x00008740
 .igot.plt      0x00000000        0x0 /opt/Freescale/KDS_v3/toolchain/bin/../lib/gcc/arm-none-eabi/4.8.4/armv7e-m/fpu/crtbegin.o

.bss            0x1fff0078      0x1fc load address 0x00008740
                0x1fff0078                . = ALIGN (0x4)
                0x1fff0078                __START_BSS = .
                0x1fff0078                __bss_start__ = .
 *(.bss)
 .bss           0x1fff0078       0x1c /opt/Freescale/KDS_v3/toolchain/bin/../lib/gcc/arm-none-eabi/4.8.4/armv7e-m/fpu/crtbegin.o
 *(.bss*)
 .bss.s_debugConsoleIO
                0x1fff0094        0x8 ./utilities/fsl_io.o
 .bss.ReceiveData
                0x1fff009c        0x8 ./source/I2C.o
 .bss.SendData  0x1fff00a4        0x8 ./source/I2C.o
 .bss.ReceiveData
                0x1fff00ac        0x4 ./source/SPI.o
 .bss.SendData  0x1fff00b0        0x4 ./source/SPI.o
 .bss.TempSensorChannelGroup
                0x1fff00b4        0x4 ./source/Temperature.o
                0x1fff00b4                TempSensorChannelGroup
 .bss.g_dspiHandle
                0x1fff00b8        0xc ./drivers/fsl_dspi.o
 .bss.s_dspiMasterIsr
                0x1fff00c4        0x4 ./drivers/fsl_dspi.o
 .bss.s_dspiSlaveIsr
                0x1fff00c8        0x4 ./drivers/fsl_dspi.o
 .bss.s_dummyData
                0x1fff00cc        0x4 ./drivers/fsl_dspi.o
                0x1fff00cc                s_dummyData
 .bss.s_EDMAHandle
                0x1fff00d0       0x40 ./drivers/fsl_edma.o
 .bss.s_flexcanHandle
                0x1fff0110        0x4 ./drivers/fsl_flexcan.o
 .bss.s_flexcanIsr
                0x1fff0114        0x4 ./drivers/fsl_flexcan.o
 .bss.s_i2cHandle
                0x1fff0118        0xc ./drivers/fsl_i2c.o
 .bss.s_i2cMasterIsr
                0x1fff0124        0x4 ./drivers/fsl_i2c.o
 .bss.s_i2cSlaveIsr
                0x1fff0128        0x4 ./drivers/fsl_i2c.o
 .bss.s_sdhcHandle
                0x1fff012c        0x4 ./drivers/fsl_sdhc.o
 .bss.s_sdhcIsr
                0x1fff0130        0x4 ./drivers/fsl_sdhc.o
 .bss.s_uartHandle
                0x1fff0134       0x18 ./drivers/fsl_uart.o
 .bss.s_uartIsr
                0x1fff014c        0x4 ./drivers/fsl_uart.o
 .bss.__malloc_sbrk_start
                0x1fff0150        0x4 /opt/Freescale/KDS_v3/toolchain/bin/../lib/gcc/arm-none-eabi/4.8.4/../../../../arm-none-eabi/lib/armv7e-m/fpu/libg_s.a(lib_a-nano-mallocr.o)
                0x1fff0150                __malloc_sbrk_start
 .bss.__malloc_free_list
                0x1fff0154        0x4 /opt/Freescale/KDS_v3/toolchain/bin/../lib/gcc/arm-none-eabi/4.8.4/../../../../arm-none-eabi/lib/armv7e-m/fpu/libg_s.a(lib_a-nano-mallocr.o)
                0x1fff0154                __malloc_free_list
 .bss.heap_end.4246
                0x1fff0158        0x4 /opt/Freescale/KDS_v3/toolchain/bin/../lib/gcc/arm-none-eabi/4.8.4/../../../../arm-none-eabi/lib/armv7e-m/fpu/libnosys.a(sbrk.o)
 *(COMMON)
 COMMON         0x1fff015c       0x18 ./source/I2C.o
                0x1fff015c                transfer
 COMMON         0x1fff0174       0xb0 ./source/SPI.o
                0x1fff0174                base
                0x1fff0200                masterConfig
 COMMON         0x1fff0224       0x20 ./source/Temperature.o
                0x1fff0224                TempSensorVoltage
                0x1fff0228                DefaultConfig
                0x1fff0234                ADCFlag
                0x1fff0238                i
                0x1fff023c                TempSensorChannel
 COMMON         0x1fff0244       0x24 ./source/flash.o
                0x1fff0244                MyConfig
                0x1fff0264                ptr1
 COMMON         0x1fff0268        0x8 ./drivers/fsl_clock.o
                0x1fff0268                g_xtal32Freq
                0x1fff026c                g_xtal0Freq
 COMMON         0x1fff0270        0x4 /opt/Freescale/KDS_v3/toolchain/bin/../lib/gcc/arm-none-eabi/4.8.4/../../../../arm-none-eabi/lib/armv7e-m/fpu/libg_s.a(lib_a-reent.o)
                0x1fff0270                errno
                0x1fff0274                . = ALIGN (0x4)
                0x1fff0274                __bss_end__ = .
                0x1fff0274                __END_BSS = .

.heap           0x20000000      0x400
                0x20000000                . = ALIGN (0x8)
                0x20000000                __end__ = .
                0x20000000                PROVIDE (end, .)
                0x20000000                __HeapBase = .
                0x20000400                . = (. + HEAP_SIZE)
 *fill*         0x20000000      0x400 
                0x20000400                __HeapLimit = .
                0x20000400                __heap_limit = .

.stack          0x20000400      0x400
                0x20000400                . = ALIGN (0x8)
                0x20000800                . = (. + STACK_SIZE)
 *fill*         0x20000400      0x400 
                0x20010000                __StackTop = (ORIGIN (m_data_2) + 0x10000)
                0x2000fc00                __StackLimit = (__StackTop - STACK_SIZE)
                0x20010000                PROVIDE (__stack, __StackTop)

.ARM.attributes
                0x00000000       0x30
 *(.ARM.attributes)
 .ARM.attributes
                0x00000000       0x22 /opt/Freescale/KDS_v3/toolchain/bin/../lib/gcc/arm-none-eabi/4.8.4/armv7e-m/fpu/crti.o
 .ARM.attributes
                0x00000022       0x34 /opt/Freescale/KDS_v3/toolchain/bin/../lib/gcc/arm-none-eabi/4.8.4/armv7e-m/fpu/crtbegin.o
 .ARM.attributes
                0x00000056       0x20 /opt/Freescale/KDS_v3/toolchain/bin/../lib/gcc/arm-none-eabi/4.8.4/../../../../arm-none-eabi/lib/armv7e-m/fpu/crt0.o
 .ARM.attributes
                0x00000076       0x39 ./utilities/fsl_assert.o
 .ARM.attributes
                0x000000af       0x39 ./utilities/fsl_debug_console.o
 .ARM.attributes
                0x000000e8       0x39 ./utilities/fsl_io.o
 .ARM.attributes
                0x00000121       0x39 ./utilities/fsl_log.o
 .ARM.attributes
                0x0000015a       0x39 ./utilities/fsl_str.o
 .ARM.attributes
                0x00000193       0x1f ./startup/startup_MK22FA12.o
 .ARM.attributes
                0x000001b2       0x39 ./source/I2C.o
 .ARM.attributes
                0x000001eb       0x39 ./source/SPI.o
 .ARM.attributes
                0x00000224       0x39 ./source/Temperature.o
 .ARM.attributes
                0x0000025d       0x39 ./source/flash.o
 .ARM.attributes
                0x00000296       0x39 ./source/main.o
 .ARM.attributes
                0x000002cf       0x39 ./drivers/fsl_adc16.o
 .ARM.attributes
                0x00000308       0x39 ./drivers/fsl_clock.o
 .ARM.attributes
                0x00000341       0x39 ./drivers/fsl_dspi.o
 .ARM.attributes
                0x0000037a       0x39 ./drivers/fsl_edma.o
 .ARM.attributes
                0x000003b3       0x39 ./drivers/fsl_flexbus.o
 .ARM.attributes
                0x000003ec       0x39 ./drivers/fsl_flexcan.o
 .ARM.attributes
                0x00000425       0x39 ./drivers/fsl_gpio.o
 .ARM.attributes
                0x0000045e       0x39 ./drivers/fsl_i2c.o
 .ARM.attributes
                0x00000497       0x39 ./drivers/fsl_sdhc.o
 .ARM.attributes
                0x000004d0       0x39 ./drivers/fsl_uart.o
 .ARM.attributes
                0x00000509       0x39 ./board/board.o
 .ARM.attributes
                0x00000542       0x39 ./board/clock_config.o
 .ARM.attributes
                0x0000057b       0x39 ./board/pin_mux.o
 .ARM.attributes
                0x000005b4       0x39 ./CMSIS/system_MK22FA12.o
 .ARM.attributes
                0x000005ed       0x34 /opt/Freescale/KDS_v3/toolchain/bin/../lib/gcc/arm-none-eabi/4.8.4/../../../../arm-none-eabi/lib/armv7e-m/fpu/libm.a(lib_a-w_sqrt.o)
 .ARM.attributes
                0x00000621       0x34 /opt/Freescale/KDS_v3/toolchain/bin/../lib/gcc/arm-none-eabi/4.8.4/../../../../arm-none-eabi/lib/armv7e-m/fpu/libm.a(lib_a-e_sqrt.o)
 .ARM.attributes
                0x00000655       0x34 /opt/Freescale/KDS_v3/toolchain/bin/../lib/gcc/arm-none-eabi/4.8.4/../../../../arm-none-eabi/lib/armv7e-m/fpu/libm.a(lib_a-s_fpclassify.o)
 .ARM.attributes
                0x00000689       0x34 /opt/Freescale/KDS_v3/toolchain/bin/../lib/gcc/arm-none-eabi/4.8.4/../../../../arm-none-eabi/lib/armv7e-m/fpu/libm.a(lib_a-s_lib_ver.o)
 .ARM.attributes
                0x000006bd       0x34 /opt/Freescale/KDS_v3/toolchain/bin/../lib/gcc/arm-none-eabi/4.8.4/../../../../arm-none-eabi/lib/armv7e-m/fpu/libm.a(lib_a-s_matherr.o)
 .ARM.attributes
                0x000006f1       0x22 /opt/Freescale/KDS_v3/toolchain/bin/../lib/gcc/arm-none-eabi/4.8.4/armv7e-m/fpu/libgcc.a(_arm_addsubdf3.o)
 .ARM.attributes
                0x00000713       0x22 /opt/Freescale/KDS_v3/toolchain/bin/../lib/gcc/arm-none-eabi/4.8.4/armv7e-m/fpu/libgcc.a(_arm_muldivdf3.o)
 .ARM.attributes
                0x00000735       0x22 /opt/Freescale/KDS_v3/toolchain/bin/../lib/gcc/arm-none-eabi/4.8.4/armv7e-m/fpu/libgcc.a(_arm_cmpdf2.o)
 .ARM.attributes
                0x00000757       0x22 /opt/Freescale/KDS_v3/toolchain/bin/../lib/gcc/arm-none-eabi/4.8.4/armv7e-m/fpu/libgcc.a(_arm_truncdfsf2.o)
 .ARM.attributes
                0x00000779       0x34 /opt/Freescale/KDS_v3/toolchain/bin/../lib/gcc/arm-none-eabi/4.8.4/../../../../arm-none-eabi/lib/armv7e-m/fpu/libg_s.a(lib_a-errno.o)
 .ARM.attributes
                0x000007ad       0x34 /opt/Freescale/KDS_v3/toolchain/bin/../lib/gcc/arm-none-eabi/4.8.4/../../../../arm-none-eabi/lib/armv7e-m/fpu/libg_s.a(lib_a-exit.o)
 .ARM.attributes
                0x000007e1       0x34 /opt/Freescale/KDS_v3/toolchain/bin/../lib/gcc/arm-none-eabi/4.8.4/../../../../arm-none-eabi/lib/armv7e-m/fpu/libg_s.a(lib_a-getchar.o)
 .ARM.attributes
                0x00000815       0x34 /opt/Freescale/KDS_v3/toolchain/bin/../lib/gcc/arm-none-eabi/4.8.4/../../../../arm-none-eabi/lib/armv7e-m/fpu/libg_s.a(lib_a-impure.o)
 .ARM.attributes
                0x00000849       0x34 /opt/Freescale/KDS_v3/toolchain/bin/../lib/gcc/arm-none-eabi/4.8.4/../../../../arm-none-eabi/lib/armv7e-m/fpu/libg_s.a(lib_a-init.o)
 .ARM.attributes
                0x0000087d       0x34 /opt/Freescale/KDS_v3/toolchain/bin/../lib/gcc/arm-none-eabi/4.8.4/../../../../arm-none-eabi/lib/armv7e-m/fpu/libg_s.a(lib_a-memset.o)
 .ARM.attributes
                0x000008b1       0x34 /opt/Freescale/KDS_v3/toolchain/bin/../lib/gcc/arm-none-eabi/4.8.4/../../../../arm-none-eabi/lib/armv7e-m/fpu/libg_s.a(lib_a-printf.o)
 .ARM.attributes
                0x000008e5       0x34 /opt/Freescale/KDS_v3/toolchain/bin/../lib/gcc/arm-none-eabi/4.8.4/../../../../arm-none-eabi/lib/armv7e-m/fpu/libg_s.a(lib_a-puts.o)
 .ARM.attributes
                0x00000919       0x34 /opt/Freescale/KDS_v3/toolchain/bin/../lib/gcc/arm-none-eabi/4.8.4/../../../../arm-none-eabi/lib/armv7e-m/fpu/libg_s.a(lib_a-strlen.o)
 .ARM.attributes
                0x0000094d       0x34 /opt/Freescale/KDS_v3/toolchain/bin/../lib/gcc/arm-none-eabi/4.8.4/../../../../arm-none-eabi/lib/armv7e-m/fpu/libg_s.a(lib_a-vfprintf.o)
 .ARM.attributes
                0x00000981       0x34 /opt/Freescale/KDS_v3/toolchain/bin/../lib/gcc/arm-none-eabi/4.8.4/../../../../arm-none-eabi/lib/armv7e-m/fpu/libg_s.a(lib_a-vfprintf_i.o)
 .ARM.attributes
                0x000009b5       0x34 /opt/Freescale/KDS_v3/toolchain/bin/../lib/gcc/arm-none-eabi/4.8.4/../../../../arm-none-eabi/lib/armv7e-m/fpu/libg_s.a(lib_a-wbuf.o)
 .ARM.attributes
                0x000009e9       0x34 /opt/Freescale/KDS_v3/toolchain/bin/../lib/gcc/arm-none-eabi/4.8.4/../../../../arm-none-eabi/lib/armv7e-m/fpu/libg_s.a(lib_a-wsetup.o)
 .ARM.attributes
                0x00000a1d       0x34 /opt/Freescale/KDS_v3/toolchain/bin/../lib/gcc/arm-none-eabi/4.8.4/../../../../arm-none-eabi/lib/armv7e-m/fpu/libg_s.a(lib_a-fflush.o)
 .ARM.attributes
                0x00000a51       0x34 /opt/Freescale/KDS_v3/toolchain/bin/../lib/gcc/arm-none-eabi/4.8.4/../../../../arm-none-eabi/lib/armv7e-m/fpu/libg_s.a(lib_a-findfp.o)
 .ARM.attributes
                0x00000a85       0x34 /opt/Freescale/KDS_v3/toolchain/bin/../lib/gcc/arm-none-eabi/4.8.4/../../../../arm-none-eabi/lib/armv7e-m/fpu/libg_s.a(lib_a-fwalk.o)
 .ARM.attributes
                0x00000ab9       0x34 /opt/Freescale/KDS_v3/toolchain/bin/../lib/gcc/arm-none-eabi/4.8.4/../../../../arm-none-eabi/lib/armv7e-m/fpu/libg_s.a(lib_a-getc.o)
 .ARM.attributes
                0x00000aed       0x34 /opt/Freescale/KDS_v3/toolchain/bin/../lib/gcc/arm-none-eabi/4.8.4/../../../../arm-none-eabi/lib/armv7e-m/fpu/libg_s.a(lib_a-makebuf.o)
 .ARM.attributes
                0x00000b21       0x34 /opt/Freescale/KDS_v3/toolchain/bin/../lib/gcc/arm-none-eabi/4.8.4/../../../../arm-none-eabi/lib/armv7e-m/fpu/libg_s.a(lib_a-memchr-stub.o)
 .ARM.attributes
                0x00000b55       0x34 /opt/Freescale/KDS_v3/toolchain/bin/../lib/gcc/arm-none-eabi/4.8.4/../../../../arm-none-eabi/lib/armv7e-m/fpu/libg_s.a(lib_a-nano-freer.o)
 .ARM.attributes
                0x00000b89       0x34 /opt/Freescale/KDS_v3/toolchain/bin/../lib/gcc/arm-none-eabi/4.8.4/../../../../arm-none-eabi/lib/armv7e-m/fpu/libg_s.a(lib_a-nano-mallocr.o)
 .ARM.attributes
                0x00000bbd       0x34 /opt/Freescale/KDS_v3/toolchain/bin/../lib/gcc/arm-none-eabi/4.8.4/../../../../arm-none-eabi/lib/armv7e-m/fpu/libg_s.a(lib_a-rget.o)
 .ARM.attributes
                0x00000bf1       0x34 /opt/Freescale/KDS_v3/toolchain/bin/../lib/gcc/arm-none-eabi/4.8.4/../../../../arm-none-eabi/lib/armv7e-m/fpu/libg_s.a(lib_a-sbrkr.o)
 .ARM.attributes
                0x00000c25       0x34 /opt/Freescale/KDS_v3/toolchain/bin/../lib/gcc/arm-none-eabi/4.8.4/../../../../arm-none-eabi/lib/armv7e-m/fpu/libg_s.a(lib_a-stdio.o)
 .ARM.attributes
                0x00000c59       0x34 /opt/Freescale/KDS_v3/toolchain/bin/../lib/gcc/arm-none-eabi/4.8.4/../../../../arm-none-eabi/lib/armv7e-m/fpu/libg_s.a(lib_a-writer.o)
 .ARM.attributes
                0x00000c8d       0x34 /opt/Freescale/KDS_v3/toolchain/bin/../lib/gcc/arm-none-eabi/4.8.4/../../../../arm-none-eabi/lib/armv7e-m/fpu/libg_s.a(lib_a-closer.o)
 .ARM.attributes
                0x00000cc1       0x34 /opt/Freescale/KDS_v3/toolchain/bin/../lib/gcc/arm-none-eabi/4.8.4/../../../../arm-none-eabi/lib/armv7e-m/fpu/libg_s.a(lib_a-fstatr.o)
 .ARM.attributes
                0x00000cf5       0x34 /opt/Freescale/KDS_v3/toolchain/bin/../lib/gcc/arm-none-eabi/4.8.4/../../../../arm-none-eabi/lib/armv7e-m/fpu/libg_s.a(lib_a-isattyr.o)
 .ARM.attributes
                0x00000d29       0x34 /opt/Freescale/KDS_v3/toolchain/bin/../lib/gcc/arm-none-eabi/4.8.4/../../../../arm-none-eabi/lib/armv7e-m/fpu/libg_s.a(lib_a-lseekr.o)
 .ARM.attributes
                0x00000d5d       0x34 /opt/Freescale/KDS_v3/toolchain/bin/../lib/gcc/arm-none-eabi/4.8.4/../../../../arm-none-eabi/lib/armv7e-m/fpu/libg_s.a(lib_a-readr.o)
 .ARM.attributes
                0x00000d91       0x34 /opt/Freescale/KDS_v3/toolchain/bin/../lib/gcc/arm-none-eabi/4.8.4/../../../../arm-none-eabi/lib/armv7e-m/fpu/libg_s.a(lib_a-reent.o)
 .ARM.attributes
                0x00000dc5       0x34 /opt/Freescale/KDS_v3/toolchain/bin/../lib/gcc/arm-none-eabi/4.8.4/../../../../arm-none-eabi/lib/armv7e-m/fpu/libg_s.a(lib_a-refill.o)
 .ARM.attributes
                0x00000df9       0x34 /opt/Freescale/KDS_v3/toolchain/bin/../lib/gcc/arm-none-eabi/4.8.4/../../../../arm-none-eabi/lib/armv7e-m/fpu/libnosys.a(close.o)
 .ARM.attributes
                0x00000e2d       0x34 /opt/Freescale/KDS_v3/toolchain/bin/../lib/gcc/arm-none-eabi/4.8.4/../../../../arm-none-eabi/lib/armv7e-m/fpu/libnosys.a(fstat.o)
 .ARM.attributes
                0x00000e61       0x34 /opt/Freescale/KDS_v3/toolchain/bin/../lib/gcc/arm-none-eabi/4.8.4/../../../../arm-none-eabi/lib/armv7e-m/fpu/libnosys.a(isatty.o)
 .ARM.attributes
                0x00000e95       0x34 /opt/Freescale/KDS_v3/toolchain/bin/../lib/gcc/arm-none-eabi/4.8.4/../../../../arm-none-eabi/lib/armv7e-m/fpu/libnosys.a(lseek.o)
 .ARM.attributes
                0x00000ec9       0x34 /opt/Freescale/KDS_v3/toolchain/bin/../lib/gcc/arm-none-eabi/4.8.4/../../../../arm-none-eabi/lib/armv7e-m/fpu/libnosys.a(sbrk.o)
 .ARM.attributes
                0x00000efd       0x34 /opt/Freescale/KDS_v3/toolchain/bin/../lib/gcc/arm-none-eabi/4.8.4/../../../../arm-none-eabi/lib/armv7e-m/fpu/libnosys.a(_exit.o)
 .ARM.attributes
                0x00000f31       0x34 /opt/Freescale/KDS_v3/toolchain/bin/../lib/gcc/arm-none-eabi/4.8.4/armv7e-m/fpu/crtend.o
 .ARM.attributes
                0x00000f65       0x22 /opt/Freescale/KDS_v3/toolchain/bin/../lib/gcc/arm-none-eabi/4.8.4/armv7e-m/fpu/crtn.o
                0x00000001                ASSERT ((__StackLimit >= __HeapLimit), region m_data_2 overflowed with stack and heap)
OUTPUT(ADCS.elf elf32-littlearm)

.debug_info     0x00000000    0x157fa
 .debug_info    0x00000000      0x12a ./utilities/fsl_assert.o
 .debug_info    0x0000012a      0x41a ./utilities/fsl_debug_console.o
 .debug_info    0x00000544      0x8a2 ./utilities/fsl_io.o
 .debug_info    0x00000de6      0x394 ./utilities/fsl_log.o
 .debug_info    0x0000117a      0x51e ./utilities/fsl_str.o
 .debug_info    0x00001698       0x7d ./startup/startup_MK22FA12.o
 .debug_info    0x00001715      0x740 ./source/I2C.o
 .debug_info    0x00001e55      0x86b ./source/SPI.o
 .debug_info    0x000026c0      0x76e ./source/Temperature.o
 .debug_info    0x00002e2e      0x697 ./source/flash.o
 .debug_info    0x000034c5      0xae4 ./source/main.o
 .debug_info    0x00003fa9      0xda4 ./drivers/fsl_adc16.o
 .debug_info    0x00004d4d     0x1b4d ./drivers/fsl_clock.o
 .debug_info    0x0000689a     0x25c8 ./drivers/fsl_dspi.o
 .debug_info    0x00008e62     0x2341 ./drivers/fsl_edma.o
 .debug_info    0x0000b1a3      0x9c0 ./drivers/fsl_flexbus.o
 .debug_info    0x0000bb63     0x206f ./drivers/fsl_flexcan.o
 .debug_info    0x0000dbd2      0x64b ./drivers/fsl_gpio.o
 .debug_info    0x0000e21d     0x1e00 ./drivers/fsl_i2c.o
 .debug_info    0x0001001d     0x22be ./drivers/fsl_sdhc.o
 .debug_info    0x000122db     0x1c6f ./drivers/fsl_uart.o
 .debug_info    0x00013f4a      0x391 ./board/board.o
 .debug_info    0x000142db      0x7a1 ./board/clock_config.o
 .debug_info    0x00014a7c      0x778 ./board/pin_mux.o
 .debug_info    0x000151f4      0x606 ./CMSIS/system_MK22FA12.o

.debug_abbrev   0x00000000     0x2f58
 .debug_abbrev  0x00000000       0x9c ./utilities/fsl_assert.o
 .debug_abbrev  0x0000009c      0x187 ./utilities/fsl_debug_console.o
 .debug_abbrev  0x00000223      0x1f5 ./utilities/fsl_io.o
 .debug_abbrev  0x00000418      0x173 ./utilities/fsl_log.o
 .debug_abbrev  0x0000058b      0x17e ./utilities/fsl_str.o
 .debug_abbrev  0x00000709       0x14 ./startup/startup_MK22FA12.o
 .debug_abbrev  0x0000071d      0x1ba ./source/I2C.o
 .debug_abbrev  0x000008d7      0x191 ./source/SPI.o
 .debug_abbrev  0x00000a68      0x1aa ./source/Temperature.o
 .debug_abbrev  0x00000c12      0x164 ./source/flash.o
 .debug_abbrev  0x00000d76      0x22a ./source/main.o
 .debug_abbrev  0x00000fa0      0x248 ./drivers/fsl_adc16.o
 .debug_abbrev  0x000011e8      0x2d4 ./drivers/fsl_clock.o
 .debug_abbrev  0x000014bc      0x308 ./drivers/fsl_dspi.o
 .debug_abbrev  0x000017c4      0x376 ./drivers/fsl_edma.o
 .debug_abbrev  0x00001b3a      0x1b1 ./drivers/fsl_flexbus.o
 .debug_abbrev  0x00001ceb      0x2c9 ./drivers/fsl_flexcan.o
 .debug_abbrev  0x00001fb4      0x1ad ./drivers/fsl_gpio.o
 .debug_abbrev  0x00002161      0x320 ./drivers/fsl_i2c.o
 .debug_abbrev  0x00002481      0x291 ./drivers/fsl_sdhc.o
 .debug_abbrev  0x00002712      0x2e1 ./drivers/fsl_uart.o
 .debug_abbrev  0x000029f3      0x100 ./board/board.o
 .debug_abbrev  0x00002af3      0x168 ./board/clock_config.o
 .debug_abbrev  0x00002c5b      0x1e3 ./board/pin_mux.o
 .debug_abbrev  0x00002e3e      0x11a ./CMSIS/system_MK22FA12.o

.debug_aranges  0x00000000     0x1058
 .debug_aranges
                0x00000000       0x20 ./utilities/fsl_assert.o
 .debug_aranges
                0x00000020       0x68 ./utilities/fsl_debug_console.o
 .debug_aranges
                0x00000088       0x48 ./utilities/fsl_io.o
 .debug_aranges
                0x000000d0       0x58 ./utilities/fsl_log.o
 .debug_aranges
                0x00000128       0x38 ./utilities/fsl_str.o
 .debug_aranges
                0x00000160       0x20 ./startup/startup_MK22FA12.o
 .debug_aranges
                0x00000180       0x50 ./source/I2C.o
 .debug_aranges
                0x000001d0       0x30 ./source/SPI.o
 .debug_aranges
                0x00000200       0x28 ./source/Temperature.o
 .debug_aranges
                0x00000228       0x28 ./source/flash.o
 .debug_aranges
                0x00000250       0x60 ./source/main.o
 .debug_aranges
                0x000002b0       0x88 ./drivers/fsl_adc16.o
 .debug_aranges
                0x00000338      0x1e8 ./drivers/fsl_clock.o
 .debug_aranges
                0x00000520      0x1d0 ./drivers/fsl_dspi.o
 .debug_aranges
                0x000006f0      0x210 ./drivers/fsl_edma.o
 .debug_aranges
                0x00000900       0x48 ./drivers/fsl_flexbus.o
 .debug_aranges
                0x00000948      0x180 ./drivers/fsl_flexcan.o
 .debug_aranges
                0x00000ac8       0x48 ./drivers/fsl_gpio.o
 .debug_aranges
                0x00000b10      0x180 ./drivers/fsl_i2c.o
 .debug_aranges
                0x00000c90      0x198 ./drivers/fsl_sdhc.o
 .debug_aranges
                0x00000e28      0x170 ./drivers/fsl_uart.o
 .debug_aranges
                0x00000f98       0x20 ./board/board.o
 .debug_aranges
                0x00000fb8       0x38 ./board/clock_config.o
 .debug_aranges
                0x00000ff0       0x40 ./board/pin_mux.o
 .debug_aranges
                0x00001030       0x28 ./CMSIS/system_MK22FA12.o

.debug_ranges   0x00000000      0xeb8
 .debug_ranges  0x00000000       0x10 ./utilities/fsl_assert.o
 .debug_ranges  0x00000010       0x58 ./utilities/fsl_debug_console.o
 .debug_ranges  0x00000068       0x38 ./utilities/fsl_io.o
 .debug_ranges  0x000000a0       0x48 ./utilities/fsl_log.o
 .debug_ranges  0x000000e8       0x28 ./utilities/fsl_str.o
 .debug_ranges  0x00000110       0x40 ./source/I2C.o
 .debug_ranges  0x00000150       0x20 ./source/SPI.o
 .debug_ranges  0x00000170       0x18 ./source/Temperature.o
 .debug_ranges  0x00000188       0x18 ./source/flash.o
 .debug_ranges  0x000001a0       0x50 ./source/main.o
 .debug_ranges  0x000001f0       0x78 ./drivers/fsl_adc16.o
 .debug_ranges  0x00000268      0x1d8 ./drivers/fsl_clock.o
 .debug_ranges  0x00000440      0x1c0 ./drivers/fsl_dspi.o
 .debug_ranges  0x00000600      0x200 ./drivers/fsl_edma.o
 .debug_ranges  0x00000800       0x38 ./drivers/fsl_flexbus.o
 .debug_ranges  0x00000838      0x170 ./drivers/fsl_flexcan.o
 .debug_ranges  0x000009a8       0x38 ./drivers/fsl_gpio.o
 .debug_ranges  0x000009e0      0x170 ./drivers/fsl_i2c.o
 .debug_ranges  0x00000b50      0x188 ./drivers/fsl_sdhc.o
 .debug_ranges  0x00000cd8      0x160 ./drivers/fsl_uart.o
 .debug_ranges  0x00000e38       0x10 ./board/board.o
 .debug_ranges  0x00000e48       0x28 ./board/clock_config.o
 .debug_ranges  0x00000e70       0x30 ./board/pin_mux.o
 .debug_ranges  0x00000ea0       0x18 ./CMSIS/system_MK22FA12.o

.debug_macro    0x00000000    0x12fcc
 .debug_macro   0x00000000      0x188 ./utilities/fsl_assert.o
 .debug_macro   0x00000188      0x86e ./utilities/fsl_assert.o
 .debug_macro   0x000009f6       0x58 ./utilities/fsl_assert.o
 .debug_macro   0x00000a4e       0x16 ./utilities/fsl_assert.o
 .debug_macro   0x00000a64       0x35 ./utilities/fsl_assert.o
 .debug_macro   0x00000a99       0xa3 ./utilities/fsl_assert.o
 .debug_macro   0x00000b3c       0x16 ./utilities/fsl_assert.o
 .debug_macro   0x00000b52       0x22 ./utilities/fsl_assert.o
 .debug_macro   0x00000b74       0x4a ./utilities/fsl_assert.o
 .debug_macro   0x00000bbe      0x209 ./utilities/fsl_assert.o
 .debug_macro   0x00000dc7      0x166 ./utilities/fsl_assert.o
 .debug_macro   0x00000f2d       0x52 ./utilities/fsl_assert.o
 .debug_macro   0x00000f7f       0x16 ./utilities/fsl_assert.o
 .debug_macro   0x00000f95       0x43 ./utilities/fsl_assert.o
 .debug_macro   0x00000fd8      0x180 ./utilities/fsl_assert.o
 .debug_macro   0x00001158      0x2a6 ./utilities/fsl_assert.o
 .debug_macro   0x000013fe       0x10 ./utilities/fsl_assert.o
 .debug_macro   0x0000140e       0x35 ./utilities/fsl_assert.o
 .debug_macro   0x00001443       0x1f ./utilities/fsl_assert.o
 .debug_macro   0x00001462       0x10 ./utilities/fsl_assert.o
 .debug_macro   0x00001472       0x57 ./utilities/fsl_assert.o
 .debug_macro   0x000014c9       0x1c ./utilities/fsl_assert.o
 .debug_macro   0x000014e5       0x22 ./utilities/fsl_assert.o
 .debug_macro   0x00001507       0xd3 ./utilities/fsl_assert.o
 .debug_macro   0x000015da      0xec1 ./utilities/fsl_assert.o
 .debug_macro   0x0000249b       0x34 ./utilities/fsl_assert.o
 .debug_macro   0x000024cf     0xc39b ./utilities/fsl_assert.o
 .debug_macro   0x0000e86a     0x1423 ./utilities/fsl_assert.o
 .debug_macro   0x0000fc8d       0x46 ./utilities/fsl_assert.o
 .debug_macro   0x0000fcd3      0x141 ./utilities/fsl_assert.o
 .debug_macro   0x0000fe14       0x5f ./utilities/fsl_assert.o
 .debug_macro   0x0000fe73       0x28 ./utilities/fsl_assert.o
 .debug_macro   0x0000fe9b      0x1e2 ./utilities/fsl_debug_console.o
 .debug_macro   0x0001007d       0x58 ./utilities/fsl_debug_console.o
 .debug_macro   0x000100d5       0x16 ./utilities/fsl_debug_console.o
 .debug_macro   0x000100eb      0x10e ./utilities/fsl_debug_console.o
 .debug_macro   0x000101f9       0x7f ./utilities/fsl_debug_console.o
 .debug_macro   0x00010278       0x16 ./utilities/fsl_debug_console.o
 .debug_macro   0x0001028e       0x29 ./utilities/fsl_debug_console.o
 .debug_macro   0x000102b7      0x20f ./utilities/fsl_debug_console.o
 .debug_macro   0x000104c6       0x22 ./utilities/fsl_debug_console.o
 .debug_macro   0x000104e8       0x4a ./utilities/fsl_debug_console.o
 .debug_macro   0x00010532      0x1a1 ./utilities/fsl_io.o
 .debug_macro   0x000106d3       0x10 ./utilities/fsl_io.o
 .debug_macro   0x000106e3      0x1d4 ./utilities/fsl_log.o
 .debug_macro   0x000108b7      0x1dc ./utilities/fsl_str.o
 .debug_macro   0x00010a93      0x1e1 ./utilities/fsl_str.o
 .debug_macro   0x00010c74      0x20b ./source/I2C.o
 .debug_macro   0x00010e7f       0x3a ./source/I2C.o
 .debug_macro   0x00010eb9       0x10 ./source/I2C.o
 .debug_macro   0x00010ec9       0x1c ./source/I2C.o
 .debug_macro   0x00010ee5       0x10 ./source/I2C.o
 .debug_macro   0x00010ef5       0x40 ./source/I2C.o
 .debug_macro   0x00010f35       0x10 ./source/I2C.o
 .debug_macro   0x00010f45      0x1de ./source/SPI.o
 .debug_macro   0x00011123      0x1ce ./source/Temperature.o
 .debug_macro   0x000112f1       0x10 ./source/Temperature.o
 .debug_macro   0x00011301      0x1e4 ./source/flash.o
 .debug_macro   0x000114e5       0x10 ./source/flash.o
 .debug_macro   0x000114f5      0x1ec ./source/main.o
 .debug_macro   0x000116e1       0x40 ./source/main.o
 .debug_macro   0x00011721      0x18f ./drivers/fsl_adc16.o
 .debug_macro   0x000118b0      0x245 ./drivers/fsl_clock.o
 .debug_macro   0x00011af5      0x18e ./drivers/fsl_dspi.o
 .debug_macro   0x00011c83      0x194 ./drivers/fsl_edma.o
 .debug_macro   0x00011e17       0x16 ./drivers/fsl_edma.o
 .debug_macro   0x00011e2d      0x18f ./drivers/fsl_flexbus.o
 .debug_macro   0x00011fbc      0x194 ./drivers/fsl_flexcan.o
 .debug_macro   0x00012150       0xd1 ./drivers/fsl_flexcan.o
 .debug_macro   0x00012221      0x18f ./drivers/fsl_gpio.o
 .debug_macro   0x000123b0      0x18e ./drivers/fsl_i2c.o
 .debug_macro   0x0001253e       0x16 ./drivers/fsl_i2c.o
 .debug_macro   0x00012554      0x1a6 ./drivers/fsl_sdhc.o
 .debug_macro   0x000126fa       0x64 ./drivers/fsl_sdhc.o
 .debug_macro   0x0001275e      0x195 ./drivers/fsl_uart.o
 .debug_macro   0x000128f3      0x1af ./board/board.o
 .debug_macro   0x00012aa2       0x44 ./board/board.o
 .debug_macro   0x00012ae6      0x1b5 ./board/clock_config.o
 .debug_macro   0x00012c9b       0x10 ./board/clock_config.o
 .debug_macro   0x00012cab      0x19a ./board/pin_mux.o
 .debug_macro   0x00012e45       0x10 ./board/pin_mux.o
 .debug_macro   0x00012e55       0x9e ./CMSIS/system_MK22FA12.o
 .debug_macro   0x00012ef3       0xd9 ./CMSIS/system_MK22FA12.o

.debug_line     0x00000000     0x97c3
 .debug_line    0x00000000      0x354 ./utilities/fsl_assert.o
 .debug_line    0x00000354      0x49d ./utilities/fsl_debug_console.o
 .debug_line    0x000007f1      0x40a ./utilities/fsl_io.o
 .debug_line    0x00000bfb      0x435 ./utilities/fsl_log.o
 .debug_line    0x00001030      0x648 ./utilities/fsl_str.o
 .debug_line    0x00001678      0x15c ./startup/startup_MK22FA12.o
 .debug_line    0x000017d4      0x489 ./source/I2C.o
 .debug_line    0x00001c5d      0x488 ./source/SPI.o
 .debug_line    0x000020e5      0x40a ./source/Temperature.o
 .debug_line    0x000024ef      0x40c ./source/flash.o
 .debug_line    0x000028fb      0x565 ./source/main.o
 .debug_line    0x00002e60      0x4d5 ./drivers/fsl_adc16.o
 .debug_line    0x00003335      0xaf1 ./drivers/fsl_clock.o
 .debug_line    0x00003e26      0xc98 ./drivers/fsl_dspi.o
 .debug_line    0x00004abe      0xc5b ./drivers/fsl_edma.o
 .debug_line    0x00005719      0x41a ./drivers/fsl_flexbus.o
 .debug_line    0x00005b33      0xaae ./drivers/fsl_flexcan.o
 .debug_line    0x000065e1      0x3ba ./drivers/fsl_gpio.o
 .debug_line    0x0000699b      0xb22 ./drivers/fsl_i2c.o
 .debug_line    0x000074bd      0xa95 ./drivers/fsl_sdhc.o
 .debug_line    0x00007f52      0xaf8 ./drivers/fsl_uart.o
 .debug_line    0x00008a4a      0x37b ./board/board.o
 .debug_line    0x00008dc5      0x399 ./board/clock_config.o
 .debug_line    0x0000915e      0x3f6 ./board/pin_mux.o
 .debug_line    0x00009554      0x26f ./CMSIS/system_MK22FA12.o

.debug_str      0x00000000    0x783b3
 .debug_str     0x00000000    0x6bbb0 ./utilities/fsl_assert.o
                              0x6bda9 (size before relaxing)
 .debug_str     0x0006bbb0      0x4f2 ./utilities/fsl_debug_console.o
                              0x6c2ff (size before relaxing)
 .debug_str     0x0006c0a2      0xa2d ./utilities/fsl_io.o
                              0x6c960 (size before relaxing)
 .debug_str     0x0006cacf      0x1d8 ./utilities/fsl_log.o
                              0x6c134 (size before relaxing)
 .debug_str     0x0006cca7      0xbc1 ./utilities/fsl_str.o
                              0x6cc84 (size before relaxing)
 .debug_str     0x0006d868      0x576 ./source/I2C.o
                              0x6c8c9 (size before relaxing)
 .debug_str     0x0006ddde      0x64f ./source/SPI.o
                              0x6cce2 (size before relaxing)
 .debug_str     0x0006e42d      0x611 ./source/Temperature.o
                              0x6cb7e (size before relaxing)
 .debug_str     0x0006ea3e      0x7d1 ./source/flash.o
                              0x6cd43 (size before relaxing)
 .debug_str     0x0006f20f      0x127 ./source/main.o
                              0x6cea2 (size before relaxing)
 .debug_str     0x0006f336      0x6b6 ./drivers/fsl_adc16.o
                              0x6cf4c (size before relaxing)
 .debug_str     0x0006f9ec     0x1804 ./drivers/fsl_clock.o
                              0x6de2d (size before relaxing)
 .debug_str     0x000711f0     0x1125 ./drivers/fsl_dspi.o
                              0x6df13 (size before relaxing)
 .debug_str     0x00072315     0x106b ./drivers/fsl_edma.o
                              0x6dbeb (size before relaxing)
 .debug_str     0x00073380       0x8b ./drivers/fsl_flexbus.o
                              0x6cced (size before relaxing)
 .debug_str     0x0007340b     0x1d73 ./drivers/fsl_flexcan.o
                              0x6e900 (size before relaxing)
 .debug_str     0x0007517e       0xe0 ./drivers/fsl_gpio.o
                              0x6c436 (size before relaxing)
 .debug_str     0x0007525e      0xac6 ./drivers/fsl_i2c.o
                              0x6d7cb (size before relaxing)
 .debug_str     0x00075d24     0x18ad ./drivers/fsl_sdhc.o
                              0x6e47c (size before relaxing)
 .debug_str     0x000775d1      0x97d ./drivers/fsl_uart.o
                              0x6d92c (size before relaxing)
 .debug_str     0x00077f4e       0x37 ./board/board.o
                              0x6c098 (size before relaxing)
 .debug_str     0x00077f85      0x18a ./board/clock_config.o
                              0x6c7b7 (size before relaxing)
 .debug_str     0x0007810f      0x195 ./board/pin_mux.o
                              0x6c335 (size before relaxing)
 .debug_str     0x000782a4      0x10f ./CMSIS/system_MK22FA12.o
                              0x68c75 (size before relaxing)

.comment        0x00000000       0x70
 .comment       0x00000000       0x70 ./utilities/fsl_assert.o
                                 0x71 (size before relaxing)
 .comment       0x00000000       0x71 ./utilities/fsl_debug_console.o
 .comment       0x00000000       0x71 ./utilities/fsl_io.o
 .comment       0x00000000       0x71 ./utilities/fsl_log.o
 .comment       0x00000000       0x71 ./utilities/fsl_str.o
 .comment       0x00000000       0x71 ./source/I2C.o
 .comment       0x00000000       0x71 ./source/SPI.o
 .comment       0x00000000       0x71 ./source/Temperature.o
 .comment       0x00000000       0x71 ./source/flash.o
 .comment       0x00000000       0x71 ./source/main.o
 .comment       0x00000000       0x71 ./drivers/fsl_adc16.o
 .comment       0x00000000       0x71 ./drivers/fsl_clock.o
 .comment       0x00000000       0x71 ./drivers/fsl_dspi.o
 .comment       0x00000000       0x71 ./drivers/fsl_edma.o
 .comment       0x00000000       0x71 ./drivers/fsl_flexbus.o
 .comment       0x00000000       0x71 ./drivers/fsl_flexcan.o
 .comment       0x00000000       0x71 ./drivers/fsl_gpio.o
 .comment       0x00000000       0x71 ./drivers/fsl_i2c.o
 .comment       0x00000000       0x71 ./drivers/fsl_sdhc.o
 .comment       0x00000000       0x71 ./drivers/fsl_uart.o
 .comment       0x00000000       0x71 ./board/board.o
 .comment       0x00000000       0x71 ./board/clock_config.o
 .comment       0x00000000       0x71 ./board/pin_mux.o
 .comment       0x00000000       0x71 ./CMSIS/system_MK22FA12.o

.debug_frame    0x00000000     0x4010
 .debug_frame   0x00000000       0x30 ./utilities/fsl_assert.o
 .debug_frame   0x00000030      0x15c ./utilities/fsl_debug_console.o
 .debug_frame   0x0000018c       0xc0 ./utilities/fsl_io.o
 .debug_frame   0x0000024c      0x108 ./utilities/fsl_log.o
 .debug_frame   0x00000354       0x8c ./utilities/fsl_str.o
 .debug_frame   0x000003e0       0xf0 ./source/I2C.o
 .debug_frame   0x000004d0       0x64 ./source/SPI.o
 .debug_frame   0x00000534       0x50 ./source/Temperature.o
 .debug_frame   0x00000584       0x4c ./source/flash.o
 .debug_frame   0x000005d0      0x118 ./source/main.o
 .debug_frame   0x000006e8      0x1b4 ./drivers/fsl_adc16.o
 .debug_frame   0x0000089c      0x6ac ./drivers/fsl_clock.o
 .debug_frame   0x00000f48      0x6a0 ./drivers/fsl_dspi.o
 .debug_frame   0x000015e8      0x774 ./drivers/fsl_edma.o
 .debug_frame   0x00001d5c       0xc4 ./drivers/fsl_flexbus.o
 .debug_frame   0x00001e20      0x570 ./drivers/fsl_flexcan.o
 .debug_frame   0x00002390       0xcc ./drivers/fsl_gpio.o
 .debug_frame   0x0000245c      0x574 ./drivers/fsl_i2c.o
 .debug_frame   0x000029d0      0x5cc ./drivers/fsl_sdhc.o
 .debug_frame   0x00002f9c      0x51c ./drivers/fsl_uart.o
 .debug_frame   0x000034b8       0x30 ./board/board.o
 .debug_frame   0x000034e8       0x7c ./board/clock_config.o
 .debug_frame   0x00003564       0xa0 ./board/pin_mux.o
 .debug_frame   0x00003604       0x44 ./CMSIS/system_MK22FA12.o
 .debug_frame   0x00003648       0x38 /opt/Freescale/KDS_v3/toolchain/bin/../lib/gcc/arm-none-eabi/4.8.4/../../../../arm-none-eabi/lib/armv7e-m/fpu/libm.a(lib_a-w_sqrt.o)